graph_2.csv
round, demand, supply, price, demand-supply
1, 17.180008621798134, 26.249999999999996, 0.09300086217981374, 9.069991378201863
2, 380.9407200676704, 2.441272632220109, 37.942945605724844, 378.4994474354503
3, 25.42293535061217, 52.415557938575205, 35.24368334692854, 26.992622587963034
4, 865.037156943261, 1.081528920339212, 121.63924614922072, 863.9556280229218
5, 255.31417372441558, 3.556919041206725, 146.8149716175416, 251.75725468320886
6, 210.44071343378, 4.237988034524453, 167.43524415746717, 206.20272539925554
7, 183.51370427118883, 4.783742671047753, 185.30824031748128, 178.72996160014108
8, 164.91744854410632, 5.248455259785661, 201.27513964591336, 159.66899328432066
9, 151.04014024045665, 5.657364262071282, 215.8134172437519, 145.38277597838538
10, 140.15599247191906, 6.024770067094831, 229.2265394842343, 134.13122240482423
11, 131.31650243209486, 6.35973871784929, 241.72221585565887, 124.95676371424557
12, 123.94938178237723, 6.66845735987577, 253.45030829790903, 117.28092442250146
13, 117.68532979449228, 6.955375755033793, 264.5233037018549, 110.72995403945848
14, 112.27358033713766, 7.22382266865778, 275.02827946870286, 105.04975766847988
15, 107.53689845302996, 7.476365965340271, 285.03433271747184, 100.0605324876897
16, 103.3458988717826, 7.7150360294047395, 294.5974190017096, 95.63086284237785
17, 99.60356906981953, 7.941471151628166, 303.76362879352877, 91.66209791819136
18, 96.23551696224798, 8.157015874413236, 312.57147890231226, 88.07850108783475
19, 93.18359314615068, 8.362789690581227, 321.0535592478692, 84.82080345556946
20, 90.4015865887873, 8.55973635358976, 329.237744271389, 81.84185023519754
21, 87.85224003579617, 8.748660103443317, 337.14810226462424, 79.10357993235286
22, 85.50513131123046, 8.930252821426976, 344.8055901136046, 76.57487848980348
23, 83.33513797864117, 9.10511474688221, 352.2285924367805, 74.23002323175896
24, 81.3213042713402, 9.273770530011893, 359.43334581091335, 72.04753374132831
25, 79.44599119808632, 9.436681843899098, 366.4342767463321, 70.00930935418722
26, 77.69422969497757, 9.594257416671923, 373.24427397416264, 68.09997227830564
27, 76.0532217985122, 9.74686110101359, 379.8749100439125, 66.3063606974986
28, 74.51195135298421, 9.894818430852684, 386.3366233361257, 64.61713292213153
29, 73.06087688129944, 10.03842199801689, 392.63886882445394, 63.02245488328255
30, 71.69168685685244, 10.177935898400353, 398.79024392029913, 61.51375095845209
31, 70.39710290896866, 10.313599437108149, 404.79859426748516, 60.08350347186051
32, 69.17072023543481, 10.445630238062227, 410.6711032672224, 58.725089997372585
33, 68.00687717586764, 10.574226870953414, 416.41436829771385, 57.43265030491423
34, 66.90054784470125, 10.699571083975968, 422.0344659737864, 56.20097676072528
35, 65.84725315092597, 10.821829712248011, 427.53700831765417, 55.025423438677954
36, 64.84298659225097, 10.941156317630925, 432.92719134511617, 53.90183027462004
37, 63.88415200690905, 11.057692604694394, 438.20983728533764, 52.82645940221465
38, 62.96751106881686, 11.171569649025553, 443.38943142731677, 51.795941419791305
39, 62.09013877218818, 11.282908967362951, 448.47015440779927, 50.80722980482523
40, 61.24938550644703, 11.39182345371706, 453.45591061307226, 49.85756205272997
41, 60.442844597797176, 11.498418201397506, 458.35035325271224, 48.94442639639967
42, 59.66832440936149, 11.602791227462047, 463.1569065709022, 48.06553318189944
43, 58.92382426163476, 11.705034113351655, 467.8787855857305, 47.218790148283105
44, 58.20751356968198, 11.805232573240552, 472.51901368537466, 46.40228099644143
45, 57.51771370099608, 11.90346695980334, 477.08043835949394, 45.614246741192744
46, 56.85288214421183, 11.999812715600429, 481.5657453023551, 44.853069428611406
47, 56.2115986485215, 12.09434077704373, 485.97747108950284, 44.117257871477776
48, 55.59255305016312, 12.187117936876371, 490.31801460083153, 43.40543511328675
49, 54.99453454845546, 12.27820717024325, 494.58964733865275, 42.71632737821221
50, 54.416422231641576, 12.367667928711871, 498.79452276894574, 42.04875430292971
51, 53.85717668391365, 12.455556406000037, 502.9346847967371, 41.401620277913615
52, 53.31583253072225, 12.541925778658163, 507.0120754719435, 40.773906752064086
53, 52.7914918008391, 12.626826424523047, 511.0285420095751, 40.16466537631605
54, 52.28331800145695, 12.71030612139355, 514.9858431975814, 39.5730118800634
55, 51.79053081752268, 12.79241022806627, 518.885655256527, 38.998120589456406
56, 51.31240135902371, 12.87318184960176, 522.7295772074692, 38.439219509421946
57, 50.84824789050991, 12.952661988462326, 526.5191357976739, 37.895585902047586
58, 50.39743198606407, 13.030889682964663, 530.2557900279838, 37.36654230309941
59, 49.95935506051531, 13.107902134319955, 533.9409353206033, 36.85145292619535
60, 49.53345523414325, 13.183734823386047, 537.575907361679, 36.3497204107572
61, 49.11920449363061, 13.258421618127965, 541.1619856492293, 35.86078287550265
62, 48.71610611674129, 13.331994872671272, 544.7003967736364, 35.38411124407001
63, 48.32369233225258, 13.404485518735026, 548.1923174549881, 34.91920681351755
64, 47.941522190159795, 13.475923150145924, 551.6388773589895, 34.46559904001387
65, 47.569179620183874, 13.546336101060046, 555.0411617109019, 34.022843519123825
66, 47.20627165921928, 13.615751518453175, 558.4002137249785, 33.59052014076611
67, 46.85242683062149, 13.684195429382235, 561.7170368651024, 33.168231401239254
68, 46.50729366020023, 13.751692803469632, 564.9925969507755, 32.7556008567306
69, 46.170539315498985, 13.818267611016728, 568.2278241212236, 32.352271704482256
70, 45.841848356438575, 13.883942877112672, 571.4236146691562, 31.957905479325902
71, 45.52092158671374, 13.948740732069218, 574.5808327546207, 31.57218085464452
72, 45.20747499648138, 14.012682458480343, 577.7003120084208, 31.19479253800104
73, 44.90123878788915, 14.075788535177379, 580.782857033692, 30.825450252711768
74, 44.60195647588441, 14.138078678325082, 583.829244813448, 30.463877797559327
75, 44.30938405752708, 14.199571879881525, 586.8402260312125, 30.10981217764556
76, 44.0232892437255, 14.260286443624551, 589.8165263112227, 29.76300280010095
77, 43.74345074792755, 14.320240018929322, 592.7588473841225, 29.423210728998225
78, 43.46965762684576, 14.37944963246532, 595.6678681835606, 29.09020799438044
79, 43.201708668778394, 14.43793171796649, 598.5442458786417, 28.763776950811902
80, 42.93941182551981, 14.495702144214931, 601.3886168467723, 28.44370968130488
81, 42.6825836842378, 14.552776241366786, 604.2015975910593, 28.129807442871012
82, 42.43104897603829, 14.609168825738085, 606.9837856060893, 27.821880150300206
83, 42.18464011824432, 14.664894223158626, 609.7357601955979, 27.51974589508569
84, 41.943196787690944, 14.719966290993145, 612.4580832452676, 27.2232304966978
85, 41.70656552258385, 14.774398438921052, 615.151299953634, 26.932167083662797
86, 41.4745993506901, 14.828203648558642, 617.8159395238471, 26.646395702131457
87, 41.24715744182861, 14.881394492001235, 620.4525158188299, 26.365762949827378
88, 41.02410478280671, 14.933983149356541, 623.0615279821749, 26.090121633450167
89, 40.80531187310978, 14.985981425335137, 625.6434610269523, 25.819330447774643
90, 40.5906544397977, 15.037400764958903, 628.1987863944362, 25.5532536748388
91, 40.38001317019207, 15.088252268443751, 630.727962484611, 25.29176090174832
92, 40.17327346105802, 15.13854670530868, 633.2314351601859, 25.034726755749336
93, 39.97032518309186, 15.188294527759485, 635.7096382257191, 24.782030655332374
94, 39.771062459623586, 15.237505883391925, 638.1629938833423, 24.53355657623166
95, 39.575383458531995, 15.28619062725581, 640.5919131664699, 24.289192831276186
96, 39.3831901964507, 15.334358333318665, 642.9967963527831, 24.048831863132033
97, 39.194388354417086, 15.382018305364898, 645.3780333576883, 23.812370049052188
98, 39.008887104182435, 15.429179587363752, 647.7360041093701, 23.579707516818683
99, 38.82659894446302, 15.47585097333722, 650.0710789064827, 23.350747971125802
100, 38.6474395464669, 15.522041016756845, 652.3836187594537, 23.125398529710054
101, 38.47132760808254, 15.567758039496447, 654.6739757163124, 22.903569568586093
102, 38.29818471616151, 15.61301014036593, 656.942493173892, 22.68517457579558
103, 38.12793521636974, 15.657805203249803, 659.189506175204, 22.47013001311994
104, 37.96050609012148, 15.702150904872333, 661.4153416937289, 22.258355185249144
105, 37.795826838144755, 15.746054722209914, 663.6203189053224, 22.049772115934843
106, 37.63382937026125, 15.789523939569973, 665.8047494483915, 21.84430543069128
107, 37.47444790099172, 15.832565655354344, 667.9689376729552, 21.641882245637376
108, 37.31761885062796, 15.875186788524088, 670.1131808791656, 21.44243206210387
109, 37.16328075143569, 15.917394084781527, 672.237769545831, 21.245886666654165
110, 37.0113741586775, 15.959194122484416, 674.3429875494503, 21.052180036193082
111, 36.86184156616607, 16.000593318306137, 676.4291123742363, 20.861248247859933
112, 36.71462732607773, 16.041597932655087, 678.4964153135786, 20.673029393422645
113, 36.56967757277502, 16.08221407486549, 680.5451616633695, 20.48746349790953
114, 36.426940150403816, 16.12244770817133, 682.5756109075928, 20.304492442232487
115, 36.28636454404582, 16.162304654474163, 684.58801689655, 20.124059889571654
116, 36.147901814222735, 16.201790598915167, 686.5826280180808, 19.946111215307567
117, 36.01150453456051, 16.240911094261097, 688.5596873621107, 19.77059344029941
118, 35.877126732435855, 16.279671565113137, 690.519432878843, 19.597455167322718
119, 35.74472383243754, 16.31807731194739, 692.4620975308919, 19.426646520490152
120, 35.614252602486566, 16.356133514995005, 694.3879094396411, 19.25811908749156
121, 35.485671102468714, 16.39384523796961, 696.297092026091, 19.091825864499103
122, 35.35893863524237, 16.431217431649294, 698.1898641464503, 18.927721203593073
123, 35.234015699893064, 16.468254937319948, 700.0664402227076, 18.765760762573116
124, 35.110863947114076, 16.50496249008641, 701.9270303684103, 18.605901457027667
125, 34.98944613659995, 16.541344722057506, 703.7718405098645, 18.448101414542446
126, 34.8697260963466, 16.57740616541082, 705.6010725029581, 18.292319930935776
127, 34.75166868375797, 16.613151255342544, 707.4149242457996, 18.138517428415426
128, 34.6352397484657, 16.648584332907696, 709.2135897873554, 17.986655415558005
129, 34.52040609677296, 16.683709647755553, 710.9972594322571, 17.836696449017406
130, 34.40713545763982, 16.718531360764935, 712.7661198419446, 17.688604096874883
131, 34.29539645013167, 16.753053546583764, 714.5203541322994, 17.542342903547905
132, 34.185158552256965, 16.787280196077127, 716.2601419679174, 17.397878356179838
133, 34.07639207112498, 16.821215218687705, 717.9856596531612, 17.255176852437273
134, 33.96906811435794, 16.854862444712396, 719.6970802201257, 17.114205669645543
135, 33.86315856269595, 16.888225627498763, 721.3945735136455, 16.974932935197188
136, 33.758636043736175, 16.9213084455646, 723.0783062734627, 16.837327598171576
137, 33.65547390675157, 16.95411450464388, 724.7484422136735, 16.701359402107688
138, 33.5536461985368, 16.98664733966225, 726.4051420995609, 16.566998858874552
139, 33.45312764023272, 17.018910416644843, 728.0485638219196, 16.43421722358788
140, 33.35389360508247, 17.050907134559303, 729.6788624689719, 16.302986470523166
141, 33.255920097075766, 17.08264082709667, 731.2961903959698, 16.173279269979094
142, 33.15918373043945, 17.114114764392532, 732.9006972925745, 16.04506896604692
143, 33.0636617099354, 17.145332154690987, 734.4925302480989, 15.918329555244416
144, 32.96933181192807, 17.176296145953657, 736.0718338146963, 15.793035665974415
145, 32.87617236618697, 17.207009827415867, 737.6387500685735, 15.669162538771104
146, 32.78416223839022, 17.237476231092177, 739.1934186693032, 15.546686007298046
147, 32.69328081329776, 17.26769833323319, 740.7359769173097, 15.42558248006457
148, 32.60350797856417, 17.29767905573557, 742.2665598095925, 15.305828922828596
149, 32.514824109162376, 17.327421267506992, 743.7853000937581, 15.187402841655384
150, 32.42721005239167, 17.35692778578788, 745.2923283204185, 15.07028226660379
151, 32.34064711344384, 17.38620137743152, 746.7877728940198, 14.954445736012325
152, 32.25511704150348, 17.41524476014404, 748.2717601221557, 14.83987228135944
153, 32.17060201635898, 17.44406060368597, 749.744414263423, 14.726541412673008
154, 32.08708463550249, 17.472651531036593, 751.2058575738696, 14.614433104465899
155, 32.00454790169777, 17.501020119522646, 752.6562103520871, 14.503527782175123
156, 31.922975210995943, 17.529168901912556, 754.0955909829954, 14.393806309083388
157, 31.84235034118049, 17.557100367477574, 755.5241159803658, 14.285249973702918
158, 31.762657440623286, 17.584816963020977, 756.941900028126, 14.17784047760231
159, 31.68388101753446, 17.61232109387644, 758.3490560204918, 14.071559923658022
160, 31.60600592959009, 17.639615124876805, 759.7456951009632, 13.966390804713285
161, 31.529017373921675, 17.666701381294153, 761.1319267002259, 13.862315992627522
162, 31.452900877453132, 17.693582149752373, 762.5078585729959, 13.759318727700759
163, 31.37764228757073, 17.72025967911304, 763.8735968338417, 13.657382608457691
164, 31.30322776311273, 17.746736181335642, 765.2292459920194, 13.556491581777088
165, 31.229643765665855, 17.77301383231298, 766.5749089853547, 13.456629933352875
166, 31.156877051156336, 17.799094772682707, 767.9106872132021, 13.357782278473628
167, 31.084914661723765, 17.824981108615663, 769.236680568513, 13.259933553108102
168, 31.013743917866805, 17.85067491258199, 770.5529874690415, 13.163069005284814
169, 30.943352410849748, 17.876178224095618, 771.8597048877168, 13.06717418675413
170, 30.87372799536017, 17.901493050437974, 773.156928382209, 12.972234944922196
171, 30.804858782407663, 17.92662136736154, 774.4447521237137, 12.878237415046122
172, 30.736733132454376, 17.95156511977397, 775.7232689249818, 12.785168012680405
173, 30.669339648768748, 17.976326222403415, 776.9925702676182, 12.693013426365333
174, 30.602667170993485, 18.000906560445618, 778.2527463286731, 12.601760610547867
175, 30.536704768920153, 18.025307990193493, 779.5038860065457, 12.51139677872666
176, 30.471441736462303, 18.049532339649655, 780.7460769462269, 12.421909396812648
177, 30.406867585819725, 18.07358140912248, 781.9794055638966, 12.333286176697246
178, 30.342972041826897, 18.09745697180627, 783.2039570708987, 12.245515070020627
179, 30.279745036478587, 18.121160774346013, 784.4198154971119, 12.158584262132575
180, 30.21717670362633, 18.14469453738718, 785.6270637137359, 12.072482166239148
181, 30.1552573738392, 18.168059956111133, 786.8257834555087, 11.987197417728066
182, 30.093977569423302, 18.191258700756467, 788.0160553423754, 11.902718868666835
183, 30.033327999593944, 18.21429241712691, 789.1979589006221, 11.819035582467034
184, 29.97329955579505, 18.237162727086, 790.371572583493, 11.73613682870905
185, 29.91388330716071, 18.25987122903911, 791.5369737913052, 11.6540120781216
186, 29.855070496113456, 18.282419498403087, 792.6942388910762, 11.572650997710369
187, 29.796852534094967, 18.30480908806404, 793.8434432356793, 11.492043446030927
188, 29.739220997423928, 18.327041528823457, 794.9846611825393, 11.41217946860047
189, 29.682167623277046, 18.349118329833153, 796.1179661118837, 11.333049293443892
190, 29.625684305788724, 18.371040979019302, 797.2434304445607, 11.254643326769422
191, 29.569763092265354, 18.392810943495935, 798.3611256594376, 11.17695214876942
192, 29.514396179510186, 18.41442966996819, 799.4711223103917, 11.099966509541996
193, 29.45957591025514, 18.43589858512561, 800.5734900429046, 11.02367732512953
194, 29.405294769695736, 18.457219096025835, 801.6682976102716, 10.948075673669901
195, 29.351545382125785, 18.478392590468886, 802.7556128894372, 10.8731527916569
196, 29.298320507668436, 18.499420437362424, 803.8355028964678, 10.798900070306011
197, 29.245613039100164, 18.520303987078158, 804.9080338016701, 10.725309052022006
198, 29.193415998765005, 18.541044571799716, 805.9732709443666, 10.652371426965288
199, 29.14172253557554, 18.561643505862143, 807.031278847338, 10.580079029713396
200, 29.090525922098152, 18.582102086083445, 808.0821212309394, 10.508423836014707
201, 29.039819551719646, 18.602421592088163, 809.1258610269025, 10.437397959631483
202, 28.98959693589233, 18.622603286623402, 810.1625603918294, 10.366993649268927
203, 28.939851701455574, 18.64264841586746, 811.1922807203882, 10.297203285588115
204, 28.89057758803071, 18.66255820973121, 812.2150826582182, 10.2280193782995
205, 28.841768445487375, 18.682333882152555, 813.2310261145517, 10.15943456333482
206, 28.793418231478782, 18.701976631384056, 814.2401702745611, 10.091441600094726
207, 28.74552100904385, 18.72148764027392, 815.2425736114382, 10.024033368769928
208, 28.698070944273823, 18.740868076540657, 816.2382938982115, 9.957202867733166
209, 28.651062304041716, 18.760119093041375, 817.2273882193116, 9.89094321100034
210, 28.604489453792254, 18.779241828034102, 818.2099129818874, 9.825247625758152
211, 28.558346855390667, 18.798237405434115, 819.1859239268831, 9.760109449956552
212, 28.512629065028193, 18.81710693506459, 820.1554761398795, 9.695522129963603
213, 28.46733073118301, 18.83585151290159, 821.1186240617077, 9.63147921828142
214, 28.42244659263435, 18.854472221313692, 822.0754214988398, 9.567974371320659
215, 28.377971476528543, 18.87297012929621, 823.025921633563, 9.505001347232334
216, 28.33390029649528, 18.891346292700376, 823.9701770339425, 9.442554003794903
217, 28.290228050812402, 18.909601754457412, 824.908239663578, 9.38062629635499
218, 28.24694982061817, 18.92773754479776, 825.84016089116, 9.319212275820409
219, 28.204060768168972, 18.945754681465544, 826.7659914998304, 9.258306086703428
220, 28.161556135141694, 18.963654169928393, 827.6857816963518, 9.197901965213301
221, 28.119431240979118, 18.981437003582762, 828.5995811200914, 9.137994237396356
