graph_2.csv
round, demand, supply, price, demand-supply
222, 28.077681481276954, 18.999104163954843, 829.5074388518236, 9.078577317322111
223, 28.03630232621161, 19.016656620897194, 830.409403422355, 9.019645705314417
224, 27.995289319007256, 19.03409533278123, 831.3055228209777, 8.961193986226025
225, 27.954638074440993, 19.051421246685592, 832.1958445037532, 8.9032168277554
226, 27.91434427738531, 19.068635298580595, 833.0804154016337, 8.845708978804716
227, 27.874403681386298, 19.0857384135088, 833.9592819284214, 8.788665267877498
228, 27.834812107277003, 19.102731505761835, 834.832489988573, 8.732080601515168
229, 27.795565441824635, 19.119615479053515, 835.7000849848502, 8.67594996277112
230, 27.75665963641081, 19.136391226689437, 836.5621118258223, 8.620268409721373
231, 27.718090705743798, 19.153059631733043, 837.4186149332234, 8.565031074010754
232, 27.679854726601818, 19.16962156716828, 838.2696382491667, 8.510233159433536
233, 27.64194783660669, 19.186077896058997, 839.1152252432215, 8.455869940547693
234, 27.60436623302678, 19.202429471705017, 839.9554189193537, 8.401936761321764
235, 27.567106171608557, 19.218677137795165, 840.790261822735, 8.348429033813392
236, 27.530163965435847, 19.234821728557108, 841.619796046423, 8.295342236878739
237, 27.493535983816045, 19.250864068904256, 842.4440632379142, 8.242671914911789
238, 27.457218651192747, 19.266804974579728, 843.2631046055754, 8.19041367661302
239, 27.42120844608359, 19.28264525229742, 844.076960924954, 8.138563193786169
240, 27.385501900043167, 19.298385699880328, 844.8856725449704, 8.08711620016284
241, 27.35009559664988, 19.314027106396114, 845.6892793939958, 8.036068490253765
242, 27.314986170516377, 19.32957025229001, 846.4878209858184, 7.985415918226366
243, 27.280170306322738, 19.345015909515162, 847.2813364254991, 7.935154396807576
244, 27.245644737871906, 19.360364841660378, 848.0698644151203, 7.885279896211529
245, 27.21140624716672, 19.375617804075468, 848.8534432594294, 7.835788443091253
246, 27.17745166350801, 19.390775543994117, 849.6321108713807, 7.786676119513892
247, 27.143777862613064, 19.405838800654397, 850.4059047775767, 7.7379390619586665
248, 27.110381765754106, 19.42080830541701, 851.1748621236104, 7.689573460337094
249, 27.077260338916176, 19.43568478188125, 851.9390196793139, 7.641575557034926
250, 27.044410591973786, 19.45046894599875, 852.6984138439115, 7.593941645975036
251, 27.01182957788606, 19.465161506185108, 853.4530806510816, 7.546668071700953
252, 26.979514391909774, 19.47976316342941, 854.2030557739296, 7.499751228480363
253, 26.94746217082968, 19.49427461140167, 854.9483745298724, 7.4531875594280095
254, 26.91567009220607, 19.50869653655829, 855.6890718854371, 7.406973555647781
255, 26.884135373638664, 19.52302961824556, 856.4251824609764, 7.361105755393105
256, 26.85285527204664, 19.537274528801206, 857.156740535301, 7.315580743245434
257, 26.82182708296449, 19.551431933654104, 857.883780050232, 7.270395149310385
258, 26.79104813985306, 19.56550249142216, 858.6063346150751, 7.225545648430902
259, 26.760515813425464, 19.57948685400835, 859.3244375110168, 7.181028959417112
260, 26.730227510987696, 19.593385666695074, 860.038121695446, 7.136841844292622
261, 26.70018067579319, 19.60719956823674, 860.7474198062016, 7.092981107556451
262, 26.670372786411377, 19.620929190950722, 861.4523641657477, 7.049443595460655
263, 26.640801356109534, 19.634575160806627, 862.1529867852779, 7.006226195302908
264, 26.611463932247872, 19.648138097514018, 862.8493193687513, 6.963325834733855
265, 26.58235809568736, 19.661618614608503, 863.5413933168592, 6.920739481078858
266, 26.553481460210023, 19.67501731953635, 864.2292397309266, 6.878464140673671
267, 26.524831671951453, 19.688334813737583, 864.9128894167479, 6.83649685821387
268, 26.49640640884511, 19.70157169272755, 865.5923728883597, 6.79483471611756
269, 26.468203380078272, 19.714728546177188, 866.2677203717498, 6.753474833901084
270, 26.440220325559267, 19.727805957991723, 866.9389618085065, 6.712414367567543
271, 26.41245501539563, 19.740804506388127, 867.6061268594073, 6.6716505090075024
272, 26.384905249383138, 19.753724763971125, 868.2692449079484, 6.631180485412013
273, 26.35756885650529, 19.766567297807963, 868.9283450638181, 6.591001558697325
274, 26.33044369444295, 19.77933266950184, 869.5834561663122, 6.5511110249411075
275, 26.303527649094093, 19.792021435264093, 870.2346067876952, 6.51150621383
276, 26.27681863410325, 19.804634145985126, 870.881825236507, 6.472184488118124
277, 26.250314590400393, 19.817171347304154, 871.5251395608166, 6.433143243096239
278, 26.22401348574931, 19.82963357967773, 872.1645775514237, 6.394379906071581
279, 26.19791331430487, 19.84202137844717, 872.8001667450095, 6.355891935857699
280, 26.17201209617918, 19.854335273904738, 873.4319344272369, 6.317676822274443
281, 26.146307877016525, 19.866575791358816, 874.0599076358027, 6.2797320856577095
282, 26.120798727576528, 19.87874345119793, 874.6841131634405, 6.242055276378597
283, 26.095482743325796, 19.890838768953728, 875.3045775608778, 6.204643974372068
284, 26.070358044037462, 19.902862255362873, 875.9213271397452, 6.167495788674589
285, 26.045422773398634, 19.914814416427973, 876.5343879754423, 6.1306083569706615
286, 26.02067509862563, 19.926695753477446, 877.1437859099572, 6.093979345148185
287, 25.99611321008655, 19.93850676322443, 877.7495465546434, 6.057606446862117
288, 25.971735320931394, 19.950247937824717, 878.3516952929541, 6.0214873831066775
289, 25.947539666729178, 19.961919764933757, 878.9502572831336, 5.98561990179542
290, 25.923524505112127, 19.973522727762692, 879.5452574608686, 5.950001777349435
291, 25.899688115426777, 19.985057305133537, 880.136720541898, 5.9146308102932394
292, 25.87602879839166, 19.99652397153343, 880.7246710245838, 5.879504826858227
293, 25.85254487576161, 20.00792319716802, 881.3091331924431, 5.84462167859359
294, 25.82923468999853, 20.019255448014004, 881.8901311166416, 5.809979241984525
295, 25.80609660394815, 20.030521185870807, 882.4676886584493, 5.7755754180773415
296, 25.78312900052329, 20.041720868411474, 883.0418294716605, 5.741408132111815
297, 25.760330282392708, 20.052854949232696, 883.6125770049765, 5.707475333160012
298, 25.737698871676173, 20.06392387790412, 884.1799545043538, 5.673774993772053
299, 25.715233209644907, 20.074928100016805, 884.7439850153165, 5.640305109628102
300, 25.692931756427818, 20.085868057230975, 885.3046913852362, 5.607063699196843
301, 25.67079299072323, 20.096744187322994, 885.8620962655763, 5.574048803400235
302, 25.648815409515784, 20.107556924231623, 886.4162221141047, 5.54125848528416
303, 25.626997527798807, 20.118306698103552, 886.9670911970742, 5.508690829695254
304, 25.60533787830154, 20.128993935338222, 887.5147255913705, 5.476343942963318
305, 25.583835011221602, 20.139619058631965, 888.0591471866295, 5.444215952589637
306, 25.562487493962223, 20.150182487021468, 888.6003776873235, 5.4123050069407554
307, 25.541293910874344, 20.160684635926554, 889.1384386148184, 5.3806092749477905
308, 25.52025286300333, 20.171125917192327, 889.6733513093994, 5.349126945811001
309, 25.499362967840327, 20.181506739130658, 890.2051369322704, 5.317856228709669
310, 25.47862285907815, 20.19182750656107, 890.7338164675222, 5.286795352517082
311, 25.45803118637147, 20.20208862085098, 891.2594107240742, 5.255942565520492
312, 25.437586615101416, 20.212290479955332, 891.7819403375888, 5.225296135146085
313, 25.417287826144275, 20.22243347845567, 892.3014257723577, 5.194854347688604
314, 25.397133515644427, 20.232518007598568, 892.8178873231623, 5.164615508045859
315, 25.37712239479127, 20.24254445533358, 893.3313451171081, 5.134577939457692
316, 25.3572531896001, 20.252513206350493, 893.841819115433, 5.104739983249608
317, 25.337524640696813, 20.262424642116173, 894.3493291152911, 5.07509999858064
318, 25.31793550310657, 20.27227914091074, 894.8538947515107, 5.045656362195828
319, 25.298484546045927, 20.282077077863317, 895.3555354983289, 5.01640746818261
320, 25.279170552718853, 20.29181882498719, 895.8542706711021, 4.987351727731664
321, 25.259992320116076, 20.301504751214452, 896.3501194279922, 4.958487568901624
322, 25.24094865881817, 20.311135222430195, 896.843100771631, 4.929813436387974
323, 25.222038392801785, 20.320710601506164, 897.3332335507606, 4.901327791295621
324, 25.203260359249455, 20.330231248333924, 897.8205364618522, 4.873029110915532
325, 25.184613408362573, 20.339697519857562, 898.3050280507026, 4.84491588850501
326, 25.16609640317759, 20.349109770105933, 898.7867267140098, 4.816986633071657
327, 25.147708219385386, 20.358468350224403, 899.2656507009259, 4.789239869160983
328, 25.129447745153726, 20.367773608506194, 899.7418181145906, 4.761674136647532
329, 25.111313880952707, 20.377025890423234, 900.2152469136436, 4.734287990529474
330, 25.09330553938321, 20.38622553865659, 900.6859549137163, 4.70708000072662
331, 25.075421645008205, 20.395372893126485, 901.1539597889044, 4.680048751881721
332, 25.057661134187008, 20.40446829102187, 901.6192790732209, 4.653192843165137
333, 25.040022954912168, 20.413512066829576, 902.0819301620292, 4.626510888082592
334, 25.022506066649207, 20.422504552363108, 902.5419303134578, 4.600001514286099
335, 25.005109440179048, 20.43144607679097, 902.9992966497966, 4.5736633633880786
336, 24.98783205744298, 20.440336966664646, 903.4540461588745, 4.547495090778334
337, 24.970672911390245, 20.44917754594616, 903.9061956954189, 4.5214953654440855
338, 24.95363100582823, 20.457968136035287, 904.3557619823982, 4.495662869792941
339, 24.936705355274967, 20.466709055796372, 904.8027616123461, 4.469996299478595
340, 24.91989498481425, 20.475400621584775, 905.2472110486691, 4.444494363229474
341, 24.903198929952957, 20.484043147272985, 905.6891266269371, 4.419155782679972
342, 24.886616236480876, 20.49263694427632, 906.1285245561576, 4.3939792922045555
343, 24.870145960332678, 20.50118232157835, 906.565420920033, 4.368963638754327
344, 24.853787167452197, 20.50967958575592, 906.9998316782027, 4.344107581696278
345, 24.83753893365899, 20.518129041003874, 907.4317726674682, 4.319409892655116
346, 24.821400344516896, 20.526530989159404, 907.8612596030039, 4.294869355357491
347, 24.805370495204855, 20.53488572972613, 908.2883080795517, 4.270484765478724
348, 24.789448490389738, 20.543193559897784, 908.712933572601, 4.246254930491954
349, 24.77363344410123, 20.551454774581664, 909.1351514395529, 4.222178669519565
350, 24.757924479608754, 20.5596696664217, 909.5549769208717, 4.198254813187052
351, 24.74232072930029, 20.56783852582127, 909.9724251412196, 4.17448220347902
352, 24.726821334563198, 20.575961640965673, 910.3875111105793, 4.150859693597525
353, 24.71142544566687, 20.584039297844342, 910.8002497253616, 4.127386147822527
354, 24.69613222164726, 20.592071780272743, 911.210655769499, 4.104060441374518
355, 24.680940830193265, 20.600059369914003, 911.6187439155269, 4.080881460279262
356, 24.66585044753485, 20.608002346300236, 912.0245287256504, 4.057848101234615
357, 24.65086025833297, 20.615900986853607, 912.4280246527983, 4.034959271479362
358, 24.635969455571157, 20.623755566907136, 912.8292460416646, 4.0122138886640215
359, 24.62117724044888, 20.63156635972519, 913.228207129737, 3.9896108807236885
360, 24.60648282227649, 20.639333636523773, 913.6249220483123, 3.9671491857527172
361, 24.59188541837183, 20.647057666490504, 914.0194048235005, 3.944827751881327
362, 24.577384253958442, 20.654738716804353, 914.411669377216, 3.9226455371540894
363, 24.56297856206534, 20.662377052655152, 914.801729528157, 3.900601509410187
364, 24.54866758342836, 20.66997293726281, 915.1895989927735, 3.8786946461655525
365, 24.53445056639294, 20.677526631896338, 915.5752913862232, 3.856923934496603
366, 24.520326766818492, 20.685038395892597, 915.9588202233158, 3.8352883709258947
367, 24.506295447984115, 20.69250848667481, 916.3401989194467, 3.8137869613093045
368, 24.492355880495907, 20.699937159770876, 916.7194407915192, 3.7924187207250313
369, 24.478507342195513, 20.707324668831415, 917.0965590588556, 3.7711826733640983
370, 24.464749118070173, 20.714671265647603, 917.4715668440979, 3.750077852422571
371, 24.451080500164046, 20.7219772001688, 917.8444771740974, 3.729103299995245
372, 24.437500787490976, 20.729242720519945, 918.2153029807945, 3.7082580669710303
373, 24.424009285948436, 20.736468073018717, 918.5840571020875, 3.6875412129297196
374, 24.41060530823288, 20.743653502192533, 918.9507522826915, 3.6669518060403483
375, 24.39728817375631, 20.750799250795296, 919.3154011749876, 3.6464889229610122
376, 24.384057208564016, 20.757905559823957, 919.6780163398616, 3.626151648740059
377, 24.370911745253736, 20.764972668534863, 920.0386102475335, 3.6059390767188724
378, 24.357851122895717, 20.772000814459908, 920.397195278377, 3.585850308435809
379, 24.344874686954284, 20.778990233422526, 920.7537837237302, 3.5658844535317584
380, 24.33198178921034, 20.785941159553413, 921.1083877866959, 3.5460406296569253
381, 24.319171787685022, 20.792853825306132, 921.4610195829338, 3.52631796237889
382, 24.306444046564636, 20.79972846147249, 921.811691141443, 3.506715585092145
383, 24.293797936126495, 20.80656529719776, 922.1604144053359, 3.4872326389287345
384, 24.281232832665978, 20.813364559995684, 922.5072012326029, 3.4678682726702945
385, 24.268748118424583, 20.820126475763335, 922.8520633968691, 3.448621642661248
386, 24.256343181518993, 20.826851268795764, 923.1950125881414, 3.429491912723229
387, 24.24401741587129, 20.83353916180053, 923.5360604135484, 3.4104782540707603
388, 24.231770221140067, 20.840190375911977, 923.8752183980712, 3.3915798452280903
389, 24.219601002652546, 20.84680513070543, 924.2124979852659, 3.3727958719471154
390, 24.20750917133774, 20.853383644211178, 924.5479105379786, 3.3541255271265626
391, 24.195494143660454, 20.85992613292826, 924.8814673390518, 3.335568010732196
392, 24.183555341556406, 20.866432811838195, 925.2131795920236, 3.317122529718212
393, 24.17169219236805, 20.872903894418418, 925.5430584218186, 3.2987882979496312
394, 24.1599041287815, 20.879339592655686, 925.8711148754312, 3.2805645361258122
395, 24.148190588764237, 20.885740117059235, 926.1973599226017, 3.2624504717050016
396, 24.136551015503798, 20.892105676673843, 926.5218044564847, 3.244445338829955
397, 24.124984857347187, 20.898436479092716, 926.8444592943101, 3.2265483782544706
398, 24.113491567741292, 20.904732730470222, 927.1653351780373, 3.20875883727107
399, 24.102070605173992, 20.910994635534504, 927.4844427750012, 3.1910759696394884
400, 24.090721433116244, 20.917222397599936, 927.8017926785528, 3.1734990355163077
401, 24.079443519964848, 20.92341621857943, 928.1173954086913, 3.156027301385418
402, 24.06823633898607, 20.9295762989966, 928.4312614126902, 3.1386600399894675
403, 24.057099368260054, 20.935702837997837, 928.7434010657164, 3.121396530262217
404, 24.046032090625943, 20.941796033364156, 929.0538246714426, 3.1042360572617866
405, 24.035033993627877, 20.947856081523028, 929.3625424626531, 3.087177912104849
406, 24.024104569461606, 20.953883177559945, 929.6695646018433, 3.0702213919016614
407, 24.013243314921937, 20.95987751522997, 929.9749011818125, 3.053365799691967
408, 24.002449731350808, 20.965839286969135, 930.2785622262506, 3.0366104443816724
409, 23.991723324586182, 20.971768683905626, 930.5805576903186, 3.019954640680556
410, 23.981063604911554, 20.97766589587098, 930.8808974612227, 3.0033977090405735
411, 23.970470087006206, 20.983531111411047, 931.1795913587822, 2.9869389755951588
412, 23.959942289896034, 20.989364517796883, 931.4766491359921, 2.9705777720991513
413, 23.949479736905232, 20.995166301035518, 931.7720804795791, 2.9543134358697145
414, 23.93908195560841, 21.000936645880596, 932.0658950105519, 2.938145309727812
415, 23.928748477783493, 21.006675735842926, 932.358102284746, 2.9220727419405677
416, 23.918478839365278, 21.012383753200865, 932.6487117933624, 2.906095086164413
417, 23.90827258039947, 21.018060879010637, 932.9377329635013, 2.890211701388832
418, 23.89812924499749, 21.02370729311654, 933.2251751586894, 2.874421951880951
419, 23.888048381291796, 21.029323174160993, 933.5110476794024, 2.858725207130803
420, 23.878029541391832, 21.034908699594524, 933.7953597635822, 2.843120841797308
421, 23.868072281340538, 21.040464045685667, 934.0781205871476, 2.8276082356548713
422, 23.858176161071484, 21.045989387530646, 934.3593392645017, 2.8121867735408372
423, 23.848340744366503, 21.051484899063126, 934.639024849032, 2.7968558453033765
424, 23.838565598813986, 21.056950753063695, 934.917186333607, 2.7816148457502905
425, 23.828850295767595, 21.062387121169333, 935.1938326510668, 2.766463174598261
426, 23.81919441030562, 21.067794173882785, 935.4689726747091, 2.7514002364228354
427, 23.809597521190838, 21.07317208058179, 935.74261521877, 2.7364254406090467
428, 23.80005921083091, 21.07852100952826, 936.0147690389002, 2.72153820130265
429, 23.790579065239214, 21.083841127877307, 936.2854428326364, 2.7067379373619076
430, 23.781156673996364, 21.089132601686245, 936.5546452398673, 2.6920240723101188
431, 23.771791630212007, 21.094395595923437, 936.8223848432962, 2.67739603428857
432, 23.7624835304873, 21.09963027447708, 937.0886701688972, 2.662853256010223
433, 23.753231974877792, 21.104836800163895, 937.3535096863686, 2.6483951747138974
434, 23.74403656685675, 21.110015334737724, 937.6169118095805, 2.634021232119025
435, 23.734896913279066, 21.115166038898053, 937.8788848970187, 2.6197308743810126
436, 23.7258126243455, 21.120289072298412, 938.1394372522234, 2.6055235520470887
437, 23.71678331356746, 21.12538459355471, 938.3985771242246, 2.5913987200127515
438, 23.707808597732267, 21.13045276025351, 938.6563127079725, 2.5773558374787555
439, 23.698888096868735, 21.135493728960178, 938.9126521447633, 2.5633943679085576
440, 23.690021434213307, 21.140507655226966, 939.1676035226619, 2.5495137789863414
441, 23.681208236176573, 21.145494693601012, 939.4211748769195, 2.535713542575561
