graph_2.csv
round, demand, supply, price, demand-supply
442, 23.6724481323102, 21.150454997632266, 939.6733741903873, 2.5219931346779347
443, 23.663740755274347, 21.15538871988133, 939.9242093939266, 2.508352035393017
444, 23.655085740805397, 21.16029601192721, 940.1736883668144, 2.494789728878189
445, 23.646482727684116, 21.165177024374998, 940.4218189371453, 2.4813057033091184
446, 23.637931357704325, 21.170031906863496, 940.6686088822294, 2.4678994508408287
447, 23.629431275641792, 21.174860808072737, 940.9140659289862, 2.454570467569056
448, 23.62098212922365, 21.179663875731418, 941.1581977543354, 2.4413182534922306
449, 23.612583569098092, 21.18444125662431, 941.4010119855828, 2.4281423124737813
450, 23.604235248804528, 21.189193096599567, 941.6425162008034, 2.415042152204961
451, 23.59593682474408, 21.193919540575934, 941.8827179292201, 2.4020172841681457
452, 23.58768795615044, 21.198620732549927, 942.1216246515802, 2.389067223600513
453, 23.579488305061034, 21.203296815602933, 942.359243800526, 2.376191489458101
454, 23.571337536288695, 21.20794793190823, 942.595582760964, 2.3633896043804654
455, 23.563235317393477, 21.212574222737928, 942.8306488704296, 2.3506610946555497
456, 23.55518131865503, 21.217175828469877, 943.0644494194481, 2.3380054901851537
457, 23.547175213045094, 21.22175288859447, 943.2969916518932, 2.3254223244506242
458, 23.539216676200567, 21.226305541721416, 943.5282827653411, 2.312911134479151
459, 23.53130538639666, 21.230833925586413, 943.7583299114222, 2.300471460810247
460, 23.523441024520565, 21.235338177057773, 943.9871401961684, 2.288102847462792
461, 23.51562327404536, 21.239818432143004, 944.2147206803586, 2.2758048419023567
462, 23.507851821004195, 21.24427482599525, 944.4410783798595, 2.2635769950089433
463, 23.50012635396496, 21.248707492919813, 944.6662202659641, 2.2514188610451455
464, 23.49244656400495, 21.253116566380463, 944.8901532657266, 2.2393299976244876
465, 23.484812144686217, 21.257502179005755, 945.1128842622946, 2.227309965680462
466, 23.47722279203088, 21.261864462595305, 945.3344200952382, 2.215358329435574
467, 23.469678204496944, 21.266203548125976, 945.5547675608753, 2.203474656370968
468, 23.462178082954303, 21.270519565758, 945.7739334125949, 2.191658517196302
469, 23.45472213066111, 21.274812644841067, 945.991924361177, 2.179909485820044
470, 23.4473100532403, 21.27908291392035, 946.2087470751089, 2.1682271393199493
471, 23.439941558656578, 21.28333050074246, 946.4244081809004, 2.1566110579141196
472, 23.432616357193496, 21.287555532261344, 946.6389142633936, 2.145060824932152
473, 23.425334161430882, 21.291758134644148, 946.8522718660723, 2.1335760267867343
474, 23.41809468622261, 21.295938433277026, 947.0644874913669, 2.122156252945583
475, 23.410897648674492, 21.300096552770867, 947.2755676009573, 2.110801095903625
476, 23.40374276812245, 21.304232616966978, 947.4855186160728, 2.099510151155471
477, 23.396629766111133, 21.308346748942743, 947.6943469177896, 2.08828301716839
478, 23.389558366372512, 21.31243907101721, 947.9020588473252, 2.0771192953553026
479, 23.38252829480487, 21.316509704756594, 948.10866070633, 2.0660185900482766
480, 23.375539279452084, 21.320558770979794, 948.3141587571773, 2.0549805084722905
481, 23.368591050483005, 21.324586389763816, 948.5185592232492, 2.044004660719189
482, 23.361683340171233, 21.32859268044915, 948.7218682892214, 2.033090659722081
483, 23.354815882874945, 21.332577761645105, 948.9240921013444, 2.02223812122984
484, 23.347988415017205, 21.336541751235103, 949.1252367677226, 2.0114466637821025
485, 23.341200675066204, 21.340484766381923, 949.3253083585911, 2.000715908684281
486, 23.33445240351599, 21.344406923532866, 949.5243129065894, 1.9900454799831238
487, 23.327743342867237, 21.34830833842493, 949.7222564070337, 1.9794350044423084
488, 23.321073237608353, 21.35218912608988, 949.9191448181855, 1.9688841115184736
489, 23.314441834196742, 21.35604940085932, 950.1149840615192, 1.9583924333374227
490, 23.30784888104032, 21.359889276369678, 950.3097800219863, 1.9479596046706433
491, 23.301294128479142, 21.36370886556722, 950.5035385482774, 1.9375852629119237
492, 23.29477732876739, 21.367508280712876, 950.6962654530829, 1.9272690480545123
493, 23.288298236055454, 21.37128763338721, 950.8879665133497, 1.9170106026682419
494, 23.281856606372273, 21.375047034495182, 951.0786474705375, 1.9068095718770905
495, 23.275452197607812, 21.37878659427098, 951.2683140308711, 1.8966656033368317
496, 23.269084769495805, 21.382506422282724, 951.4569718655924, 1.8865783472130815
497, 23.26275408359669, 21.38620662743721, 951.6446266112084, 1.8765474561594786
498, 23.25645990328062, 21.389887317984552, 951.8312838697381, 1.866572585296069
499, 23.250201993710874, 21.393548601522795, 952.0169492089568, 1.856653392188079
500, 23.24398012182722, 21.39719058500251, 952.2016281626393, 1.846789536824712
501, 23.237794056329676, 21.400813374731342, 952.3853262307991, 1.8369806815983338
502, 23.231643567662267, 21.404417076378483, 952.5680488799275, 1.8272264912837848
503, 23.225528427997126, 21.408001794979164, 952.7498015432293, 1.8175266330179625
504, 23.21944841121863, 21.411567634939058, 952.9305896208573, 1.8078807762795712
505, 23.213403292907806, 21.415114700038686, 953.1104184801442, 1.7982885928691204
506, 23.207392850326876, 21.41864309343773, 953.2892934558331, 1.7887497568891462
507, 23.201416862403974, 21.42215291767938, 953.4672198503056, 1.779263944724594
508, 23.19547510971804, 21.42564427469458, 953.644202933808, 1.769830835023459
509, 23.189567374483865, 21.42911726580629, 953.8202479446757, 1.7604501086775741
510, 23.18369344053729, 21.432571991733653, 953.995360089556, 1.7511214488036373
511, 23.177853093320614, 21.43600855259619, 954.1695445436285, 1.7418445407244256
512, 23.172046119868114, 21.439427047917903, 954.3428064508236, 1.7326190719502108
513, 23.16627230879174, 21.442827576631398, 954.5151509240396, 1.7234447321603419
514, 23.160531450266987, 21.446210237081914, 954.6865830453581, 1.7143212131850731
515, 23.15482333601888, 21.449575127031366, 954.8571078662569, 1.7052482089875127
516, 23.1491477593081, 21.452922343662316, 955.0267304078214, 1.6962254156457846
517, 23.143504514917367, 21.456251983581968, 955.195455660955, 1.6872525313353997
518, 23.13789339913781, 21.45956414282605, 955.3632885865861, 1.678329256311759
519, 23.132314209755627, 21.462858916862725, 955.5302341158754, 1.669455292892902
520, 23.126766746038797, 21.466136400596447, 955.6962971504196, 1.6606303454423497
521, 23.121250808723957, 21.469396688371795, 955.8614825624549, 1.6518541203521622
522, 23.11576620000347, 21.47263987397724, 956.0257951950575, 1.6431263260262305
523, 23.11031272351255, 21.47586605064894, 956.1892398623439, 1.6344466728636107
524, 23.104890184316574, 21.47907531107446, 956.3518213496682, 1.6258148732421134
525, 23.099498388898517, 21.482267747396456, 956.5135444138184, 1.6172306415020614
526, 23.09413714514651, 21.485443451216373, 956.6744137832114, 1.6086936939301388
527, 23.0888062623416, 21.488602513598057, 956.8344341580857, 1.6002037487435423
528, 23.08350555114548, 21.491745025071396, 956.9936102106932, 1.5917605260740828
529, 23.078234823588545, 21.49487107563586, 957.1519465854884, 1.583363747952685
530, 23.072993893057912, 21.497980754764097, 957.3094478993178, 1.5750131382938157
531, 23.067782574285673, 21.50107415140542, 957.4661187416058, 1.5667084228802537
532, 23.062600683337223, 21.504151353989307, 957.6219636745406, 1.5584493293479156
533, 23.0574480375997, 21.507212450428888, 957.7769872332576, 1.5502355871708104
534, 23.052324455770567, 21.51025752812436, 957.9311939260223, 1.5420669276462071
535, 23.04722975784633, 21.513286673966377, 958.0845882344103, 1.5339430838799544
536, 23.042163765111333, 21.51629997433949, 958.2371746134875, 1.5258637907718438
537, 23.037126300126715, 21.519297515125437, 958.3889574919876, 1.517828785001278
538, 23.032117186719432, 21.522279381706518, 958.5399412724889, 1.5098378050129142
539, 23.027136249971406, 21.525245658968863, 958.6901303315892, 1.5018905910025424
540, 23.02218331620884, 21.52819643130573, 958.8395290200796, 1.4939868849031086
541, 23.01725821299155, 21.531131782620726, 958.9881416631166, 1.486126430370824
542, 23.012360769102543, 21.53405179633105, 959.1359725603937, 1.4783089727714938
543, 23.007490814537483, 21.536956555370686, 959.2830259863103, 1.4705342591667971
544, 23.002648180494532, 21.539846142193575, 959.4293061901404, 1.462802038300957
545, 22.99783269936406, 21.542720638776736, 959.5748173961991, 1.4551120605873251
546, 22.993044204718665, 21.545580126623427, 959.7195638040087, 1.447464078095237
547, 22.988282531303064, 21.548424686766204, 959.8635495884623, 1.43985784453686
548, 22.983547515024334, 21.55125439977001, 960.0067788999878, 1.4322931152543248
549, 22.978838992942066, 21.55406934573523, 960.1492558647085, 1.424769647206837
550, 22.97415680325871, 21.556869604300694, 960.2909845846043, 1.4172871989580145
551, 22.96950078530996, 21.559655254646685, 960.4319691376706, 1.4098455306632758
552, 22.96487077955534, 21.562426375497928, 960.5722135780763, 1.4024444040574124
553, 22.960266627568757, 21.565183045126528, 960.7117219363206, 1.3950835824422292
554, 22.955688172029184, 21.56792534135489, 960.850498219388, 1.3877628306742942
555, 22.951135256711552, 21.57065334155866, 960.9885464109033, 1.3804819151528918
556, 22.946607726477545, 21.573367122669566, 961.1258704712841, 1.3732406038079787
557, 22.942105427266668, 21.576066761178332, 961.262474337893, 1.3660386660883361
558, 22.937628206087233, 21.57875233313745, 961.3983619251879, 1.3588758729497812
559, 22.933175911007588, 21.581423914164077, 961.5335371248723, 1.351751996843511
560, 22.928748391147337, 21.58408157944276, 961.6680038060427, 1.3446668117045775
561, 22.92434549666867, 21.58672540372826, 961.8017658153368, 1.337620092940412
562, 22.919967078767854, 21.589355461348276, 961.9348269770787, 1.330611617419578
563, 22.915612989666634, 21.591971826206205, 962.0671910934248, 1.3236411634604295
564, 22.911283082603873, 21.59457457178381, 962.1988619445068, 1.3167085108200638
565, 22.906977211827268, 21.597163771143965, 962.3298432885751, 1.3098134406833033
566, 22.90269523258506, 21.599739496933285, 962.4601388621403, 1.302955735651775
567, 22.89843700111787, 21.602301821384795, 962.5897523801136, 1.2961351797330742
568, 22.89420237465066, 21.604850816320543, 962.7186875359466, 1.289351558330118
569, 22.889991211384633, 21.607386553154228, 962.8469480017696, 1.2826046582304045
570, 22.885803370489484, 21.609909102893802, 962.9745374285292, 1.2758942675956817
571, 22.881638712095352, 21.612418536143995, 963.1014594461243, 1.2692201759513573
572, 22.877497097285165, 21.614914923108895, 963.227717663542, 1.26258217417627
573, 22.873378388086948, 21.617398333594497, 963.3533156689912, 1.2559800544924506
574, 22.869282447466183, 21.61986883701119, 963.4782570300366, 1.2494136104549938
575, 22.86520913931821, 21.622326502376257, 963.6025452937308, 1.2428826369419532
576, 22.861158328460853, 21.624771398316348, 963.7261839867452, 1.236386930144505
577, 22.85712988062692, 21.627203593069954, 963.8491766155009, 1.2299262875569674
578, 22.85312366245696, 21.62962315448982, 963.9715266662977, 1.2235005079671382
579, 22.84913954149195, 21.632030150045406, 964.0932376054424, 1.2171093914465452
580, 22.845177386166107, 21.63442464682523, 964.2143128793765, 1.210752739340876
581, 22.841237065799803, 21.636806711539304, 964.3347559148026, 1.2044303542604986
582, 22.837318450592484, 21.639176410521493, 964.4545701188097, 1.1981420400709908
583, 22.833421411615674, 21.64153380973183, 964.5737588789981, 1.1918876018838453
584, 22.829545820806096, 21.6438789747589, 964.6923255636028, 1.185666846047198
585, 22.825691550958766, 21.646211970822115, 964.8102735216165, 1.1794795801366504
586, 22.821858475720283, 21.648532862774033, 964.9276060829111, 1.1733256129462504
587, 22.818046469582022, 21.650841715102636, 965.044326558359, 1.1672047544793855
588, 22.81425540787353, 21.653138591933583, 965.160438239953, 1.1611168159399483
589, 22.810485166755903, 21.655423557032485, 965.2759444009254, 1.1550616097234183
590, 22.806735623215282, 21.657696673807102, 965.3908482958661, 1.1490389494081796
591, 22.80300665505633, 21.659958005309576, 965.5051531608408, 1.1430486497467527
592, 22.799298140895864, 21.662207614238653, 965.6188622135065, 1.1370905266572109
593, 22.795609960156504, 21.664445562941815, 965.731978653228, 1.1311643972146896
594, 22.791941993060348, 21.666671913417503, 965.8445056611923, 1.1252700796428456
595, 22.78829412062278, 21.668886727317226, 965.9564464005229, 1.1194073933055542
596, 22.784666224646237, 21.67109006594772, 966.0678040163928, 1.1135761586985176
597, 22.78105818771418, 21.67328199027307, 966.1785816361369, 1.1077761974411118
598, 22.777469893184943, 21.675462560916795, 966.2887823693637, 1.1020073322681476
599, 22.773901225185796, 21.67763183816397, 966.3984093080659, 1.0962693870218274
600, 22.770352068606947, 21.67978988196328, 966.5074655267302, 1.090562186643666
601, 22.766822309095687, 21.681936751929076, 966.6159540824469, 1.0848855571666114
602, 22.76331183305053, 21.68407250734344, 966.7238780150176, 1.0792393257070891
603, 22.75982052761544, 21.686197207158212, 966.8312403470633, 1.0736233204572265
604, 22.756348280674096, 21.688310909996996, 966.938044084131, 1.0680373706771
605, 22.752894980844218, 21.690413674157174, 967.0442922147997, 1.0624813066870438
606, 22.749460517471896, 21.69250555761188, 967.1499877107857, 1.0569549598600148
607, 22.746044780626107, 21.694586618011993, 967.2551335270471, 1.0514581626141144
608, 22.74264766109313, 21.696656912688095, 967.3597326018876, 1.0459907484050355
609, 22.739269050371043, 21.6987164986524, 967.4637878570594, 1.040552551718644
610, 22.735908840664372, 21.70076543260069, 967.5673021978657, 1.035143408063682
611, 22.73256692487866, 21.702803770914272, 967.6702785132621, 1.0297631539643888
612, 22.729243196615187, 21.704831569661827, 967.7727196759574, 1.0244116269533592
613, 22.725937550165654, 21.706848884601342, 967.8746285425138, 1.0190886655643112
614, 22.722649880506992, 21.708855771181973, 967.9760079534464, 1.0137941093250191
615, 22.719380083296116, 21.710852284545915, 968.0768607333214, 1.008527798750201
616, 22.716128054864853, 21.71283847953025, 968.1771896908548, 1.0032895753346018
617, 22.712893692214855, 21.7148144106688, 968.2769976190094, 0.9980792815460546
618, 22.709676893012528, 21.71678013219394, 968.3762872950913, 0.9928967608185886
619, 22.706477555584016, 21.71873569803842, 968.4750614808459, 0.987741857545597
620, 22.703295578910286, 21.720681161837156, 968.5733229225532, 0.9826144170731297
621, 22.70013086262219, 21.72261657692904, 968.6710743511225, 0.9775142856931502
622, 22.696983306995676, 21.724541996358695, 968.7683184821861, 0.9724413106369809
623, 22.693852812946815, 21.726457472878252, 968.865058016193, 0.9673953400685633
624, 22.690739282027202, 21.728363058949107, 968.9612956385008, 0.9623762230780954
625, 22.68764261641907, 21.730258806743635, 969.0570340194683, 0.9573838096754343
626, 22.684562718930707, 21.732144768146963, 969.1522758145467, 0.9524179507837438
627, 22.681499492991733, 21.734020994758648, 969.24702366437, 0.9474784982330853
628, 22.67845284264851, 21.735887537894385, 969.3412801948454, 0.942565304754126
629, 22.675422672559577, 21.73774444858772, 969.4350480172426, 0.937678223971858
630, 22.67240888799114, 21.73959177759172, 969.5283297282825, 0.9328171103994194
631, 22.669411394812542, 21.741429575380643, 969.6211279102257, 0.9279818194318992
632, 22.666430099491834, 21.743257892151604, 969.7134451309597, 0.9231722073402295
633, 22.66346490909136, 21.7450767778262, 969.8052839440862, 0.9183881312651607
634, 22.66051573126338, 21.746886282052177, 969.8966468890073, 0.9136294492112036
635, 22.657582474245785, 21.748686454205032, 969.9875364910114, 0.9088960200407534
636, 22.654665046857666, 21.750477343389633, 970.0779552613582, 0.9041877034680326
637, 22.651763358495245, 21.752258998441825, 970.1679056973635, 0.8995043600534203
638, 22.648877319127493, 21.754031467930023, 970.2573902824832, 0.89484585119747
639, 22.646006839292014, 21.755794800156792, 970.3464114863967, 0.8902120391352213
640, 22.643151830090915, 21.75754904316041, 970.4349717650898, 0.8856027869305052
641, 22.64031220318664, 21.759294244716436, 970.5230735609368, 0.8810179584702027
642, 22.63748787079794, 21.761030452339266, 970.6107193027827, 0.8764574184586742
643, 22.63467874569578, 21.762757713283655, 970.697911406024, 0.8719210324121249
644, 22.63188474119938, 21.76447607454626, 970.7846522726893, 0.8674086666531196
645, 22.62910577117225, 21.766185582867152, 970.8709442915198, 0.8629201883050968
646, 22.626341750018156, 21.767886284731322, 970.9567898380485, 0.8584554652868341
647, 22.62359259267734, 21.769578226370196, 971.0421912746792, 0.854014366307144
648, 22.6208582146226, 21.771261453763106, 971.1271509507652, 0.8495967608594945
649, 22.618138531855408, 21.772936012638755, 971.2116712026868, 0.8452025192166523
650, 22.615433460902167, 21.774601948476736, 971.2957543539294, 0.8408315124254315
651, 22.61274291881041, 21.776259306508937, 971.3794027151596, 0.8364836123014747
652, 22.610066823145033, 21.77790813172102, 971.4626185843019, 0.8321586914240129
653, 22.607405091984674, 21.779548468853843, 971.545404246615, 0.8278566231308311
654, 22.60475764391792, 21.781180362404925, 971.6277619747664, 0.8235772815129963
655, 22.60212439803975, 21.782803856629805, 971.7096940289074, 0.8193205414099438
656, 22.599505273947877, 21.784418995543522, 971.7912026567478, 0.8150862784043547
657, 22.596900191739174, 21.786025822921957, 971.8722900936295, 0.8108743688172169
658, 22.594309072006112, 21.78762438230329, 971.9529585625999, 0.8066846897028235
659, 22.591731835833258, 21.789214716989306, 972.0332102744843, 0.8025171188439515
660, 22.589168404793767, 21.790796870046837, 972.113047427959, 0.7983715347469307
