graph_2.csv
round, demand, supply, price, demand-supply
661, 22.586618700945884, 21.792370884309083, 972.1924722096227, 0.7942478166368012
662, 22.58408264682957, 21.793936802377004, 972.271486794068, 0.7901458444525673
663, 22.58156016546303, 21.79549466662064, 972.3500933439523, 0.7860654988423903
664, 22.57905118033939, 21.797044519180467, 972.4282940100682, 0.782006661158924
665, 22.576555615423324, 21.798586401968702, 972.5060909314136, 0.7779692134546217
666, 22.5740733951477, 21.800120356670654, 972.5834862352613, 0.7739530384770461
667, 22.57160444441032, 21.801646424746025, 972.6604820372277, 0.7699580196642941
668, 22.569148688570685, 21.80316464743021, 972.7370804413417, 0.7659840411404737
669, 22.566706053446637, 21.804675065735616, 972.8132835401128, 0.7620309877110216
670, 22.564276465311288, 21.806177720452894, 972.8890934145986, 0.758098744858394
671, 22.561859850889725, 21.80767265215228, 972.9645121344723, 0.7541871987374442
672, 22.559456137355916, 21.809159901184845, 973.0395417580894, 0.7502962361710708
673, 22.55706525232953, 21.81063950768373, 973.114184332554, 0.7464257446457978
674, 22.554687123872824, 21.812111511565437, 973.1884418937848, 0.7425756123073874
675, 22.55232168048763, 21.81357595253106, 973.2623164665804, 0.7387457279565695
676, 22.54996885111222, 21.815032870067533, 973.3358100646849, 0.7349359810446856
677, 22.547628565118274, 21.81648230344883, 973.4089246908518, 0.7311462616694442
678, 22.545300752307945, 21.817924291737224, 973.4816623369088, 0.7273764605707207
679, 22.542985342910796, 21.819358873784502, 973.5540249838215, 0.7236264691262946
680, 22.540682267580856, 21.82078608823312, 973.6260146017562, 0.7198961793477352
681, 22.538391457393743, 21.82220597351747, 973.6976331501438, 0.7161854838762736
682, 22.53611284384366, 21.823618567865026, 973.7688825777417, 0.712494275978635
683, 22.533846358840584, 21.825023909297556, 973.839764822696, 0.7088224495430282
684, 22.53159193470737, 21.826422035632255, 973.9102818126036, 0.7051698990751163
685, 22.529349504176906, 21.827812984482982, 973.9804354645729, 0.7015365196939243
686, 22.5271190003893, 21.829196793261357, 974.0502276852857, 0.6979222071279416
687, 22.524900356889077, 21.83057349917794, 974.1196603710567, 0.6943268577111361
688, 22.522693507622414, 21.831943139243396, 974.1887354078947, 0.6907503683790175
689, 22.520498386934406, 21.833305750269602, 974.2574546715612, 0.687192636664804
690, 22.5183149295663, 21.8346613688708, 974.3258200276307, 0.6836535606955003
691, 22.516143070652817, 21.836010031464713, 974.3938333315496, 0.6801330391881031
692, 22.51398274571944, 21.83735177427366, 974.4614964286941, 0.6766309714457783
693, 22.51183389067978, 21.838686633325683, 974.5288111544295, 0.6731472573540991
694, 22.509696441832943, 21.840014644455643, 974.5957793341672, 0.6696817973773008
695, 22.507570335860848, 21.84133584330629, 974.6624027834226, 0.6662344925545582
696, 22.50545550982568, 21.84265026532941, 974.7286833078723, 0.6628052444962691
697, 22.503351901167306, 21.84395794578685, 974.7946227034104, 0.6593939553804553
698, 22.501259447700683, 21.84525891975163, 974.8602227562053, 0.656000527949054
699, 22.499178087613352, 21.846553222109, 974.9254852427557, 0.6526248655043503
700, 22.497107759462928, 21.847840887557517, 974.9904119299463, 0.6492668719054109
701, 22.49504840217454, 21.84912195061005, 975.0550045751028, 0.6459264515644882
702, 22.492999955038414, 21.850396445594924, 975.1192649260471, 0.6426035094434894
703, 22.49096235770741, 21.851664406656866, 975.1831947211522, 0.6392979510505441
704, 22.48893555019454, 21.852925867758103, 975.2467956893959, 0.6360096824364376
705, 22.486919472870568, 21.854180862679357, 975.3100695504149, 0.6327386101912111
706, 22.484914066461627, 21.8554294250209, 975.373018014559, 0.629484641440726
707, 22.48291927204682, 21.856671588203547, 975.4356427829433, 0.6262476838432747
708, 22.480935031055843, 21.85790738546968, 975.4979455475019, 0.6230276455861627
709, 22.478961285266635, 21.859136849884237, 975.5599279910401, 0.6198244353823981
710, 22.47699797680312, 21.860360014335736, 975.6215917872869, 0.616637962467383
711, 22.47504504813279, 21.86157691153724, 975.6829386009465, 0.6134681365955501
712, 22.47310244206448, 21.862787574027372, 975.7439700877502, 0.6103148680371078
713, 22.471170101746104, 21.86399203417126, 975.8046878945077, 0.6071780675748428
714, 22.46924797066236, 21.865190324161542, 975.8650936591578, 0.6040576465008165
715, 22.467335992632485, 21.866382476019314, 975.925189010819, 0.6009535166131705
716, 22.465434111808108, 21.867568521595107, 975.9849755698403, 0.5978655902130008
717, 22.463542272670942, 21.868748492569836, 976.0444549478505, 0.5947937801011065
718, 22.461660420030668, 21.869922420455744, 976.103628747808, 0.5917379995749243
719, 22.45978849902278, 21.871090336597362, 976.1624985640506, 0.5886981624254162
720, 22.457926455106318, 21.872252272172425, 976.2210659823439, 0.585674182933893
721, 22.456074234061887, 21.873408258192832, 976.2793325799308, 0.5826659758690553
722, 22.45423178198942, 21.874558325505546, 976.3372999255793, 0.5796734564838744
723, 22.45239904530611, 21.875702504793548, 976.3949695796305, 0.576696540512561
724, 22.450575970744367, 21.87684082657671, 976.4523430940473, 0.5737351441676566
725, 22.448762505349627, 21.87797332121275, 976.509422012461, 0.5707891841368777
726, 22.44695859647846, 21.879100018898097, 976.566207870219, 0.5678585775803633
727, 22.44516419179638, 21.88022094966882, 976.6227021944318, 0.5649432421275584
728, 22.443379239275906, 21.881336143401505, 976.6789065040192, 0.5620430958744009
729, 22.441603687194515, 21.88244562981416, 976.7348223097572, 0.5591580573803547
730, 22.43983748413266, 21.883549438467067, 976.7904511143238, 0.5562880456655925
731, 22.438080578971807, 21.884647598763692, 976.8457944123446, 0.5534329802081146
732, 22.436332920892447, 21.88574013995154, 976.9008536904387, 0.5505927809409066
733, 22.434594459372143, 21.886827091123028, 976.9556304272636, 0.5477673682491151
734, 22.43286514418361, 21.88790848121634, 977.0101260935603, 0.5449566629672695
735, 22.4311449253928, 21.88898433901629, 977.0643421521979, 0.5421605863765109
736, 22.429433753356975, 21.89005469315518, 977.1182800582181, 0.5393790602017958
737, 22.42773157872285, 21.89111957211362, 977.1719412588791, 0.5366120066092286
738, 22.426038352424648, 21.8921790042214, 977.2253271936994, 0.5338593482032472
739, 22.424354025682327, 21.8932330176583, 977.2784392945018, 0.5311210080240265
740, 22.42267854999966, 21.894281640454942, 977.3312789854563, 0.5283969095447176
741, 22.421011877162435, 21.89532490049361, 977.3838476831231, 0.5256869766688261
742, 22.41935395923663, 21.896362825509062, 977.4361467964959, 0.5229911337275688
743, 22.417704748566585, 21.897395443089337, 977.4881777270436, 0.5203093054772481
744, 22.416064197773224, 21.898422780676604, 977.5399418687533, 0.5176414170966197
745, 22.41443225975228, 21.89944486556794, 977.5914406081718, 0.5149873941843417
746, 22.41280888767251, 21.90046172491612, 977.6426753244474, 0.5123471627563916
747, 22.41119403497396, 21.90147338573045, 977.6936473893718, 0.5097206492435085
748, 22.40958765536618, 21.902479874877525, 977.7443581674206, 0.5071077804886563
749, 22.407989702826583, 21.90348121908204, 977.7948090157951, 0.5045084837445444
750, 22.40640013159861, 21.90447744492755, 977.8450012844622, 0.5019226866710582
751, 22.40481889619015, 21.905468578857263, 977.8949363161955, 0.4993503173328868
752, 22.4032459513717, 21.90645464717482, 977.9446154466152, 0.4967913041968828
753, 22.401681252174903, 21.907435676045036, 977.9940400042282, 0.49424557612986675
754, 22.400124753890623, 21.908411691494695, 978.0432113104678, 0.4917130623959274
755, 22.398576412067513, 21.909382719413294, 978.0921306797331, 0.48919369265421864
756, 22.397036182510234, 21.91034878555379, 978.1407994194288, 0.4866873969564445
757, 22.395504021277908, 21.911309915533366, 978.1892188300033, 0.48419410574454247
758, 22.393979884682423, 21.91226613483417, 978.2373902049881, 0.48171374984825377
759, 22.39246372928691, 21.913217468804053, 978.2853148310363, 0.47924626048285646
760, 22.390955511904096, 21.91416394265732, 978.332993987961, 0.47679156924677457
761, 22.389455189594713, 21.91510558147544, 978.380428948773, 0.4743496081192724
762, 22.387962719665985, 21.91604241020779, 978.4276209797188, 0.47192030945819496
763, 22.386478059670004, 21.91697445367238, 978.4745713403186, 0.4695036059976232
764, 22.385001167402216, 21.917901736556573, 978.5212812834031, 0.46709943084564287
765, 22.383532000899876, 21.918824283417788, 978.5677520551513, 0.4647077174820886
766, 22.382070518440543, 21.919742118684212, 978.613984895127, 0.46232839975633055
767, 22.3806166785405, 21.92065526665554, 978.6599810363156, 0.459961411884958
768, 22.37917043995334, 21.92156375150363, 978.7057417051606, 0.45760668844971164
769, 22.37773176166842, 21.922467597273233, 978.7512681216001, 0.4552641643951887
770, 22.37630060290936, 21.923366827882674, 978.7965614991027, 0.4529337750266862
771, 22.374876923132618, 21.924261467124555, 978.8416230447035, 0.4506154560080624
772, 22.37346068202602, 21.925151538666437, 978.8864539590395, 0.44830914335958383
773, 22.37205183950728, 21.92603706605151, 978.9310554363851, 0.4460147734557687
774, 22.370650355722574, 21.926918072699298, 978.9754286646875, 0.4437322830232766
775, 22.36925619104514, 21.92779458190629, 979.0195748256014, 0.44146160913884813
776, 22.367869306073814, 21.92866661684666, 979.0634950945241, 0.4392026892271552
777, 22.366489661631633, 21.929534200572913, 979.1071906406299, 0.4369554610587194
778, 22.36511721876449, 21.93039735601653, 979.1506626269047, 0.4347198627479578
779, 22.363751938739604, 21.931256105988663, 979.1939122101797, 0.4324958327509414
780, 22.362393783044332, 21.932110473180753, 979.2369405411661, 0.43028330986357943
781, 22.361042713384627, 21.93296048016521, 979.279748764488, 0.42808223321941696
782, 22.359698691683796, 21.93380614939604, 979.3223380187168, 0.4258925422877553
783, 22.35836168008108, 21.934647503209515, 979.3647094364039, 0.42371417687156665
784, 22.357031640930366, 21.935484563824776, 979.4068641441145, 0.4215470771055898
785, 22.355708536798794, 21.9363173533445, 979.4488032624599, 0.4193911834542945
786, 22.35439233046548, 21.937145893755524, 979.490527906131, 0.41724643670995576
787, 22.35308298492022, 21.93797020692947, 979.53203918393, 0.41511277799074975
788, 22.35178046336211, 21.93879031462337, 979.5733381988039, 0.41299014873874285
789, 22.350484729198342, 21.93960623848028, 979.6144260478757, 0.41087849071806204
790, 22.349195746042867, 21.940418000029933, 979.655303822477, 0.4087777460129338
791, 22.347913477715103, 21.941225620689305, 979.6959726081795, 0.4066878570257977
792, 22.34663788823873, 21.94202912176326, 979.7364334848271, 0.40460876647547295
793, 22.3453689418404, 21.94282852444514, 979.7766875265667, 0.40254041739525803
794, 22.344106602948443, 21.943623849817396, 979.8167358018798, 0.40048275313104753
795, 22.342850836191722, 21.944415118852135, 979.8565793736137, 0.3984357173395878
796, 22.341601606398285, 21.945202352411762, 979.8962192990124, 0.3963992539865231
797, 22.34035887859426, 21.945985571249583, 979.9356566297469, 0.3943733073446758
798, 22.33912261800255, 21.946764796010342, 979.974892411946, 0.39235782199220637
799, 22.337892790041664, 21.947540047230856, 980.0139276862271, 0.39035274281080845
800, 22.336669360324557, 21.94831134534058, 980.0527634877255, 0.38835801498397515
801, 22.335452294657323, 21.949078710662185, 980.0914008461251, 0.38637358399513744
802, 22.334241559038148, 21.94984216341213, 980.1298407856877, 0.3843993956260192
803, 22.333037119656062, 21.950601723701258, 980.1680843252832, 0.38243539595480414
804, 22.331838942889775, 21.95135741153534, 980.2061324784187, 0.38048153135443386
805, 22.33064699530655, 21.95210924681566, 980.2439862532677, 0.37853774849089206
806, 22.32946124366105, 21.952857249339566, 980.2816466526999, 0.37660399432148495
807, 22.328281654894155, 21.953601438801037, 980.3191146743093, 0.3746802160931182
808, 22.32710819613188, 21.954341834791233, 980.3563913104433, 0.37276636134064844
809, 22.325940834684232, 21.955078456799065, 980.3934775482319, 0.3708623778851674
810, 22.324779538044083, 21.955811324211734, 980.4303743696152, 0.3689682138323498
811, 22.323624273886068, 21.95654045631526, 980.4670827513722, 0.36708381757080843
812, 22.322475010065446, 21.957265872295064, 980.5036036651493, 0.3652091377703819
813, 22.321331714617116, 21.957987591236495, 980.5399380774874, 0.36334412338062094
814, 22.320194355754374, 21.95870563212536, 980.5760869498503, 0.36148872362901585
815, 22.319062901867966, 21.95942001384844, 980.6120512386523, 0.3596428880195255
816, 22.317937321524923, 21.960130755194083, 980.6478318952853, 0.35780656633084007
817, 22.316817583467582, 21.960837874852672, 980.6834298661469, 0.35597970861491035
818, 22.315703656612428, 21.961541391417185, 980.7188460926664, 0.3541622651952423
819, 22.31459551004913, 21.9622413233837, 980.7540815113329, 0.35235418666542984
820, 22.313493113039442, 21.96293768915193, 980.7891370537216, 0.3505554238875135
821, 22.31239643501622, 21.963630507025727, 980.8240136465206, 0.3487659279904918
822, 22.311305445582306, 21.964319795213605, 980.8587122115574, 0.3469856503687012
823, 22.31022011450961, 21.965005571829256, 980.8932336658255, 0.3452145426803561
824, 22.30914041173802, 21.96568785489203, 980.9275789215101, 0.3434525568459925
825, 22.308066307374418, 21.966366662327484, 980.9617488860148, 0.3416996450469334
826, 22.30699777169167, 21.967042011967855, 980.9957444619872, 0.3399557597238143
827, 22.30593477512766, 21.96771392155256, 981.0295665473448, 0.3382208535751019
828, 22.304877288284246, 21.968382408728708, 981.0632160353003, 0.3364948795555378
829, 22.303825281926343, 21.96904749105158, 981.0966938143878, 0.3347777908747638
830, 22.30277872698089, 21.969709185985128, 981.1300007684873, 0.333069540995762
831, 22.301737594535936, 21.970367510902474, 981.1631377768507, 0.33137008363346254
832, 22.300701855839606, 21.971022483086358, 981.196105714126, 0.32967937275324743
833, 22.29967148229923, 21.971674119729677, 981.228905450383, 0.3279973625695547
834, 22.298646445480315, 21.97232243793591, 981.2615378511374, 0.3263240075444038
835, 22.297626717105672, 21.972967454719647, 981.294003777376, 0.3246592623860245
836, 22.296612269054428, 21.973609187007003, 981.3263040855808, 0.3230030820474248
837, 22.2956030733611, 21.974247651636162, 981.3584396277532, 0.32135542172493814
838, 22.294599102214704, 21.974882865357777, 981.3904112514389, 0.3197162368569266
839, 22.293600327957826, 21.975514844835505, 981.4222197997511, 0.31808548312232077
840, 22.292606723085655, 21.976143606646406, 981.4538661113951, 0.3164631164392482
841, 22.291618260245187, 21.976769167281457, 981.4853510206915, 0.31484909296372976
842, 22.29063491223419, 21.97739154314597, 981.5166753576003, 0.3132433690882195
843, 22.28965665200044, 21.978010750560085, 981.5478399477444, 0.31164590144035387
844, 22.28868345264074, 21.978626805759195, 981.5788456124325, 0.3100566468815451
845, 22.287715287400104, 21.97923972489442, 981.6096931686831, 0.3084755625056843
846, 22.286752129670774, 21.979849524033035, 981.6403834292469, 0.3069026056377382
847, 22.28579395299152, 21.980456219158942, 981.6709172026301, 0.3053377338325767
848, 22.284840731046614, 21.98105982617308, 981.7012952931175, 0.30378090487353404
849, 22.28389243766506, 21.9816603608939, 981.7315185007946, 0.3022320767711584
850, 22.282949046819702, 21.982257839057784, 981.7615876215707, 0.3006912077619184
851, 22.2820105326264, 21.98285227631949, 981.7915034472014, 0.2991582563069102
852, 22.28107686934318, 21.98344368825258, 981.8212667653105, 0.29763318109059966
853, 22.28014803136938, 21.984032090349864, 981.8508783594125, 0.2961159410195151
854, 22.279223993244862, 21.984617498023802, 981.8803390089346, 0.2946064952210605
855, 22.278304729649122, 21.98519992660697, 981.9096494892387, 0.2931048030421515
856, 22.27739021540053, 21.985779391352445, 981.9388105716436, 0.29161082404808525
857, 22.27648042545549, 21.986355907434266, 981.9678230234457, 0.29012451802122285
858, 22.275575334907607, 21.98692948994782, 981.9966876079417, 0.2886458449597882
859, 22.27467491898694, 21.987500153910275, 982.0254050844494, 0.2871747650766636
860, 22.273779153059145, 21.988067914260995, 982.0539762083292, 0.2857112387981502
861, 22.272888012624698, 21.988632785861945, 982.0824017310055, 0.2842552267627525
862, 22.272001473318163, 21.989194783498135, 982.1106823999875, 0.28280668982002766
863, 22.271119510907283, 21.989753921877963, 982.1388189588904, 0.2813655890293205
864, 22.270242101292332, 21.99031021563368, 982.1668121474563, 0.2799318856586517
865, 22.26936922050529, 21.990863679321784, 982.1946627015747, 0.278505541183506
866, 22.268500844709017, 21.99141432742337, 982.2223713533032, 0.27708651728564604
867, 22.26763695019659, 21.991962174344618, 982.2499388308884, 0.27567477585197153
868, 22.266777513390487, 21.99250723441712, 982.2773658587857, 0.2742702789733684
869, 22.265922510841833, 21.993049521898286, 982.3046531576801, 0.27287298894354706
870, 22.265071919229683, 21.993589050971764, 982.3318014445059, 0.27148286825791956
871, 22.264225715360226, 21.994125835747813, 982.3588114324672, 0.2700998796124132
872, 22.26338387616609, 21.994659890263687, 982.3856838310575, 0.2687239859024011
873, 22.262546378705622, 21.995191228484025, 982.4124193460797, 0.26735515022159717
874, 22.261713200162085, 21.995719864301243, 982.4390186796658, 0.2659933358608413
875, 22.260884317843, 21.996245811535903, 982.4654825302965, 0.2646385063070973
876, 22.2600597091794, 21.996769083937103, 982.4918115928208, 0.2632906252422984
877, 22.259239351725128, 21.997289695182857, 982.518006558475, 0.26194965654227076
878, 22.258423223156093, 21.99780765888045, 982.5440681149025, 0.2606155642756427
