graph_2.csv
round, demand, supply, price, demand-supply
879, 22.2576113012696, 21.998322988566844, 982.5699969461728, 0.2592883127027541
880, 22.256803563983638, 21.998835697709026, 982.5957937328002, 0.2579678662746119
881, 22.255999989336175, 21.999345799704383, 982.6214591517634, 0.2566541896317922
882, 22.255200555484457, 21.99985330788106, 982.6469938765237, 0.255347247603396
883, 22.254405240704337, 22.000358235498357, 982.6723985770443, 0.25404700520597956
884, 22.25361402338958, 22.00086059574705, 982.6976739198086, 0.2527534276425314
885, 22.252826882051195, 22.001360401749785, 982.7228205678388, 0.25146648030140994
886, 22.25204379531676, 22.00185766656143, 982.7478391807143, 0.25018612875532753
887, 22.251264741929717, 22.002352403169418, 982.7727304145903, 0.24891233876029872
888, 22.250489700748716, 22.002844624494113, 982.7974949222158, 0.24764507625460297
889, 22.249718650747027, 22.00333434338918, 982.8221333529516, 0.24638430735784667
890, 22.24895157101175, 22.003821572641897, 982.8466463527885, 0.24512999836985472
891, 22.248188440743256, 22.004306324973538, 982.8710345643655, 0.2438821157697184
892, 22.247429239254537, 22.004788613039725, 982.8952986269869, 0.2426406262148113
893, 22.246673945970507, 22.005268449430737, 982.9194391766409, 0.24140549653976962
894, 22.245922540427358, 22.00574584667189, 982.9434568460165, 0.24017669375546902
895, 22.24517500227202, 22.006220817223856, 982.9673522645213, 0.2389541850481649
896, 22.244431311261387, 22.006693373483028, 982.9911260582992, 0.23773793777835905
897, 22.24369144726178, 22.007163527781824, 983.0147788502472, 0.23652791947995766
898, 22.242955390248326, 22.00763129238906, 983.0383112600332, 0.2353240978592659
899, 22.242223120304267, 22.008096679510263, 983.0617239041126, 0.2341264407940038
900, 22.241494617620383, 22.008559701288, 983.0850173957458, 0.2329349163323826
901, 22.24076986249441, 22.009020369802222, 983.108192345015, 0.23174949269218814
902, 22.24004883533037, 22.0094786970706, 983.131249358841, 0.2305701382597718
903, 22.239331516637975, 22.009934695048816, 983.154189041, 0.22939682158915886
904, 22.238617887032063, 22.010388375630935, 983.1770119921401, 0.22822951140112835
905, 22.237907927231973, 22.01083975064971, 983.1997188097984, 0.2270681765822644
906, 22.237201618060922, 22.011288831876882, 983.2223100884167, 0.22591278618403976
907, 22.236498940445486, 22.01173563102353, 983.2447864193589, 0.22476330942195588
908, 22.23579987541494, 22.01218015974039, 983.2671483909263, 0.22361971567455186
909, 22.235104404100674, 22.012622429618137, 983.2893965883745, 0.22248197448253748
910, 22.234412507735705, 22.013062452187754, 983.3115315939293, 0.22135005554795129
911, 22.233724167653982, 22.0135002389208, 983.3335539868026, 0.22022392873318353
912, 22.233039365289876, 22.013935801229728, 983.3554643432086, 0.21910356406014841
913, 22.232358082177598, 22.014369150468227, 983.3772632363796, 0.21798893170937106
914, 22.231680299950668, 22.01480029793149, 983.3989512365815, 0.21688000201917745
915, 22.23100600034124, 22.01522925485655, 983.42052891113, 0.21577674548468906
916, 22.230335165179703, 22.01565603242257, 983.4419968244057, 0.21467913275713357
917, 22.229667776393974, 22.016080641751145, 983.46335553787, 0.21358713464282886
918, 22.229003816009055, 22.01650309390662, 983.4846056100803, 0.21250072210243331
919, 22.228343266146425, 22.01692339989637, 983.5057475967053, 0.21141986625005416
920, 22.2276861090235, 22.017341570671107, 983.5267820505405, 0.21034453835239475
921, 22.227032326953136, 22.017757617125188, 983.5477095215233, 0.20927470982794816
922, 22.226381902343014, 22.01817155009688, 983.5685305567479, 0.20821035224613382
923, 22.22573481769517, 22.018583380368685, 983.5892457004805, 0.207151437326484
924, 22.225091055605418, 22.01899311866763, 983.6098554941743, 0.20609793693778755
925, 22.22445059876287, 22.019400775665538, 983.630360476484, 0.20504982309733322
926, 22.22381342994936, 22.019806361979313, 983.650761183281, 0.2040070679700463
927, 22.223179532038934, 22.020209888171255, 983.6710581476677, 0.20296964386767868
928, 22.22254888799735, 22.020611364749335, 983.6912518999925, 0.20193752324801295
929, 22.221921480881555, 22.021010802167467, 983.7113429678639, 0.20091067871408796
930, 22.221297293839157, 22.021408210825804, 983.7313318761652, 0.19988908301335329
931, 22.220676310107933, 22.02180360107101, 983.7512191470689, 0.1988727090369231
932, 22.22005851301531, 22.022196983196547, 983.7710053000508, 0.1978615298187627
933, 22.219443885977853, 22.02258836744295, 983.7906908519043, 0.19685551853490324
934, 22.218832412500774, 22.0229777639981, 983.8102763167545, 0.19585464850267442
935, 22.2182240761775, 22.023365182997505, 983.8297622060726, 0.19485889317999394
936, 22.217618860689008, 22.023750634524582, 983.849149028689, 0.193868226164426
937, 22.217016749803506, 22.024134128610903, 983.8684372908083, 0.19288262119260224
938, 22.216417727375898, 22.024515675236483, 983.8876274960222, 0.19190205213941525
939, 22.215821777347223, 22.02489528433006, 983.9067201453239, 0.19092649301716236
940, 22.215228883744253, 22.025272965769346, 983.9257157371214, 0.18995591797490619
941, 22.214639030678995, 22.02564872938128, 983.9446147672512, 0.18899030129771432
942, 22.214052202348206, 22.026022584942332, 983.9634177289918, 0.1880296174058742
943, 22.213468383032904, 22.026394542178746, 983.9821251130771, 0.18707384085415768
944, 22.212887557097922, 22.02676461076678, 984.0007374077103, 0.18612294633114246
945, 22.21230970899144, 22.02713280033301, 984.0192550985761, 0.1851769086584305
946, 22.21173482324452, 22.027499120454557, 984.037678668855, 0.18423570278996237
947, 22.21116288447059, 22.027863580659357, 984.0560085992362, 0.18329930381123205
948, 22.210593877365064, 22.02822619042641, 984.0742453679301, 0.18236768693865457
949, 22.21002778670485, 22.02858695918605, 984.0923894506819, 0.18144082751879864
950, 22.20946459734786, 22.02894589632018, 984.1104413207847, 0.18051870102767964
951, 22.20890429423264, 22.029303011162543, 984.1284014490917, 0.17960128307009526
952, 22.208346862377844, 22.02965831299896, 984.1462703040296, 0.178688549378883
953, 22.20779228688182, 22.030011811067578, 984.164048351611, 0.1777804758142416
954, 22.20724055292218, 22.030363514559124, 984.1817360554472, 0.17687703836305602
955, 22.206691645755328, 22.03071343261717, 984.1993338767611, 0.17597821313815842
956, 22.206145550716045, 22.031061574338334, 984.2168422743989, 0.17508397637771012
957, 22.205602253217037, 22.031407948772568, 984.2342617048433, 0.1741943044444696
958, 22.20506173874852, 22.031752564923373, 984.2515926222259, 0.173309173825146
959, 22.20452399287779, 22.03209543174807, 984.2688354783388, 0.1724285611297205
960, 22.20398900124875, 22.032436558157993, 984.2859907226479, 0.17155244309075712
961, 22.20345674958157, 22.032775953018785, 984.3030588023041, 0.17068079656278456
962, 22.202927223672177, 22.033113625150587, 984.3200401621563, 0.16981359852158917
963, 22.202400409391892, 22.033449583328313, 984.3369352447626, 0.16895082606357903
964, 22.20187629268699, 22.033783836281863, 984.3537444904031, 0.1680924564051267
965, 22.201354859578267, 22.03411639269635, 984.3704683370912, 0.16723846688191557
966, 22.2008360961607, 22.034447261212357, 984.387107220586, 0.1663888349483429
967, 22.200319988602928, 22.034776450426158, 984.4036615744037, 0.16554353817677026
968, 22.19980652314692, 22.03510396888993, 984.4201318298294, 0.1647025542569871
969, 22.19929568610759, 22.035429825112033, 984.436518415929, 0.163865860995557
970, 22.198787463872286, 22.035754027557157, 984.4528217595605, 0.16303343631512845
971, 22.198281842900514, 22.036076584646636, 984.4690422853859, 0.1622052582538771
972, 22.19777880972348, 22.036397504758625, 984.4851804158824, 0.1613813049648556
973, 22.197278350943655, 22.036716796228305, 984.501236571354, 0.1605615547153505
974, 22.19678045323448, 22.03703446734817, 984.5172111699426, 0.1597459858863104
975, 22.19628510333991, 22.037350526368193, 984.5331046276398, 0.15893457697171698
976, 22.195792288073967, 22.037664981496068, 984.5489173582976, 0.15812730657789942
977, 22.195301994320523, 22.037977840897433, 984.5646497736399, 0.15732415342309025
978, 22.19481420903275, 22.038289112696074, 984.5803022832736, 0.15652509633667577
979, 22.19432891923283, 22.03859880497415, 984.5958752946995, 0.15573011425868089
980, 22.193846112011542, 22.038906925772434, 984.6113692133233, 0.1549391862391083
981, 22.193365774527877, 22.03921348309047, 984.626784442467, 0.1541522914374056
982, 22.19288789400869, 22.039518484886848, 984.6421213833793, 0.1533694091218436
983, 22.19241245774832, 22.039821939079378, 984.6573804352462, 0.1525905186689407
984, 22.191939453108198, 22.040123853545307, 984.6725619952025, 0.15181559956289092
985, 22.191468867516498, 22.04042423612155, 984.687666458342, 0.1510446313949494
986, 22.191000688467767, 22.040723094604868, 984.7026942177283, 0.1502775938628993
987, 22.190534903522575, 22.041020436752113, 984.7176456644054, 0.1495144667704622
988, 22.190071500307084, 22.041316270280397, 984.732521187408, 0.148755230026687
989, 22.189610466512818, 22.041610602867316, 984.7473211737725, 0.14799986364550222
990, 22.189151789896165, 22.04190344215117, 984.762046008547, 0.14724834774499485
991, 22.18869545827812, 22.042194795731138, 984.7766960748017, 0.14650066254698046
992, 22.188241459543875, 22.0424846711675, 984.7912717536394, 0.1457567883763744
993, 22.1877897816425, 22.042773075981827, 984.8057734242055, 0.14501670566067304
994, 22.187340412586572, 22.043060017657194, 984.8202014636985, 0.14428039492937828
995, 22.186893340451846, 22.043345503638363, 984.8345562473799, 0.14354783681348238
996, 22.1864485533769, 22.043629541332, 984.8488381485844, 0.14281901204489955
997, 22.186006039562777, 22.043912138106858, 984.8630475387299, 0.14209390145591883
998, 22.18556578727268, 22.04419330129398, 984.8771847873278, 0.14137248597869956
999, 22.185127784831593, 22.044473038186894, 984.8912502619922, 0.14065474664469946
1000, 22.184692020625967, 22.044751356041807, 984.9052443284506, 0.13994066458415944
1001, 22.184258483103378, 22.04502826207779, 984.9191673505532, 0.13923022102558846
1002, 22.183827160772196, 22.04530376347698, 984.9330196902827, 0.13852339729521645
1003, 22.18339804220126, 22.04557786738479, 984.9468017077643, 0.13782017481647202
1004, 22.182971116019502, 22.045850580910027, 984.9605137612753, 0.13712053510947442
1005, 22.182546370915716, 22.04612191112519, 984.9741562072543, 0.13642445979052553
1006, 22.182123795638105, 22.046391865066568, 984.9877294003114, 0.13573193057153787
1007, 22.18170337899408, 22.046660449734457, 985.0012336932374, 0.13504292925962247
1008, 22.18128510984986, 22.04692767209336, 985.014669437013, 0.1343574377564991
1009, 22.180868977130167, 22.047193539072147, 985.0280369808188, 0.1336754380580203
1010, 22.180454969817923, 22.047458057564274, 985.0413366720442, 0.13299691225364896
1011, 22.180043076953936, 22.047721234427932, 985.0545688562968, 0.13232184252600376
1012, 22.17963328763654, 22.047983076486236, 985.0677338774118, 0.13165021115030484
1013, 22.17922559102138, 22.04824359052742, 985.0808320774612, 0.13098200049395814
1014, 22.17881997632093, 22.048502783305008, 985.0938637967628, 0.13031719301592304
1015, 22.17841643280441, 22.048760661537997, 985.1068293738895, 0.12965577126641392
1016, 22.178014949797287, 22.049017231911037, 985.1197291456781, 0.12899771788625003
1017, 22.17761551668105, 22.04927250107459, 985.1325634472388, 0.1283430156064611
1018, 22.177218122892924, 22.049526475645134, 985.1453326119636, 0.12769164724779003
1019, 22.176822757925507, 22.04977916220533, 985.1580369715356, 0.12704359572017765
1020, 22.176429411326538, 22.05003056730418, 985.1706768559378, 0.1263988440223578
1021, 22.176038072698532, 22.050280697457218, 985.1832525934619, 0.1257573752413137
1022, 22.175648731698523, 22.050529559146685, 985.1957645107171, 0.12511917255183747
1023, 22.175261378037774, 22.050777158821695, 985.2082129326387, 0.12448421921607888
1024, 22.17487600148145, 22.05102350289839, 985.220598182497, 0.12385249858306224
1025, 22.17449259184837, 22.051268597760135, 985.2329205819059, 0.12322399408823514
1026, 22.174111139010662, 22.05151244975769, 985.2451804508312, 0.12259868925297113
1027, 22.173731632893535, 22.05175506520935, 985.2573781075996, 0.12197656768418597
1028, 22.17335406347493, 22.051996450401134, 985.269513868907, 0.12135761307379767
1029, 22.1729784207853, 22.05223661158694, 985.2815880498268, 0.12074180919835698
1030, 22.172604694907264, 22.052475554988728, 985.2936009638187, 0.1201291399185358
1031, 22.172232875975354, 22.052713286796667, 985.3055529227365, 0.11951958917868666
1032, 22.17186295417578, 22.05294981316931, 985.3174442368372, 0.11891314100646966
1033, 22.171494919746024, 22.053185140233744, 985.3292752147885, 0.1183097795122805
1034, 22.17112876297471, 22.053419274085773, 985.3410461636773, 0.11770948888893784
1035, 22.170764474201256, 22.05365222079006, 985.3527573890185, 0.11711225341119658
1036, 22.170402043815557, 22.053883986380296, 985.3644091947621, 0.11651805743526111
1037, 22.170041462257814, 22.05411457685936, 985.3760018833019, 0.11592688539845497
1038, 22.169682720018187, 22.05434399819947, 985.3875357554838, 0.1153387218187163
1039, 22.169325807636547, 22.054572256342365, 985.3990111106132, 0.11475355129418219
1040, 22.16897071570223, 22.054799357199435, 985.4104282464634, 0.11417135850279436
1041, 22.1686174348537, 22.05502530665187, 985.4217874592836, 0.11359212820183018
1042, 22.16826595577841, 22.05525011055086, 985.4330890438064, 0.11301584522755093
1043, 22.167916269212398, 22.055473774717708, 985.4443332932558, 0.11244249449469024
1044, 22.167568365940127, 22.055696304944007, 985.4555204993554, 0.11187206099612013
1045, 22.167222236794174, 22.055917706991774, 985.4666509523357, 0.1113045298023998
1046, 22.166877872654972, 22.05613798659362, 985.4777249409418, 0.11073988606135288
1047, 22.166535264450594, 22.056357149452886, 985.4887427524416, 0.11017811499770858
1048, 22.166194403156446, 22.056575201243813, 985.4997046726328, 0.10961920191263275
1049, 22.16585527979506, 22.056792147611688, 985.5106109858511, 0.1090631321833726
1050, 22.165517885435776, 22.057007994172956, 985.5214619749775, 0.10850989126281974
1051, 22.165182211194548, 22.05722274651543, 985.5322579214454, 0.10795946467911932
1052, 22.16484824823371, 22.057436410198385, 985.542999105249, 0.1074118380353255
1053, 22.16451598776164, 22.05764899075274, 985.5536858049499, 0.10686699700890046
1054, 22.164185421032606, 22.057860493681194, 985.564318297685, 0.10632492735141241
1055, 22.16385653934644, 22.058070924458352, 985.5748968591738, 0.10578561488808802
1056, 22.16352933404839, 22.0582802885309, 985.5854217637255, 0.10524904551749259
1057, 22.16320379652874, 22.05848859131773, 985.5958932842467, 0.10471520521101141
1058, 22.16287991822273, 22.058695838210088, 985.6063116922479, 0.10418408001264012
1059, 22.16255769061018, 22.05890203457171, 985.6166772578517, 0.1036556560384696
1060, 22.16223710521532, 22.059107185738977, 985.6269902497994, 0.10312991947634131
1061, 22.161918153606535, 22.05931129702105, 985.6372509354579, 0.10260685658548496
1062, 22.161600827396143, 22.0595143737, 985.6474595808276, 0.10208645369614189
1063, 22.161285118240123, 22.059716421030963, 985.6576164505485, 0.10156869720916006
1064, 22.160971017837916, 22.059917444242256, 985.667721807908, 0.10105357359566014
1065, 22.16065851793219, 22.06011744853555, 985.6777759148478, 0.10054106939664109
1066, 22.16034761030859, 22.06031643908598, 985.68777903197, 0.10003117122261074
1067, 22.16003828679552, 22.060514421042285, 985.6977314185453, 0.09952386575323402
1068, 22.15973053926392, 22.060711399526944, 985.7076333325191, 0.09901913973697418
1069, 22.159424359627018, 22.060907379636326, 985.7174850305182, 0.09851697999069131
1070, 22.159119739840108, 22.061102366440796, 985.7272867678581, 0.09801737339931194
1071, 22.158816671900375, 22.06129636498488, 985.7370387985496, 0.09752030691549507
1072, 22.158515147846586, 22.061489380287377, 985.7467413753055, 0.09702576755920944
1073, 22.15821515975894, 22.06168141734149, 985.7563947495473, 0.09653374241744928
1074, 22.15791669975882, 22.061872481114982, 985.7659991714117, 0.09604421864383994
1075, 22.157619760008565, 22.06206257655027, 985.7755548897576, 0.09555718345829334
1076, 22.157324332711255, 22.06225170856459, 985.7850621521723, 0.09507262414666329
1077, 22.157030410110487, 22.0624398820501, 985.7945212049783, 0.0945905280603867
1078, 22.156737984490213, 22.06262710187403, 985.8039322932399, 0.09411088261618517
1079, 22.156447048174435, 22.062813372878786, 985.8132956607694, 0.09363367529564925
1080, 22.156157593527062, 22.0629986998821, 985.822611550134, 0.09315889364496144
1081, 22.155869612951676, 22.063183087677153, 985.8318802026614, 0.09268652527452304
1082, 22.1555830988913, 22.06336654103269, 985.8411018584472, 0.0922165578586096
1083, 22.155298043828232, 22.063549064693145, 985.8502767563607, 0.09174897913508673
1084, 22.155014440283793, 22.063730663378788, 985.8594051340511, 0.091283776905005
1085, 22.154732280818124, 22.063911341785822, 985.8684872279543, 0.0908209390323016
1086, 22.15445155803002, 22.06409110458652, 985.8775232732987, 0.0903604534434983
1087, 22.154172264556664, 22.06426995642935, 985.8865135041115, 0.08990230812731426
1088, 22.153894393073507, 22.064447901939086, 985.8954581532249, 0.08944649113442082
1089, 22.153617936293955, 22.06462494571695, 985.9043574522826, 0.0889929905770046
1090, 22.153342886969256, 22.064801092340705, 985.9132116317455, 0.08854179462855072
1091, 22.15306923788826, 22.064976346364794, 985.9220209208979, 0.08809289152346622
1092, 22.15279698187723, 22.06515071232046, 985.9307855478536, 0.08764626955677102
1093, 22.15252611179963, 22.065324194715863, 985.9395057395619, 0.08720191708376746
