graph_2.csv
round, demand, supply, price, demand-supply
1094, 22.152256620555974, 22.06549679803619, 985.9481817218139, 0.08675982251978454
1095, 22.151988501083522, 22.065668526743778, 985.9568137192479, 0.08631997433974448
1096, 22.151721746356202, 22.065839385278235, 985.9654019553557, 0.08588236107796732
1097, 22.15145634938439, 22.066009378056563, 985.9739466524885, 0.0854469713278263
1098, 22.15119230321465, 22.066178509473243, 985.9824480318626, 0.08501379374140683
1099, 22.150929600929615, 22.0663467839004, 985.9909063135656, 0.08458281702921511
1100, 22.150668235647743, 22.066514205687866, 985.9993217165616, 0.0841540299598762
1101, 22.150408200523174, 22.066680779163327, 986.0076944586975, 0.08372742135984623
1102, 22.150149488745534, 22.06684650863244, 986.0160247567088, 0.08330298011309267
1103, 22.149892093539684, 22.06701139837891, 986.0243128262249, 0.08288069516077456
1104, 22.149636008165636, 22.067175452664653, 986.032558881775, 0.08246055550098319
1105, 22.149381225918248, 22.06733867572986, 986.0407631367939, 0.0820425501883868
1106, 22.149127740127177, 22.06750107179314, 986.0489258036273, 0.08162666833403875
1107, 22.148875544156553, 22.067662645051623, 986.0570470935378, 0.0812128991049299
1108, 22.148624631404907, 22.06782339968105, 986.0651272167102, 0.08080123172385711
1109, 22.14837499530495, 22.067983339835926, 986.073166382257, 0.08039165546902183
1110, 22.148126629323343, 22.06814246964958, 986.0811647982243, 0.0799841596737636
1111, 22.147879526960615, 22.068300793234307, 986.089122671597, 0.07957873372630786
1112, 22.14763368175089, 22.068458314681468, 986.097040208304, 0.0791753670694213
1113, 22.1473890872618, 22.068615038061587, 986.104917613224, 0.07877404920021291
1114, 22.147145737094213, 22.06877096742447, 986.112755090191, 0.07837476966974322
1115, 22.146903624882114, 22.0689261067993, 986.1205528419993, 0.07797751808281461
1116, 22.146662744292414, 22.06908046019476, 986.128311070409, 0.07758228409765522
1117, 22.146423089024815, 22.069234031599116, 986.1360299761516, 0.07718905742569859
1118, 22.146184652811577, 22.069386824980345, 986.1437097589347, 0.07679782783123201
1119, 22.145947429417376, 22.069538844286214, 986.1513506174479, 0.076408585131162
1120, 22.145711412639116, 22.069690093444397, 986.1589527493674, 0.07602131919471944
1121, 22.145476596305784, 22.069840576362584, 986.1665163513617, 0.07563601994320024
1122, 22.145242974278283, 22.069990296928577, 986.1740416190967, 0.07525267734970598
1123, 22.145010540449206, 22.07013925901038, 986.1815287472406, 0.07487128143882771
1124, 22.14477928874276, 22.070287466456328, 986.1889779294693, 0.07449182228643281
1125, 22.144549213114537, 22.07043492309516, 986.1963893584713, 0.0741142900193772
1126, 22.144320307551332, 22.070581632736122, 986.2037632259528, 0.07373867481521046
1127, 22.144092566071045, 22.070727599169103, 986.211099722643, 0.07336496690194139
1128, 22.14386598272246, 22.070872826164674, 986.2183990382988, 0.07299315655778571
1129, 22.14364055158513, 22.07101731747425, 986.2256613617099, 0.07262323411087834
1130, 22.14341626676915, 22.071161076830137, 986.2328868807037, 0.07225518993901403
1131, 22.143193122415056, 22.071304107945643, 986.2400757821507, 0.07188901446941287
1132, 22.142971112693637, 22.07144641451522, 986.2472282519685, 0.07152469817841833
1133, 22.142750231805785, 22.071588000214476, 986.2543444751277, 0.07116223159130897
1134, 22.142530473982333, 22.07172886870035, 986.2614246356559, 0.0708016052819822
1135, 22.1423118334839, 22.071869023611175, 986.2684689166432, 0.070442809872727
1136, 22.142094304600704, 22.072008468566747, 986.2754775002466, 0.07008583603395735
1137, 22.141877881652483, 22.072147207168477, 986.2824505676949, 0.06973067448400627
1138, 22.14166255898826, 22.072285242999452, 986.2893882992938, 0.06937731598880603
1139, 22.1414483309862, 22.07242257962451, 986.29629087443, 0.0690257513616892
1140, 22.141235192053507, 22.07255922059037, 986.3031584715764, 0.06867597146313642
1141, 22.141023136626245, 22.07269516942572, 986.3099912682964, 0.06832796720052414
1142, 22.14081215916916, 22.07283042964128, 986.3167894412492, 0.06798172952787951
1143, 22.14060225417554, 22.072965004729916, 986.3235531661937, 0.06763724944562455
1144, 22.14039341616712, 22.073098898166737, 986.3302826179938, 0.06729451800038433
1145, 22.14018563969384, 22.073232113409183, 986.3369779706222, 0.06695352628465656
1146, 22.139978919333792, 22.073364653897087, 986.3436393971659, 0.06661426543670501
1147, 22.139773249692972, 22.073496523052803, 986.3502670698299, 0.0662767266401687
1148, 22.139568625405246, 22.07362772428128, 986.3568611599422, 0.065940901123966
1149, 22.139365041132073, 22.07375826097015, 986.3634218379584, 0.06560678016192512
1150, 22.13916249156251, 22.073888136489806, 986.3699492734656, 0.0652743550727024
1151, 22.138960971412928, 22.07401735419353, 986.3764436351876, 0.06494361721939867
1152, 22.138760475426956, 22.074145917417514, 986.3829050909885, 0.06461455800944194
1153, 22.138560998375297, 22.07427382948101, 986.389333807878, 0.06428716889428543
1154, 22.13836253505562, 22.074401093686394, 986.3957299520149, 0.06396144136922643
1155, 22.13816508029238, 22.07452771331923, 986.4020936887122, 0.06363736697315048
1156, 22.13796862893672, 22.0746536916484, 986.408425182441, 0.06331493728831816
1157, 22.137773175866265, 22.074779031926152, 986.414724596835, 0.06299414394011293
1158, 22.13757871598507, 22.074903737388205, 986.4209920946946, 0.06267497859686699
1159, 22.137385244223417, 22.075027811253808, 986.4272278379916, 0.06235743296960905
1160, 22.137192755537697, 22.075151256725878, 986.4334319878728, 0.062041498811819196
1161, 22.137001244910273, 22.07527407699101, 986.4396047046648, 0.061727167919261916
1162, 22.136810707349348, 22.075396275219635, 986.4457461478778, 0.06141443212971254
1163, 22.136621137888824, 22.075517854566034, 986.4518564762101, 0.06110328332279025
1164, 22.13643253158817, 22.07563881816848, 986.4579358475521, 0.06079371341969164
1165, 22.1362448835323, 22.07575916914927, 986.4639844189904, 0.06048571438303085
1166, 22.136058188831406, 22.075878910614847, 986.4700023468121, 0.060179278216558885
1167, 22.135872442620858, 22.075998045655858, 986.4759897865085, 0.05987439696500019
1168, 22.135687640061064, 22.076116577347243, 986.4819468927799, 0.05957106271382173
1169, 22.135503776337323, 22.076234508748293, 986.4878738195388, 0.059269267589030505
1170, 22.135320846659752, 22.076351842902774, 986.4937707199144, 0.05896900375697811
1171, 22.13513884626304, 22.076468582838984, 986.4996377462569, 0.058670263424055236
1172, 22.134957770406444, 22.076584731569795, 986.5054750501406, 0.058373038836649016
1173, 22.13477761437361, 22.07670029209281, 986.5112827823687, 0.05807732228080198
1174, 22.13459837347243, 22.076815267390366, 986.5170610929769, 0.05778310608206283
1175, 22.134420043034908, 22.07692966042965, 986.5228101312374, 0.05749038260525907
1176, 22.134242618417098, 22.077043474162785, 986.5285300456628, 0.05719914425431227
1177, 22.134066094998886, 22.077156711526865, 986.5342209840101, 0.056909383472021347
1178, 22.133890468183985, 22.07726937544409, 986.5398830932841, 0.05662109273989557
1179, 22.13371573339967, 22.077381468821784, 986.5455165197418, 0.056334264577884596
1180, 22.133541886096758, 22.077492994552507, 986.5511214088962, 0.05604889154425052
1181, 22.13336892174945, 22.07760395551412, 986.5566979055197, 0.055764966235329894
1182, 22.133196835855216, 22.07771435456987, 986.5622461536483, 0.055482481285345386
1183, 22.133025623934657, 22.077824194568436, 986.5677662965849, 0.05520142936622108
1184, 22.132855281531405, 22.077933478344033, 986.5732584769036, 0.05492180318737283
1185, 22.132685804212002, 22.078042208716482, 986.5787228364532, 0.05464359549552
1186, 22.13251718756574, 22.078150388491267, 986.5841595163606, 0.05436679907447228
1187, 22.13234942720461, 22.07825802045962, 986.5895686570351, 0.05409140674498758
1188, 22.132182518763145, 22.078365107398596, 986.5949503981716, 0.05381741136454821
1189, 22.132016457898274, 22.078471652071137, 986.6003048787543, 0.053544805827137054
1190, 22.13185124028928, 22.07857765722615, 986.6056322370606, 0.053273583063131014
1191, 22.131686861637597, 22.078683125598573, 986.6109326106645, 0.05300373603902386
1192, 22.131523317666804, 22.078788059909463, 986.6162061364402, 0.052735257757341
1193, 22.13136060412235, 22.078892462866033, 986.6214529505658, 0.05246814125631616
1194, 22.131198716771607, 22.078996337161755, 986.6266731885268, 0.0522023796098523
1195, 22.131037651403666, 22.07909968547643, 986.6318669851195, 0.05193796592723743
1196, 22.130877403829217, 22.079202510476218, 986.6370344744548, 0.05167489335299891
1197, 22.130717969880486, 22.079304814813767, 986.6421757899615, 0.05141315506671873
1198, 22.130559345411086, 22.079406601128227, 986.6472910643897, 0.05115274428285943
1199, 22.130401526295927, 22.07950787204536, 986.6523804298148, 0.050893654250565135
1200, 22.130244508431062, 22.079608630177574, 986.6574440176402, 0.050635878253487476
1201, 22.130088287733642, 22.079708878124023, 986.6624819586011, 0.05037940960961862
1202, 22.129932860141757, 22.079808618470654, 986.6674943827683, 0.050124241671102965
1203, 22.129778221614345, 22.079907853790274, 986.6724814195506, 0.04987036782407017
1204, 22.129624368131104, 22.080006586642632, 986.6774431976995, 0.049617781488471735
1205, 22.129471295692333, 22.08010481957448, 986.6823798453113, 0.04936647611785361
1206, 22.12931900031886, 22.08020255511962, 986.6872914898312, 0.04911644519923897
1207, 22.129167478051933, 22.080299795799, 986.6921782580565, 0.04886768225293281
1208, 22.129016724953104, 22.08039654412076, 986.6970402761398, 0.04862018083234432
1209, 22.12886673710414, 22.080492802580302, 986.7018776695921, 0.04837393452383765
1210, 22.12871751060692, 22.08058857366036, 986.7066905632868, 0.04812893694655784
1211, 22.128569041583255, 22.08068385983106, 986.711479081462, 0.04788518175219636
1212, 22.128421326174916, 22.08077866354997, 986.7162433477245, 0.047642662624944876
1213, 22.12827436054343, 22.08087298726221, 986.7209834850526, 0.047401373281218184
1214, 22.128128140870025, 22.080966833400446, 986.7256996157995, 0.04716130746957958
1215, 22.12798266335546, 22.081060204385018, 986.7303918616965, 0.04692245897044245
1216, 22.127837924220067, 22.08115310262398, 986.735060343856, 0.046684821596088
1217, 22.127693919703454, 22.08124553051313, 986.7397051827751, 0.046448389190324235
1218, 22.127550646064584, 22.081337490436127, 986.744326498338, 0.046213155628457514
1219, 22.127408099581558, 22.081428984764518, 986.7489244098197, 0.04597911481704031
1220, 22.127266276551566, 22.08152001585782, 986.753499035889, 0.045746260693746876
1221, 22.1271251732908, 22.081610586063547, 986.7580504946118, 0.045514587227252434
1222, 22.126984786134273, 22.081700697717313, 986.7625789034535, 0.045284088416959634
1223, 22.126845111435863, 22.08179035314288, 986.7670843792828, 0.04505475829298433
1224, 22.12670614556805, 22.081879554652183, 986.7715670383743, 0.044826590915867826
1225, 22.126567884921975, 22.081968304545455, 986.7760269964119, 0.04459958037652001
1226, 22.126430325907222, 22.082056605111227, 986.7804643684915, 0.04437372079599555
1227, 22.126293464951786, 22.082144458626423, 986.7848792691241, 0.04414900632536245
1228, 22.12615729850198, 22.082231867356416, 986.7892718122387, 0.043925431145563465
1229, 22.126021823022292, 22.082318833555057, 986.7936421111854, 0.04370298946723494
1230, 22.125887034995344, 22.082405359464765, 986.7979902787384, 0.04348167553057891
1231, 22.12575293092177, 22.082491447316585, 986.802316427099, 0.04326148360518545
1232, 22.125619507320117, 22.082577099330233, 986.806620667898, 0.04304240798988346
1233, 22.125486760726787, 22.08266231771415, 986.8109031121992, 0.04282444301263766
1234, 22.125354687695882, 22.08274710466557, 986.8151638705023, 0.042607583030310536
1235, 22.12522328479919, 22.082831462370585, 986.8194030527451, 0.04239182242860551
1236, 22.125092548626036, 22.08291539300418, 986.8236207683073, 0.04217715562185731
1237, 22.12496247578322, 22.082998898730295, 986.8278171260125, 0.041963577052925416
1238, 22.124833062894886, 22.083081981701906, 986.8319922341318, 0.04175108119298088
1239, 22.124704306602503, 22.083164644061043, 986.836146200386, 0.04153966254146013
1240, 22.124576203564708, 22.083246887938873, 986.8402791319486, 0.041329315625834084
1241, 22.12444875045724, 22.083328715455746, 986.8443911354487, 0.041120035001494415
1242, 22.124321943972873, 22.08341012872125, 986.8484823169739, 0.04091181525162213
1243, 22.124195780821296, 22.083491129834265, 986.8525527820726, 0.04070465098703124
1244, 22.124070257729045, 22.08357172088302, 986.8566026357572, 0.04049853684602667
1245, 22.12394537143941, 22.083651903945146, 986.8606319825067, 0.040293467494265656
1246, 22.123821118712343, 22.083731681087734, 986.8646409262691, 0.04008943762460859
1247, 22.12369749632439, 22.08381105436738, 986.8686295704648, 0.039886441957008856
1248, 22.12357450106856, 22.083890025830247, 986.8725980179886, 0.039684475238313865
1249, 22.1234521297543, 22.083968597512115, 986.8765463712128, 0.03948353224218337
1250, 22.123330379207367, 22.084046771438423, 986.8804747319897, 0.039283607768943796
1251, 22.123209246269774, 22.08412454962434, 986.8843832016543, 0.039084696645431904
1252, 22.123088727799697, 22.08420193407482, 986.8882718810268, 0.03888679372487758
1253, 22.122968820671332, 22.084278926784624, 986.8921408704155, 0.038689893886708404
1254, 22.122849521774917, 22.084355529738403, 986.8959902696191, 0.03849399203651416
1255, 22.122730828016593, 22.084431744910727, 986.8998201779297, 0.038299083105865606
1256, 22.12261273631831, 22.084507574266166, 986.9036306941349, 0.03810516205214398
1257, 22.122495243617728, 22.084583019759297, 986.9074219165208, 0.03791222385843085
1258, 22.122378346868246, 22.0846580833348, 986.9111939428741, 0.037720263533444154
1259, 22.122262043038774, 22.084732766927484, 986.9149468704852, 0.03752927611128953
1260, 22.12214632911376, 22.084807072462333, 986.9186807961504, 0.03733925665142834
1261, 22.122031202093062, 22.084881001854562, 986.9223958161742, 0.03715020023850002
1262, 22.12191665899187, 22.084954557009688, 986.9260920263724, 0.036962101982183526
1263, 22.12180269684064, 22.085027739823545, 986.9297695220741, 0.03677495701709432
1264, 22.121689312685014, 22.08510055218235, 986.9334283981244, 0.036588760502663575
1265, 22.12157650358573, 22.08517299596275, 986.9370687488868, 0.03640350762297828
1266, 22.121464266618553, 22.085245073031878, 986.9406906682455, 0.03621919358667469
1267, 22.121352598874218, 22.085316785247393, 986.9442942496081, 0.03603581362682462
1268, 22.12124149745828, 22.085388134457517, 986.9478795859081, 0.03585336300076136
1269, 22.121130959491126, 22.085459122501113, 986.9514467696072, 0.035671836990012196
1270, 22.12102098210788, 22.08552975120771, 986.9549958926972, 0.03549123090017048
1271, 22.120911562458254, 22.085600022397553, 986.9585270467032, 0.03531154006070025
1272, 22.120802697706544, 22.08566993788165, 986.9620403226858, 0.03513275982489361
1273, 22.120694385031577, 22.085739499461834, 986.9655358112427, 0.0349548855697428
1274, 22.120586621626522, 22.085808708930784, 986.9690136025123, 0.03477791269573771
1275, 22.12047940469897, 22.085877568072103, 986.972473786175, 0.03460183662686589
1276, 22.120372731470724, 22.085946078660328, 986.975916451456, 0.03442665281039581
1277, 22.120266599177803, 22.086014242460998, 986.9793416871277, 0.03425235671680582
1278, 22.120161005070322, 22.08608206123071, 986.9827495815116, 0.03407894383961363
1279, 22.120055946412485, 22.08614953671714, 986.9861402224811, 0.03390640969534431
1280, 22.119951420482444, 22.0862166706591, 986.9895136974635, 0.03373474982334557
1281, 22.11984742457225, 22.086283464786582, 986.9928700934421, 0.03356395978566695
1282, 22.119743955987815, 22.08634992082081, 986.9962094969588, 0.033394035167006564
1283, 22.119641012048774, 22.08641604047427, 986.9995319941163, 0.03322497157450499
1284, 22.119538590088467, 22.086481825450765, 987.0028376705801, 0.033056764637702685
1285, 22.119436687453877, 22.08654727744546, 987.006126611581, 0.03288941000841561
1286, 22.11933530150548, 22.086612398144915, 987.009398901917, 0.032722903360564715
1287, 22.119234429617293, 22.086677189227142, 987.0126546259561, 0.032557240390151065
1288, 22.119134069176695, 22.08674165236164, 987.0158938676376, 0.03239241681505689
1289, 22.119034217584435, 22.08680578920945, 987.0191167104751, 0.032228428374985185
1290, 22.118934872254513, 22.08686960142317, 987.0223232375582, 0.032065270831342474
1291, 22.118836030614148, 22.08693309064703, 987.0255135315549, 0.031902939967118016
1292, 22.118737690103686, 22.086996258516926, 987.0286876747136, 0.03174143158675946
1293, 22.118639848176528, 22.08705910666044, 987.0318457488653, 0.031580741516087585
1294, 22.1185425022991, 22.087121636696928, 987.0349878354255, 0.03142086560217194
1295, 22.11844564995075, 22.087183850237494, 987.0381140153968, 0.031261799713256266
1296, 22.118349288623683, 22.087245748885113, 987.0412243693706, 0.031103539738570163
1297, 22.118253415822927, 22.08730733423461, 987.0443189775294, 0.030946081588318464
1298, 22.11815802906621, 22.087368607872715, 987.0473979196488, 0.030789421193492927
1299, 22.11806312588397, 22.08742957137814, 987.0504612750993, 0.030633554505829608
1300, 22.1179687038192, 22.087490226321556, 987.053509122849, 0.03047847749764543
1301, 22.117874760427483, 22.0875505742657, 987.0565415414652, 0.030324186161784894
1302, 22.11778129327685, 22.087610616765367, 987.0595586091164, 0.03017067651148153
1303, 22.11768829994773, 22.08767035536747, 987.0625604035744, 0.030017944580258415
1304, 22.117595778032907, 22.08772979161109, 987.0655470022166, 0.029865986421818036
1305, 22.117503725137475, 22.08778892702749, 987.0685184820276, 0.029714798109985452
