graph_2.csv
round, demand, supply, price, demand-supply
1306, 22.11741213887869, 22.087847763140168, 987.0714749196014, 0.02956437573852355
1307, 22.117321016886038, 22.087906301464912, 987.0744163911436, 0.029414715421125948
1308, 22.117230356801038, 22.087964543509816, 987.0773429724727, 0.029265813291221576
1309, 22.11714015627726, 22.088022490775323, 987.0802547390228, 0.02911766550193562
1310, 22.117050412980255, 22.08808014475427, 987.0831517658454, 0.028970268225986473
1311, 22.116961124587462, 22.08813750693193, 987.0860341276109, 0.028823617655532985
1312, 22.116872288788187, 22.088194578786037, 987.0889018986111, 0.02867771000214958
1313, 22.116783903283498, 22.08825136178685, 987.0917551527607, 0.028532541496648633
1314, 22.11669596578622, 22.088307857397155, 987.0945939635996, 0.028388108389066247
1315, 22.11660847402083, 22.08836406707233, 987.0974184042944, 0.028244406948498835
1316, 22.116521425723377, 22.088419992260377, 987.1002285476408, 0.02810143346300009
1317, 22.116434818641515, 22.08847563440194, 987.1030244660648, 0.027959184239573887
1318, 22.116348650534334, 22.088530994930395, 987.1058062316251, 0.027817655603939784
1319, 22.116262919172378, 22.08858607527181, 987.1085739160152, 0.02767684390056857
1320, 22.116177622337553, 22.088640876845044, 987.1113275905644, 0.027536745492508174
1321, 22.116092757823075, 22.088695401061763, 987.1140673262406, 0.027397356761312608
1322, 22.116008323433398, 22.088749649326484, 987.1167931936513, 0.02725867410691407
1323, 22.115924316984206, 22.088803623036583, 987.1195052630461, 0.027120693947622954
1324, 22.115840736302268, 22.088857323582364, 987.1222036043181, 0.02698341271990401
1325, 22.115757579225487, 22.08891075234708, 987.1248882870059, 0.026846826878408336
1326, 22.11567484360274, 22.088963910706983, 987.1275593802955, 0.026710932895756656
1327, 22.1155925272939, 22.089016800031327, 987.1302169530217, 0.02657572726257129
1328, 22.11551062816975, 22.089069421682453, 987.1328610736704, 0.02644120648729853
1329, 22.1154291441119, 22.08912177701577, 987.13549181038, 0.026307367096130463
1330, 22.11534807301279, 22.089173867379827, 987.1381092309433, 0.026174205632962355
1331, 22.115267412775566, 22.089225694116337, 987.1407134028092, 0.026041718659229218
1332, 22.115187161314104, 22.089277258560212, 987.1433043930846, 0.0259099027538916
1333, 22.115107316552866, 22.089328562039604, 987.145882268536, 0.025778754513261504
1334, 22.115027876426943, 22.08937960587592, 987.1484470955911, 0.0256482705510237
1335, 22.114948838881894, 22.08943039138387, 987.1509989403409, 0.025518447498022567
1336, 22.114870201873792, 22.089480919871512, 987.1535378685411, 0.025389282002279856
1337, 22.1147919633691, 22.08953119264026, 987.1560639456139, 0.02526077072884192
1338, 22.114714121344655, 22.089581210984942, 987.1585772366499, 0.025132910359712213
1339, 22.114636673787622, 22.089630976193828, 987.1610778064093, 0.02500569759379445
1340, 22.114559618695345, 22.089680489548634, 987.163565719324, 0.02487912914671142
1341, 22.11448295407547, 22.089729752324605, 987.1660410394991, 0.024753201750865372
1342, 22.114406677945716, 22.089778765790506, 987.1685038307146, 0.02462791215521065
1343, 22.11433078833396, 22.089827531208687, 987.1709541564271, 0.02450325712527146
1344, 22.114255283278077, 22.089876049835084, 987.1733920797714, 0.024379233442992643
1345, 22.11418016082599, 22.089924322919273, 987.175817663562, 0.024255837906714817
1346, 22.114105419035518, 22.089972351704503, 987.1782309702951, 0.0241330673310145
1347, 22.11403105597438, 22.090020137427715, 987.1806320621498, 0.02401091854666504
1348, 22.113957069720172, 22.09006768131959, 987.1830210009899, 0.0238893884005833
1349, 22.11388345836025, 22.090114984604554, 987.1853978483655, 0.023768473755694686
1350, 22.113810219991713, 22.09016204850084, 987.1877626655146, 0.023648171490872727
1351, 22.113737352721365, 22.090208874220508, 987.1901155133646, 0.023528478500857375
1352, 22.11366485466565, 22.09025546296948, 987.1924564525342, 0.023409391696169735
1353, 22.113592723950603, 22.090301815947548, 987.1947855433345, 0.023290908003055222
1354, 22.11352095871179, 22.090347934348443, 987.1971028457709, 0.023173024363345007
1355, 22.113449557094285, 22.090393819359836, 987.1994084195444, 0.02305573773444891
1356, 22.113378517252606, 22.090439472163368, 987.2017023240534, 0.022939045089238164
1357, 22.113307837350682, 22.09048489393473, 987.203984618395, 0.022822943415953034
1358, 22.113237515561757, 22.090530085843614, 987.2062553613669, 0.022707429718142436
1359, 22.113167550068404, 22.090575049053804, 987.2085146114683, 0.022592501014599975
1360, 22.11309793906245, 22.090619784723188, 987.2107624269023, 0.022478154339260925
1361, 22.113028680744904, 22.090664294003766, 987.2129988655764, 0.022364386741138276
1362, 22.11295977332597, 22.090708578041735, 987.2152239851049, 0.022251195284233916
1363, 22.11289121502491, 22.09075263797745, 987.2174378428097, 0.022138577047460473
1364, 22.112823004070137, 22.090796474945513, 987.2196404957222, 0.02202652912462355
1365, 22.112755138698994, 22.090840090074757, 987.2218320005845, 0.021915048624236988
1366, 22.112687617157846, 22.090883484488305, 987.2240124138515, 0.02180413266954062
1367, 22.11262043770197, 22.090926659303587, 987.2261817916914, 0.021693778398383046
1368, 22.11255359859554, 22.090969615632382, 987.2283401899876, 0.021583982963157666
1369, 22.112487098111544, 22.091012354580805, 987.2304876643407, 0.02147474353073875
1370, 22.112420934531762, 22.091054877249398, 987.2326242700689, 0.02136605728236418
1371, 22.112355106146744, 22.09109718473311, 987.2347500622102, 0.021257921413635472
1372, 22.112289611255726, 22.091139278121346, 987.2368650955236, 0.021150333134379196
1373, 22.11222444816658, 22.091181158497996, 987.2389694244905, 0.021043289668583043
1374, 22.11215961519582, 22.091222826941443, 987.2410631033159, 0.020936788254378058
1375, 22.11209511066852, 22.091264284524627, 987.2431461859303, 0.020830826143892978
1376, 22.11203093291826, 22.09130553231503, 987.2452187259906, 0.02072540060322936
1377, 22.111967080287116, 22.09134657137474, 987.2472807768819, 0.020620508912376323
1378, 22.11190355112562, 22.09138740276046, 987.2493323917184, 0.020516148365160802
1379, 22.111840343792643, 22.091428027523538, 987.2513736233453, 0.020412316269105446
1380, 22.111777456655446, 22.091468446709996, 987.2534045243399, 0.02030900994544993
1381, 22.111714888089637, 22.091508661360557, 987.2554251470128, 0.0202062267290799
1382, 22.11165263647898, 22.091548672510665, 987.2574355434097, 0.02010396396831382
1383, 22.11159070021555, 22.09158848119052, 987.2594357653121, 0.020002219025030854
1384, 22.111529077699593, 22.091628088425114, 987.2614258642395, 0.01990098927447903
1385, 22.111467767339462, 22.091667495234233, 987.26340589145, 0.019800272105229055
1386, 22.111406767551642, 22.0917067026325, 987.2653758979419, 0.019700064919142335
1387, 22.111346076760633, 22.0917457116294, 987.267335934455, 0.019600365131232422
1388, 22.111285693398997, 22.091784523229293, 987.2692860514719, 0.019501170169704096
1389, 22.111225615907244, 22.091823138431465, 987.2712262992195, 0.01940247747577928
1390, 22.11116584273379, 22.09186155823014, 987.2731567276699, 0.019304284503650848
1391, 22.111106372335016, 22.091899783614487, 987.275077386542, 0.019206588720528828
1392, 22.11104720317509, 22.091937815568684, 987.2769883253026, 0.019109387606405903
1393, 22.11098833372602, 22.091975655071906, 987.278889593168, 0.019012678654114268
1394, 22.110929762467563, 22.092013303098383, 987.2807812391048, 0.01891645936917996
1395, 22.110871487887252, 22.092050760617397, 987.2826633118318, 0.018820727269854842
1396, 22.11081350848027, 22.09208802859333, 987.2845358598205, 0.018725479886938956
1397, 22.110755822749468, 22.092125107985662, 987.2863989312968, 0.0186307147638054
1398, 22.11069842920532, 22.092161999749035, 987.2882525742425, 0.01853642945628664
1399, 22.110641326365865, 22.092198704833237, 987.2900968363957, 0.018442621532628323
1400, 22.110584512756695, 22.092235224183256, 987.291931765253, 0.018349288573439537
1401, 22.110527986910853, 22.092271558739284, 987.2937574080702, 0.018256428171568473
1402, 22.110471747368898, 22.092307709436753, 987.2955738118634, 0.01816403793214505
1403, 22.110415792678793, 22.092343677206358, 987.2973810234106, 0.018072115472435257
1404, 22.110360121395857, 22.092379462974073, 987.2991790892528, 0.017980658421784312
1405, 22.11030473208281, 22.0924150676612, 987.300968055695, 0.017889664421609552
1406, 22.110249623309613, 22.092450492184348, 987.3027479688075, 0.017799131125265433
1407, 22.110194793653548, 22.092485737455505, 987.3045188744272, 0.017709056198043527
1408, 22.11014024169912, 22.09252080438203, 987.3062808181589, 0.017619437317090814
1409, 22.110085966038014, 22.09255569386667, 987.308033845376, 0.017530272171342176
1410, 22.110031965269094, 22.09259040680763, 987.3097780012222, 0.017441558461463558
1411, 22.109978237998334, 22.09262494409855, 987.3115133306121, 0.01735329389978446
1412, 22.10992478283881, 22.092659306628544, 987.3132398782332, 0.017265476210265973
1413, 22.109871598410635, 22.09269349528221, 987.314957688546, 0.01717810312842616
1414, 22.10981868334094, 22.092727510939678, 987.3166668057861, 0.0170911724012619
1415, 22.10976603626385, 22.092761354476636, 987.3183672739648, 0.01700468178721337
1416, 22.109713655820393, 22.0927950267643, 987.3200591368704, 0.016918629056092982
1417, 22.109661540658564, 22.0928285286695, 987.3217424380694, 0.01683301198906406
1418, 22.1096096894332, 22.092861861054672, 987.3234172209072, 0.016747828378527174
1419, 22.109558100805927, 22.092895024777874, 987.32508352851, 0.016663076028052615
1420, 22.109506773445275, 22.092928020692817, 987.3267414037853, 0.01657875275245857
1421, 22.109455706026466, 22.092960849648904, 987.328390889423, 0.016494856377562428
1422, 22.109404897231478, 22.092993512491226, 987.330032027897, 0.016411384740251833
1423, 22.109354345748983, 22.093026010060584, 987.3316648614658, 0.01632833568839942
1424, 22.10930405027434, 22.093058343193537, 987.3332894321738, 0.01624570708080242
1425, 22.109254009509478, 22.09309051272239, 987.3349057818525, 0.01616349678708673
1426, 22.109204222163015, 22.09312251947525, 987.3365139521213, 0.016081702687763766
1427, 22.109154686950063, 22.09315436427603, 987.3381139843888, 0.01600032267403151
1428, 22.109105402592263, 22.093186047944442, 987.3397059198536, 0.015919354647820683
1429, 22.1090563678178, 22.09321757129608, 987.3412897995057, 0.015838796521720155
1430, 22.109007581361283, 22.093248935142384, 987.3428656641277, 0.015758646218898775
1431, 22.108959041963757, 22.0932801402907, 987.3444335542949, 0.015678901673055634
1432, 22.10891074837268, 22.093311187544273, 987.3459935103778, 0.015599560828405856
1433, 22.108862699341863, 22.09334207770229, 987.3475455725417, 0.015520621639574017
1434, 22.108814893631447, 22.093372811559878, 987.3490897807488, 0.015442082071569274
1435, 22.108767330007872, 22.09340338990815, 987.3506261747588, 0.015363940099721418
1436, 22.108720007243853, 22.093433813534208, 987.3521547941298, 0.015286193709645346
1437, 22.108672924118345, 22.093464083221164, 987.3536756782195, 0.015208840897180664
1438, 22.108626079416496, 22.093494199748168, 987.3551888661863, 0.015131879668327741
1439, 22.108579471929623, 22.093524163890418, 987.3566943969902, 0.015055308039205073
1440, 22.108533100455183, 22.09355397641919, 987.3581923093938, 0.014979124035992442
1441, 22.10848696379677, 22.09358363810186, 987.3596826419632, 0.014903325694909597
1442, 22.10844106076403, 22.09361314970191, 987.3611654330695, 0.014827911062120336
1443, 22.108395390172653, 22.093642511978956, 987.3626407208889, 0.014752878193696972
1444, 22.108349950844364, 22.093671725688772, 987.3641085434044, 0.014678225155591917
1445, 22.108304741606858, 22.093700791583288, 987.3655689384068, 0.014603950023570178
1446, 22.10825976129381, 22.093729710410663, 987.3670219434952, 0.014530050883145407
1447, 22.10821500874475, 22.093758482915216, 987.3684675960781, 0.014456525829533717
1448, 22.108170482805207, 22.093787109837542, 987.3699059333749, 0.014383372967664343
1449, 22.108126182326508, 22.093815591914463, 987.3713369924161, 0.014310590412044633
1450, 22.108082106165817, 22.09384392987907, 987.3727608100447, 0.01423817628674584
1451, 22.10803825318611, 22.093872124460745, 987.3741774229172, 0.014166128725364047
1452, 22.107994622256157, 22.093900176385183, 987.3755868675044, 0.01409444587097397
1453, 22.10795121225045, 22.093928086374394, 987.376989180092, 0.014023125876054365
1454, 22.107908022049195, 22.09395585514673, 987.3783843967823, 0.013952166902463148
1455, 22.107865050538308, 22.093983483416924, 987.3797725534944, 0.013881567121384109
1456, 22.10782229660935, 22.094010971896058, 987.3811536859657, 0.013811324713291384
1457, 22.107779759159513, 22.09403832129165, 987.3825278297525, 0.013741437867864192
1458, 22.107737437091586, 22.094065532307596, 987.3838950202309, 0.013671904783990385
1459, 22.10769532931394, 22.09409260564427, 987.3852552925978, 0.013602723669670524
1460, 22.10765343474047, 22.09411954199846, 987.386608681872, 0.013533892742010778
1461, 22.10761175229061, 22.094146342063453, 987.3879552228947, 0.013465410227155417
1462, 22.107570280889277, 22.094173006529015, 987.3892949503307, 0.013397274360261946
1463, 22.107529019466817, 22.094199536081415, 987.3906278986693, 0.01332948338540163
1464, 22.107487966959056, 22.09422593140345, 987.3919541022249, 0.013262035555605678
1465, 22.107447122307192, 22.09425219317447, 987.3932735951381, 0.013194929132723132
1466, 22.107406484457805, 22.09427832207036, 987.3945864113768, 0.013128162387445741
1467, 22.10736605236282, 22.094304318763612, 987.3958925847368, 0.01306173359920848
1468, 22.107325824979505, 22.094330183923294, 987.3971921488424, 0.012995641056210872
1469, 22.1072858012704, 22.094355918215093, 987.3984851371479, 0.012929883055306846
1470, 22.107245980203317, 22.09438152230133, 987.3997715829381, 0.012864457901986981
1471, 22.107206360751306, 22.09440699684095, 987.4010515193291, 0.012799363910357187
1472, 22.107166941892636, 22.094432342489586, 987.4023249792695, 0.012734599403049884
1473, 22.107127722610777, 22.09445755989954, 987.4035919955405, 0.01267016271123822
1474, 22.107088701894355, 22.094482649719815, 987.404852600758, 0.012606052174540139
1475, 22.107049878737094, 22.094507612596132, 987.4061068273721, 0.012542266140961544
1476, 22.107011252137873, 22.094532449170927, 987.4073547076688, 0.012478802966946034
1477, 22.10697282110062, 22.09455716008339, 987.4085962737705, 0.01241566101722924
1478, 22.10693458463436, 22.094581745969492, 987.409831557637, 0.01235283866486725
1479, 22.10689654175311, 22.094606207461958, 987.4110605910661, 0.012290334291151339
1480, 22.106858691475907, 22.09463054519032, 987.4122834056947, 0.01222814628558666
1481, 22.10682103282676, 22.09465475978093, 987.4135000329992, 0.01216627304582829
1482, 22.10678356483465, 22.094678851856955, 987.414710504297, 0.012104712977695442
1483, 22.106746286533472, 22.094702822038418, 987.4159148507465, 0.012043464495054224
1484, 22.10670919696203, 22.09472667094219, 987.4171131033485, 0.011982526019838957
1485, 22.106672295164003, 22.09475039918204, 987.4183052929467, 0.01192189598196336
1486, 22.106635580187934, 22.0947740073686, 987.4194914502286, 0.011861572819334754
1487, 22.106599051087187, 22.094797496109432, 987.4206716057264, 0.011801554977754591
1488, 22.10656270691993, 22.094820866009023, 987.4218457898174, 0.011741840910907797
1489, 22.10652654674911, 22.09484411766878, 987.4230140327255, 0.011682429080327239
1490, 22.106490569642446, 22.09486725168709, 987.424176364521, 0.01162331795535465
1491, 22.106454774672372, 22.09489026865929, 987.4253328151224, 0.011564506013080234
1492, 22.10641916091604, 22.094913169177715, 987.4264834142962, 0.011505991738324894
1493, 22.106383727455267, 22.094935953831694, 987.4276281916585, 0.011447773623572743
1494, 22.106348473376556, 22.094958623207575, 987.4287671766755, 0.011389850168981752
1495, 22.106313397771025, 22.094981177888737, 987.4299003986637, 0.01133221988228783
1496, 22.106278499734415, 22.095003618455603, 987.4310278867915, 0.011274881278811932
1497, 22.10624377836706, 22.095025945485663, 987.4321496700796, 0.011217832881396106
1498, 22.10620923277385, 22.095048159553485, 987.4332657774016, 0.011161073220364415
1499, 22.106174862064222, 22.09507026123071, 987.434376237485, 0.01110460083351228
1500, 22.10614066535213, 22.09509225108611, 987.4354810789116, 0.011048414266017659
1501, 22.10610664175603, 22.09511412968556, 987.4365803301187, 0.010992512070469473
1502, 22.10607279039884, 22.095135897592073, 987.4376740193993, 0.010936892806768128
1503, 22.106039110407956, 22.095157555365823, 987.4387621749036, 0.010881555042132618
1504, 22.10600560091516, 22.09517910356413, 987.4398448246386, 0.010826497351029474
1505, 22.105972261056657, 22.0952005427415, 987.4409219964701, 0.010771718315154999
1506, 22.105939089973063, 22.09522187344965, 987.4419937181225, 0.010717216523413953
1507, 22.105906086809313, 22.095243096237468, 987.4430600171796, 0.010662990571844944
1508, 22.105873250714723, 22.09526421165109, 987.444120921086, 0.010609039063631087
1509, 22.10584058084288, 22.095285220233883, 987.4451764571469, 0.010555360608996978
1510, 22.10580807635168, 22.09530612252645, 987.4462266525294, 0.010501953825230004
1511, 22.10577573640333, 22.095326919066675, 987.4472715342631, 0.01044881733665548
1512, 22.10574356016423, 22.095347610389705, 987.4483111292406, 0.010395949774522961
1513, 22.105711546805033, 22.09536819702798, 987.4493454642183, 0.010343349777052424
1514, 22.10567969550062, 22.095388679511267, 987.4503745658172, 0.010291015989352559
1515, 22.105648005430034, 22.095409058366606, 987.4513984605236, 0.010238947063427872
1516, 22.105616475776486, 22.095429334118407, 987.4524171746893, 0.010187141658079213
