graph_2.csv
round, demand, supply, price, demand-supply
1517, 22.105585105727343, 22.095449507288418, 987.4534307345332, 0.010135598438925086
1518, 22.105553894474077, 22.095469578395736, 987.454439166141, 0.01008431607834126
1519, 22.105522841212284, 22.095489547956824, 987.4554424954665, 0.010033293255460762
1520, 22.105491945141623, 22.095509416485555, 987.4564407483322, 0.009982528656067302
1521, 22.105461205465794, 22.095529184493184, 987.4574339504294, 0.009932020972609479
1522, 22.105430621392586, 22.095548852488378, 987.4584221273199, 0.009881768904207888
1523, 22.105400192133793, 22.095568420977237, 987.4594053044356, 0.009831771156555646
1524, 22.105369916905175, 22.095587890463285, 987.4603835070798, 0.009782026441889968
1525, 22.105339794926486, 22.09560726144751, 987.4613567604276, 0.009732533478977956
1526, 22.10530982542147, 22.095626534428355, 987.462325089527, 0.0096832909931166
1527, 22.105280007617765, 22.09564570990175, 987.4632885192985, 0.009634297716015539
1528, 22.10525034074694, 22.095664788361105, 987.4642470745372, 0.009585552385836138
1529, 22.10522082404448, 22.095683770297338, 987.4652007799119, 0.009537053747141755
1530, 22.105191456749715, 22.09570265619888, 987.466149659967, 0.009488800550833787
1531, 22.10516223810587, 22.095721446551686, 987.4670937391223, 0.009440791554183647
1532, 22.10513316735996, 22.09574014183925, 987.4680330416744, 0.00939302552070842
1533, 22.10510424376288, 22.095758742542632, 987.4689675917964, 0.00934550122024902
1534, 22.105075466569282, 22.095777249140443, 987.4698974135392, 0.00929821742883874
1535, 22.10504683503762, 22.09579566210888, 987.4708225308322, 0.009251172928738782
1536, 22.105018348430093, 22.09581398192172, 987.471742967483, 0.009204366508374306
1537, 22.10499000601265, 22.095832209050343, 987.4726587471793, 0.009157796962306008
1538, 22.104961807054956, 22.095850343963757, 987.4735698934884, 0.009111463091198146
1539, 22.10493375083039, 22.095868387128576, 987.4744764298586, 0.009065363701814988
1540, 22.104905836616005, 22.09588633900907, 987.4753783796192, 0.009019497606935545
1541, 22.10487806369256, 22.095904200067146, 987.4762757659818, 0.00897386362541397
1542, 22.104850431344374, 22.095921970762376, 987.4771686120399, 0.008928460581998365
1543, 22.104822938859492, 22.09593965155201, 987.4780569407707, 0.008883287307483556
1544, 22.104795585529516, 22.095957242890968, 987.4789407750345, 0.008838342638547658
1545, 22.10476837064965, 22.095974745231903, 987.4798201375763, 0.00879362541774853
1546, 22.10474129351868, 22.095992159025133, 987.4806950510257, 0.008749134493545085
1547, 22.104714353438943, 22.096009484718728, 987.4815655378977, 0.008704868720215586
1548, 22.104687549716317, 22.096026722758477, 987.4824316205935, 0.008660826957839873
1549, 22.104660881660187, 22.096043873587902, 987.4832933214008, 0.00861700807228516
1550, 22.10463434858346, 22.09606093764831, 987.4841506624942, 0.008573410935149184
1551, 22.104607949802514, 22.096077915378746, 987.4850036659366, 0.008530034423767319
1552, 22.104581684637196, 22.096094807216048, 987.4858523536786, 0.00848687742114862
1553, 22.104555552410794, 22.09611161359483, 987.4866967475602, 0.008443938815965168
1554, 22.10452955245006, 22.096128334947526, 987.4875368693105, 0.008401217502534308
1555, 22.104503684085103, 22.096144971704355, 987.4883727405486, 0.00835871238074759
1556, 22.10447794664949, 22.096161524293382, 987.4892043827842, 0.008316422356106301
1557, 22.10445233948012, 22.096177993140497, 987.4900318174182, 0.008274346339621985
1558, 22.104426861917304, 22.09619437866943, 987.490855065743, 0.00823248324787329
1559, 22.10440151330463, 22.096210681301763, 987.4916741489433, 0.00819083200286741
1560, 22.104376292989066, 22.09622690145696, 987.4924890880965, 0.008149391532107586
1561, 22.104351200320885, 22.09624303955235, 987.4932999041733, 0.008108160768536266
1562, 22.10432623465364, 22.09625909600314, 987.4941066180384, 0.008067138650499572
1563, 22.10430139534416, 22.09627507122246, 987.4949092504505, 0.00802632412169757
1564, 22.10427668175256, 22.09629096562134, 987.4957078220637, 0.007985716131219789
1565, 22.10425209324216, 22.09630677960871, 987.496502353427, 0.007945313633449302
1566, 22.10422762917954, 22.09632251359146, 987.4972928649858, 0.007905115588080491
1567, 22.104203288934492, 22.096338167974398, 987.4980793770818, 0.007865120960094174
1568, 22.10417907187997, 22.096353743160293, 987.4988619099538, 0.007825328719675895
1569, 22.10415497739215, 22.096369239549876, 987.4996404837381, 0.007785737842272766
1570, 22.104131004850338, 22.096384657541844, 987.5004151184689, 0.007746347308493995
1571, 22.10410715363701, 22.096399997532885, 987.5011858340794, 0.00770715610412509
1572, 22.10408342313775, 22.096415259917666, 987.5019526504013, 0.007668163220085233
1573, 22.10405981274127, 22.096430445088863, 987.5027155871666, 0.007629367652405961
1574, 22.10403632183938, 22.096445553437178, 987.5034746640068, 0.007590768402202741
1575, 22.104012949826974, 22.096460585351313, 987.5042299004544, 0.007552364475660767
1576, 22.10398969610202, 22.096475541218016, 987.5049813159428, 0.007514154884002977
1577, 22.103966560065516, 22.096490421422075, 987.5057289298071, 0.007476138643440322
1578, 22.103943541121517, 22.09650522634632, 987.5064727612846, 0.0074383147751966305
1579, 22.103920638677103, 22.09651995637166, 987.5072128295152, 0.007400682305441109
1580, 22.10389785214233, 22.09653461187708, 987.5079491535417, 0.007363240265252813
1581, 22.103875180930267, 22.096549193239618, 987.5086817523108, 0.007325987690649072
1582, 22.103852624456962, 22.09656370083443, 987.5094106446732, 0.007288923622532195
1583, 22.103830182141422, 22.096578135034772, 987.5101358493838, 0.007252047106650394
1584, 22.10380785340557, 22.096592496211986, 987.5108573851031, 0.007215357193583571
1585, 22.103785637674314, 22.096606784735567, 987.511575270397, 0.007178852938746871
1586, 22.103763534375425, 22.096621000973116, 987.5122895237372, 0.00714253340230897
1587, 22.103741542939588, 22.096635145290392, 987.5130001635022, 0.007106397649195628
1588, 22.103719662800394, 22.096649218051276, 987.5137072079771, 0.00707044474911811
1589, 22.103697893394298, 22.09666321961785, 987.5144106753547, 0.007034673776448841
1590, 22.103676234160595, 22.09667715035032, 987.5151105837358, 0.006999083810274698
1591, 22.103654684541432, 22.096691010607092, 987.5158069511292, 0.006963673934340164
1592, 22.10363324398179, 22.096704800744753, 987.5164997954529, 0.006928443237036674
1593, 22.10361191192945, 22.09671852111809, 987.5171891345341, 0.0068933908113599784
1594, 22.103590687834995, 22.09673217208008, 987.5178749861095, 0.006858515754913697
1595, 22.1035695711518, 22.09674575398193, 987.5185573678265, 0.006823817169870239
1596, 22.103548561336012, 22.096759267173063, 987.5192362972427, 0.0067892941629494885
1597, 22.103527657846527, 22.096772712001133, 987.5199117918273, 0.006754945845393934
1598, 22.103506860144982, 22.096786088812046, 987.5205838689607, 0.0067207713329366925
1599, 22.10348616769575, 22.09679939794992, 987.5212525459352, 0.006686769745829935
1600, 22.103465579965913, 22.09681263975717, 987.5219178399561, 0.006652940208741853
1601, 22.10344509642526, 22.096825814574476, 987.5225797681412, 0.006619281850785086
1602, 22.103424716546265, 22.096838922740776, 987.5232383475218, 0.006585793805488294
1603, 22.10340443980406, 22.0968519645933, 987.5238935950429, 0.006552475210760633
1604, 22.10338426567646, 22.09686494046757, 987.5245455275638, 0.0065193252088917575
1605, 22.10336419364392, 22.09687785069741, 987.5251941618584, 0.006486342946509183
1606, 22.103344223189517, 22.096890695614956, 987.5258395146159, 0.006453527574560525
1607, 22.103324353798953, 22.096903475550675, 987.5264816024408, 0.0064208782482779725
1608, 22.103304584960554, 22.096916190833333, 987.5271204418535, 0.00638839412722092
1609, 22.103284916165215, 22.09692884179006, 987.527756049291, 0.006356074375155174
1610, 22.10326534690641, 22.096941428746312, 987.528388441107, 0.00632391816009914
1611, 22.103245876680205, 22.09695395202591, 987.5290176335725, 0.0062919246542954
1612, 22.10322650498521, 22.096966411951026, 987.529643642876, 0.00626009303418229
1613, 22.103207231322543, 22.096978808842213, 987.530266485124, 0.006228422480329954
1614, 22.1031880551959, 22.09699114301839, 987.5308861763417, 0.006196912177511393
1615, 22.103168976111462, 22.09700341479687, 987.5315027324732, 0.006165561314592338
1616, 22.10314999357793, 22.097015624493363, 987.5321161693817, 0.006134369084566771
1617, 22.10313110710647, 22.097027772421963, 987.5327265028501, 0.006103334684507189
1618, 22.103112316210748, 22.097039858895194, 987.5333337485816, 0.006072457315553947
1619, 22.103093620406888, 22.097051884224, 987.5339379221999, 0.0060417361828868366
1620, 22.10307501921345, 22.09706384871773, 987.5345390392495, 0.006011170495717977
1621, 22.103056512151454, 22.097075752684184, 987.5351371151962, 0.005980759467270502
1622, 22.103038098744356, 22.09708759642961, 987.5357321654277, 0.005950502314746586
1623, 22.103019778517982, 22.097099380258683, 987.5363242052537, 0.00592039825929902
1624, 22.103001551000624, 22.097111104474557, 987.5369132499063, 0.005890446526066739
1625, 22.102983415722903, 22.09712276937885, 987.5374993145407, 0.005860646344054032
1626, 22.102965372217852, 22.09713437527164, 987.5380824142353, 0.005830996946212252
1627, 22.10294742002086, 22.097145922451496, 987.5386625639923, 0.0058014975693652104
1628, 22.102929558669686, 22.097157411215484, 987.5392397787377, 0.00577214745420207
1629, 22.1029117877044, 22.09716884185914, 987.5398140733223, 0.005742945845259584
1630, 22.102894106667442, 22.09718021467654, 987.5403854625214, 0.005713891990900777
1631, 22.10287651510353, 22.09719152996025, 987.5409539610357, 0.005684985143282972
1632, 22.102859012559726, 22.097202788001347, 987.5415195834915, 0.005656224558379108
1633, 22.102841598585364, 22.09721398908946, 987.5420823444412, 0.00562760949590313
1634, 22.102824272732057, 22.097225133512733, 987.5426422583631, 0.005599139219324201
1635, 22.1028070345537, 22.097236221557864, 987.5431993396627, 0.0055708129958347286
1636, 22.102789883606455, 22.097247253510087, 987.5437536026724, 0.0055426300963681285
1637, 22.102772819448724, 22.097258229653214, 987.5443050616519, 0.005514589795510005
1638, 22.102755841641134, 22.097269150269586, 987.5448537307891, 0.0054866913715478915
1639, 22.102738949746566, 22.097280015640152, 987.5453996241997, 0.005458934106414404
1640, 22.102722143330098, 22.097290826044418, 987.5459427559283, 0.005431317285680137
1641, 22.10270542195901, 22.09730158176048, 987.5464831399481, 0.005403840198528798
1642, 22.102688785202787, 22.09731228306503, 987.5470207901619, 0.0053765021377572
1643, 22.102672232633076, 22.097322930233357, 987.5475557204019, 0.005349302399718425
1644, 22.102655763823712, 22.097333523539355, 987.5480879444303, 0.005322240284357349
1645, 22.102639378350688, 22.097344063255537, 987.5486174759399, 0.005295315095150244
1646, 22.10262307579211, 22.097354549653026, 987.5491443285538, 0.005268526139083463
1647, 22.102606855728283, 22.097364983001597, 987.5496685158264, 0.005241872726685415
1648, 22.10259071774159, 22.097375363569622, 987.5501900512436, 0.005215354171969722
1649, 22.102574661416554, 22.097385691624158, 987.5507089482228, 0.005188969792396136
1650, 22.102558686339776, 22.097395967430884, 987.5512252201137, 0.005162718908891861
1651, 22.102542792099996, 22.097406191254127, 987.5517388801983, 0.00513660084586931
1652, 22.102526978287983, 22.097416363356903, 987.5522499416913, 0.005110614931080448
1653, 22.102511244496625, 22.09742648400088, 987.552758417741, 0.005084760495744689
1654, 22.10249559032085, 22.097436553446403, 987.5532643214284, 0.005059036874445866
1655, 22.102480015357635, 22.097446571952503, 987.5537676657689, 0.005033443405132232
1656, 22.10246451920601, 22.097456539776907, 987.5542684637118, 0.0050079794291022495
1657, 22.102449101467045, 22.097466457176008, 987.5547667281409, 0.004982644291036564
1658, 22.102433761743796, 22.09747632440495, 987.5552624718747, 0.004957437338845239
1659, 22.102418499641352, 22.097486141717543, 987.5557557076671, 0.00493235792380986
1660, 22.102403314766832, 22.097495909366334, 987.5562464482072, 0.004907405400498277
1661, 22.102388206729273, 22.09750562760258, 987.5567347061199, 0.0048825791266935425
1662, 22.10237317513976, 22.097515296676285, 987.5572204939663, 0.004857878463475629
1663, 22.102358219611318, 22.097524916836175, 987.5577038242437, 0.004833302775143267
1664, 22.102343339758946, 22.09753448832971, 987.5581847093866, 0.004808851429235261
1665, 22.10232853519956, 22.09754401140311, 987.5586631617663, 0.0047845237964523335
1666, 22.10231380555205, 22.09755348630135, 987.5591391936913, 0.004760319250699752
1667, 22.102299150437254, 22.09756291326816, 987.5596128174082, 0.004736237169094437
1668, 22.102284569477852, 22.09757229254603, 987.5600840451013, 0.004712276931822856
1669, 22.102270062298537, 22.09758162437624, 987.5605528888935, 0.004688437922297339
1670, 22.102255628525818, 22.097590908998832, 987.5610193608462, 0.00466471952698555
1671, 22.102241267788152, 22.097600146652653, 987.5614834729598, 0.004641121135499304
1672, 22.102226979715837, 22.097609337575317, 987.5619452371739, 0.004617642140519962
1673, 22.102212763941075, 22.097618482003256, 987.5624046653677, 0.004594281937819744
1674, 22.102198620097916, 22.097627580171697, 987.5628617693603, 0.0045710399262191
1675, 22.102184547822276, 22.097636632314668, 987.5633165609111, 0.004547915507608025
1676, 22.10217054675187, 22.097645638665032, 987.5637690517198, 0.004524908086839474
1677, 22.102156616526337, 22.09765459945446, 987.5642192534269, 0.004502017071875031
1678, 22.102142756787046, 22.097663514913464, 987.5646671776143, 0.004479241873582396
1679, 22.102128967177237, 22.097672385271363, 987.5651128358049, 0.004456581905873946
1680, 22.102115247341956, 22.097681210756342, 987.5655562394635, 0.004434036585614365
1681, 22.102101596928023, 22.097689991595423, 987.5659973999967, 0.004411605332599322
1682, 22.10208801558405, 22.09769872801448, 987.5664363287536, 0.004389287569573241
1683, 22.10207450296045, 22.09770742023824, 987.5668730370259, 0.004367082722207982
1684, 22.10206105870939, 22.09771606849029, 987.5673075360478, 0.004344990219099287
1685, 22.102047682484802, 22.0977246729931, 987.5677398369969, 0.004323009491702834
1686, 22.102034373942374, 22.097733233968, 987.5681699509944, 0.004301139974373314
1687, 22.102021132739537, 22.097741751635205, 987.5685978891048, 0.004279381104332458
1688, 22.102007958535452, 22.09775022621382, 987.5690236623369, 0.004257732321633512
1689, 22.101994850990998, 22.09775865792183, 987.5694472816439, 0.004236193069168337
1690, 22.1019818097688, 22.097767046976134, 987.5698687579231, 0.004214762792667415
1691, 22.10196883453316, 22.097775393592514, 987.5702881020172, 0.004193440940646553
1692, 22.10195592495011, 22.09778369798568, 987.5707053247137, 0.004172226964431758
1693, 22.101943080687356, 22.097791960369236, 987.5711204367454, 0.0041511203181201495
1694, 22.10193030141427, 22.097800180955723, 987.5715334487913, 0.004130120458547992
1695, 22.10191758680194, 22.09780835995659, 987.5719443714759, 0.004109226845347536
1696, 22.101904936523084, 22.097816497582233, 987.57235321537, 0.004088438940851091
1697, 22.1018923502521, 22.09782459404197, 987.572759990991, 0.0040677562101301135
1698, 22.101879827664987, 22.09783264954406, 987.5731647088031, 0.004047178120927697
1699, 22.101867368439486, 22.09784066429572, 987.5735673792175, 0.0040267041437651585
1700, 22.101854972254863, 22.09784863850311, 987.5739680125927, 0.004006333751753743
1701, 22.10184263879207, 22.09785657237134, 987.5743666192348, 0.003986066420729628
1702, 22.10183036773367, 22.097864466104504, 987.5747632093977, 0.003965901629165103
1703, 22.101818158763777, 22.09787231990564, 987.5751577932836, 0.003945838858136597
1704, 22.101806011568186, 22.09788013397677, 987.5755503810427, 0.0039258775914170485
1705, 22.101793925834237, 22.097887908518892, 987.5759409827742, 0.0039060173153444566
1706, 22.101781901250853, 22.097895643731984, 987.5763296085261, 0.0038862575188680637
1707, 22.10176993750855, 22.09790333981502, 987.5767162682954, 0.0038665976935305935
1708, 22.101758034299408, 22.097910996965965, 987.5771009720287, 0.0038470373334433816
1709, 22.101746191317034, 22.097918615381772, 987.5774837296223, 0.003827575935261507
1710, 22.101734408256654, 22.09792619525841, 987.5778645509221, 0.003808212998244187
1711, 22.10172268481496, 22.09793373679085, 987.5782434457245, 0.003788948024109118
1712, 22.10171102069024, 22.09794124017308, 987.5786204237762, 0.0037697805171603704
1713, 22.101699415582274, 22.0979487055981, 987.5789954947746, 0.003750709984174705
1714, 22.101687869192375, 22.097956133257934, 987.579368668368, 0.0037317359344406498
1715, 22.10167638122337, 22.09796352334365, 987.579739954156, 0.0037128578797194223
1716, 22.101664951379597, 22.097970876045338, 987.5801093616894, 0.0036940753342591393
1717, 22.101653579366868, 22.097978191552116, 987.5804769004709, 0.0036753878147521846
1718, 22.10164226489251, 22.097985470052155, 987.580842579955, 0.0036567948403565254
1719, 22.101631007665326, 22.09799271173268, 987.5812064095483, 0.003638295932645974
1720, 22.10161980739558, 22.09799991677996, 987.5815683986099, 0.0036198906156208466
1721, 22.101608663795005, 22.098007085379322, 987.5819285564514, 0.0036015784156830932
1722, 22.10159757657683, 22.09801421771516, 987.5822868923376, 0.0035833588616682732
1723, 22.10158654545568, 22.098021313970932, 987.5826434154861, 0.0035652314847496314
1724, 22.10157557014766, 22.09802837432916, 987.582998135068, 0.003547195818498494
1725, 22.101564650370307, 22.09803539897147, 987.5833510602079, 0.0035292513988380847
1726, 22.101553785842583, 22.098042388078525, 987.5837021999843, 0.003511397764057733
