graph_2.csv
round, demand, supply, price, demand-supply
1727, 22.10154297628489, 22.098049341830112, 987.5840515634297, 0.00349363445477735
1728, 22.101532221419014, 22.098056260405095, 987.5843991595311, 0.0034759610139190045
1729, 22.101521520968163, 22.098063143981424, 987.5847449972298, 0.003458376986738898
1730, 22.101510874656974, 22.098069992736168, 987.5850890854218, 0.0034408819208060493
1731, 22.101500282211447, 22.098076806845487, 987.5854314329584, 0.0034234753659596606
1732, 22.101489743358954, 22.09808358648464, 987.5857720486458, 0.0034061568743126713
1733, 22.10147925782831, 22.098090331828036, 987.5861109412458, 0.0033889260002730737
1734, 22.101468825349635, 22.09809704304915, 987.5864481194759, 0.003371782300483517
1735, 22.10145844565446, 22.098103720320623, 987.5867835920093, 0.0033547253338355176
1736, 22.101448118475638, 22.098110363814197, 987.5871173674755, 0.003337754661441039
1737, 22.10143784354743, 22.098116973700762, 987.5874494544602, 0.0033208698466680175
1738, 22.101427620605392, 22.098123550150326, 987.5877798615056, 0.003304070455065755
1739, 22.101417449386425, 22.098130093332053, 987.588108597111, 0.003287356054372026
1740, 22.101407329628785, 22.09813660341424, 987.5884356697325, 0.00327072621454505
1741, 22.101397261072037, 22.098143080564338, 987.5887610877833, 0.0032541805076995445
1742, 22.101387243457083, 22.098149524948948, 987.5890848596341, 0.0032377185081351456
1743, 22.101377276526108, 22.098155936733832, 987.5894069936134, 0.0032213397922760123
1744, 22.10136736002262, 22.0981623160839, 987.5897274980073, 0.0032050439387205643
1745, 22.101357493691417, 22.09816866316325, 987.5900463810601, 0.003188830528166875
1746, 22.10134767727861, 22.098174978135138, 987.5903636509745, 0.003172699143473068
1747, 22.101337910531576, 22.098181261161983, 987.5906793159114, 0.0031566493695933673
1748, 22.10132819319896, 22.098187512405403, 987.5909933839907, 0.0031406807935567826
1749, 22.101318525030706, 22.098193732026182, 987.5913058632912, 0.0031247930045239514
1750, 22.10130890577802, 22.098199920184303, 987.5916167618506, 0.003108985593716085
1751, 22.101299335193353, 22.09820607703893, 987.591926087666, 0.003093258154422074
1752, 22.101289813030412, 22.098212202748428, 987.5922338486943, 0.0030776102819842777
1753, 22.101280339044166, 22.098218297470353, 987.5925400528516, 0.003062041573812735
1754, 22.101270912990806, 22.098224361361474, 987.5928447080146, 0.003046551629331873
1755, 22.101261534627767, 22.098230394577755, 987.5931478220195, 0.003031140050012482
1756, 22.101252203713713, 22.098236397274384, 987.5934494026635, 0.003015806439329083
1757, 22.10124292000853, 22.098242369605753, 987.5937494577038, 0.003000550402777691
1758, 22.101233683273314, 22.098248311725477, 987.5940479948586, 0.002985371547836735
1759, 22.10122449327038, 22.098254223786395, 987.5943450218069, 0.002970269483984822
1760, 22.101215349763223, 22.098260105940575, 987.5946405461892, 0.0029552438226474464
1761, 22.10120625251657, 22.098265958339304, 987.594934575607, 0.002940294177264491
1762, 22.10119720129631, 22.09827178113312, 987.5952271176233, 0.002925420163187198
1763, 22.101188195869533, 22.09827757447179, 987.5955181797631, 0.002910621397742119
1764, 22.101179236004512, 22.09828333850432, 987.595807769513, 0.002895897500192035
1765, 22.101170321470676, 22.098289073378968, 987.5960958943222, 0.0028812480917075334
1766, 22.101161452038617, 22.098294779243236, 987.5963825616017, 0.00286667279538122
1767, 22.101152627480133, 22.098300456243894, 987.5966677787253, 0.0028521712362383767
1768, 22.10114384756811, 22.098306104526955, 987.5969515530294, 0.0028377430411552496
1769, 22.101135112076648, 22.0983117242377, 987.5972338918133, 0.002823387838947866
1770, 22.10112642078095, 22.098317315520664, 987.5975148023393, 0.0028091052602867705
1771, 22.101117773457382, 22.098322878519674, 987.5977942918331, 0.0027948949377076815
1772, 22.1011091698834, 22.098328413377793, 987.5980723674837, 0.0027807565056079397
1773, 22.101100609837644, 22.09833392023741, 987.5983490364438, 0.00276668960023585
1774, 22.101092093099837, 22.098339399240142, 987.5986243058297, 0.002752693859694233
1775, 22.10108361945084, 22.098344850526917, 987.5988981827221, 0.002738768923922663
1776, 22.10107518867259, 22.09835027423796, 987.5991706741655, 0.002724914434629966
1777, 22.101066800548153, 22.098355670512756, 987.5994417871691, 0.0027111300353972467
1778, 22.101058454861686, 22.098361039490115, 987.5997115287063, 0.00269741537157131
1779, 22.10105015139844, 22.098366381308118, 987.5999799057153, 0.0026837700903215023
1780, 22.101041889944767, 22.09837169610417, 987.6002469250993, 0.0026701938405970793
1781, 22.10103367028809, 22.098376984014962, 987.6005125937266, 0.0026566862731272067
1782, 22.101025492216884, 22.09838224517651, 987.6007769184307, 0.0026432470403747743
1783, 22.101017355520725, 22.098387479724128, 987.6010399060103, 0.0026298757965967923
1784, 22.101009259990263, 22.098392687792455, 987.6013015632301, 0.002616572197808864
1785, 22.101001205417155, 22.09839786951544, 987.6015618968203, 0.002603335901714132
1786, 22.100993191594185, 22.09840302502637, 987.601820913477, 0.0025901665678134123
1787, 22.100985218315124, 22.098408154457836, 987.6020786198627, 0.0025770638572879534
1788, 22.100977285374825, 22.098413257941775, 987.602335022606, 0.0025640274330491764
1789, 22.100969392569155, 22.098418335609452, 987.6025901283019, 0.0025510569597031463
1790, 22.100961539695035, 22.098423387591463, 987.6028439435123, 0.002538152103571889
1791, 22.100953726550415, 22.098428414017754, 987.6030964747656, 0.0025253125326614168
1792, 22.100945952934232, 22.098433415017595, 987.6033477285573, 0.002512537916636859
1793, 22.10093821864647, 22.098438390719622, 987.60359771135, 0.002499827926847331
1794, 22.100930523488152, 22.098443341251816, 987.6038464295735, 0.0024871822363365936
1795, 22.10092286726124, 22.098448266741492, 987.6040938896255, 0.0024746005197471277
1796, 22.100915249768768, 22.09845316731534, 987.6043400978708, 0.002462082453426717
1797, 22.100907670814713, 22.09845804309942, 987.6045850606423, 0.0024496277152934454
1798, 22.100900130204067, 22.098462894219114, 987.6048287842408, 0.0024372359849529346
1799, 22.10089262774283, 22.09846772079921, 987.6050712749352, 0.0024249069436201864
1800, 22.100885163237933, 22.098472522963842, 987.6053125389626, 0.00241264027409116
1801, 22.10087773649734, 22.098477300836528, 987.6055525825287, 0.002400435660810274
1802, 22.10087034732996, 22.09848205454015, 987.6057914118077, 0.0023882927898100093
1803, 22.10086299554564, 22.09848678419698, 987.6060290329425, 0.0023762113486611725
1804, 22.100855680955256, 22.09849148992866, 987.6062654520451, 0.00236419102659724
1805, 22.10084840337059, 22.098496171856223, 987.6065006751966, 0.0023522315143686967
1806, 22.10084116260439, 22.098500830100093, 987.606734708447, 0.0023403325042963274
1807, 22.10083395847036, 22.09850546478008, 987.606967557816, 0.0023284936902818743
1808, 22.100826790783145, 22.09851007601538, 987.6071992292927, 0.0023167147677654043
1809, 22.100819659358294, 22.0985146639246, 987.6074297288361, 0.0023049954336933354
1810, 22.100812564012358, 22.09851922862574, 987.6076590623748, 0.002293335386617912
1811, 22.100805504562764, 22.09852377023621, 987.6078872358074, 0.002281734326555096
1812, 22.10079848082787, 22.098528288872814, 987.6081142550029, 0.0022701919550556227
1813, 22.100791492626968, 22.09853278465177, 987.6083401258004, 0.0022587079751978933
1814, 22.100784539780257, 22.09853725768872, 987.6085648540095, 0.0022472820915382385
1815, 22.100777622108843, 22.09854170809869, 987.6087884454105, 0.00223591401015355
1816, 22.100770739434743, 22.098546135996163, 987.6090109057543, 0.0022246034385808855
1817, 22.100763891580876, 22.09855054149502, 987.6092322407629, 0.002213350085856547
1818, 22.10075707837104, 22.098554924708566, 987.6094524561291, 0.0022021536624734495
1819, 22.10075029962995, 22.098559285749538, 987.6096715575172, 0.002191013880413095
1820, 22.100743555183215, 22.098563624730104, 987.6098895505626, 0.002179930453110046
1821, 22.10073684485728, 22.098567941761857, 987.6101064408721, 0.0021689030954235022
1822, 22.100730168479508, 22.098572236955835, 987.6103222340245, 0.002157931523672829
1823, 22.10072352587813, 22.098576510422504, 987.61053693557, 0.0021470154556268994
1824, 22.100716916882234, 22.098580762271784, 987.6107505510311, 0.0021361546104508022
1825, 22.100710341321786, 22.098584992613027, 987.610963085902, 0.002125348708759134
1826, 22.100703799027606, 22.09858920155504, 987.6111745456492, 0.0021145974725662597
1827, 22.100697289831366, 22.098593389206066, 987.6113849357117, 0.0021039006253005255
1828, 22.100690813565606, 22.09859755567382, 987.611594261501, 0.002093257891786493
1829, 22.10068437006369, 22.098601701065462, 987.6118025284007, 0.0020826689982271773
1830, 22.100677959159853, 22.098605825487606, 987.612009741768, 0.0020721336722466788
1831, 22.100671580689145, 22.098609929046333, 987.6122159069323, 0.0020616516428120235
1832, 22.100665234487458, 22.09861401184718, 987.6124210291963, 0.0020512226402793488
1833, 22.100658920391524, 22.098618073995166, 987.612625113836, 0.0020408463963583756
1834, 22.100652638238905, 22.098622115594765, 987.6128281661004, 0.002030522644140831
1835, 22.100646387867947, 22.098626136749914, 987.6130301912121, 0.002020251118032945
1836, 22.10064016911786, 22.098630137564044, 987.6132311943675, 0.0020100315538158497
1837, 22.100633981828643, 22.098634118140055, 987.6134311807364, 0.001999863688588732
1838, 22.100627825841116, 22.09863807858033, 987.6136301554625, 0.0019897472607866007
1839, 22.100621700996896, 22.098642018986716, 987.6138281236636, 0.0019796820101802837
1840, 22.10061560713841, 22.098645939460567, 987.6140250904314, 0.001969667677840903
1841, 22.10060954410887, 22.098649840102716, 987.6142210608319, 0.001959704006154084
1842, 22.100603511752297, 22.09865372101349, 987.6144160399058, 0.0019497907388057456
1843, 22.1005975099135, 22.098657582292702, 987.6146100326679, 0.0019399276207963112
1844, 22.100591538438046, 22.098661424039648, 987.6148030441077, 0.001930114398398075
1845, 22.100585597172326, 22.09866524635315, 987.6149950791896, 0.0019203508191765195
1846, 22.100579685963474, 22.098669049331512, 987.6151861428528, 0.0019106366319618928
1847, 22.100573804659426, 22.09867283307254, 987.6153762400115, 0.0019009715868847366
1848, 22.100567953108865, 22.098676597673567, 987.6155653755551, 0.0018913554352977258
1849, 22.100562131161233, 22.098680343231393, 987.6157535543481, 0.0018817879298396178
1850, 22.10055633866677, 22.098684069842367, 987.6159407812305, 0.0018722688244032781
1851, 22.100550575476447, 22.098687777602326, 987.6161270610179, 0.001862797874121469
1852, 22.10054484144198, 22.09869146660664, 987.6163123985015, 0.001853374835341981
1853, 22.10053913641587, 22.098695136950177, 987.616496798448, 0.0018439994656915815
1854, 22.100533460251334, 22.09869878872734, 987.6166802656004, 0.0018346715239943023
1855, 22.100527812802348, 22.098702422032062, 987.6168628046775, 0.0018253907702856509
1856, 22.100522193923616, 22.09870603695777, 987.617044420374, 0.001816156965848137
1857, 22.100516603470602, 22.09870963359745, 987.6172251173613, 0.0018069698731508765
1858, 22.10051104129944, 22.0987132120436, 987.6174049002868, 0.0017978292558424869
1859, 22.100505507267073, 22.09871677238825, 987.6175837737748, 0.0017887348788221402
1860, 22.100500001231126, 22.098720314722982, 987.6177617424256, 0.0017796865081436408
1861, 22.100494523049925, 22.09872383913889, 987.6179388108167, 0.0017706839110331885
1862, 22.100489072582562, 22.09872734572663, 987.6181149835022, 0.001761726855932011
1863, 22.100483649688805, 22.098730834576383, 987.6182902650135, 0.0017528151124217572
1864, 22.100478254229145, 22.098734305777874, 987.6184646598585, 0.0017439484512706827
1865, 22.100472886064757, 22.098737759420388, 987.618638172523, 0.0017351266443697
1866, 22.10046754505757, 22.098741195592744, 987.6188108074695, 0.0017263494648247502
1867, 22.10046223107016, 22.09874461438332, 987.6189825691381, 0.0017176166868395626
1868, 22.100456943965824, 22.098748015880048, 987.6191534619467, 0.0017089280857760514
1869, 22.10045168360857, 22.098751400170404, 987.6193234902905, 0.0017002834381649734
1870, 22.10044644986302, 22.098754767341436, 987.6194926585426, 0.001691682521585136
1871, 22.100441242594563, 22.098758117479733, 987.6196609710541, 0.001683125114830375
1872, 22.100436061669228, 22.098761450671475, 987.6198284321539, 0.0016746109977532342
1873, 22.100430906953754, 22.098764767002372, 987.619995046149, 0.0016661399513822062
1874, 22.10042577831551, 22.098768066557728, 987.6201608173249, 0.0016577117577831757
1875, 22.10042067562255, 22.098771349422396, 987.6203257499449, 0.0016493262001553433
1876, 22.100415598743623, 22.098774615680817, 987.6204898482512, 0.001640983062806356
1877, 22.1004105475481, 22.098777865416988, 987.6206531164643, 0.0016326821311132278
1878, 22.100405521906062, 22.09878109871449, 987.6208155587834, 0.0016244231915720775
1879, 22.100400521688194, 22.09878431565648, 987.6209771793866, 0.0016162060317128635
1880, 22.100395546765903, 22.098787516325704, 987.6211379824306, 0.0016080304401988599
1881, 22.100390597011156, 22.098790700804468, 987.6212979720513, 0.0015998962066881006
1882, 22.10038567229666, 22.098793869174685, 987.6214571523634, 0.001591803121975488
1883, 22.100380772495704, 22.098797021517825, 987.6216155274612, 0.001583750977879106
1884, 22.100375897482238, 22.098800157914972, 987.621773101418, 0.0015757395672650887
1885, 22.100371047130864, 22.098803278446795, 987.6219298782863, 0.0015677686840689375
1886, 22.100366221316797, 22.098806383193548, 987.6220858620986, 0.0015598381232493352
1887, 22.100361419915885, 22.098809472235075, 987.6222410568668, 0.0015519476808094623
1888, 22.100356642804627, 22.098812545650834, 987.6223954665821, 0.0015440971537934445
1889, 22.10035188986012, 22.09881560351986, 987.6225490952162, 0.0015362863402614835
1890, 22.10034716096009, 22.098818645920804, 987.6227019467201, 0.0015285150392863045
1891, 22.100342455982897, 22.098821672931912, 987.6228540250252, 0.0015207830509851306
1892, 22.1003377748075, 22.098824684631026, 987.6230053340428, 0.0015130901764734972
1893, 22.100333117313482, 22.09882768109562, 987.6231558776645, 0.0015054362178616998
1894, 22.100328483381013, 22.098830662402744, 987.6233056597624, 0.0014978209782690044
1895, 22.100323872890904, 22.098833628629084, 987.6234546841886, 0.001490244261820095
1896, 22.100319285724538, 22.098836579850925, 987.623602954776, 0.0014827058736130994
1897, 22.100314721763922, 22.09883951614416, 987.6237504753379, 0.001475205619762221
1898, 22.10031018089164, 22.098842437584317, 987.6238972496686, 0.0014677433073231327
1899, 22.10030566299089, 22.09884534424653, 987.6240432815431, 0.0014603187443604781
1900, 22.10030116794543, 22.09884823620555, 987.6241885747171, 0.0014529317398803698
1901, 22.100296695639656, 22.098851113535765, 987.6243331329275, 0.0014455821038907857
1902, 22.1002922459585, 22.098853976311172, 987.6244769598923, 0.0014382696473269618
1903, 22.1002878187875, 22.098856824605384, 987.6246200593105, 0.0014309941821153416
1904, 22.100283414012765, 22.098859658491676, 987.6247624348625, 0.0014237555210883102
1905, 22.100279031520984, 22.098862478042918, 987.6249040902103, 0.0014165534780659073
1906, 22.10027467119943, 22.098865283331627, 987.6250450289971, 0.0014093878678025362
1907, 22.100270332935942, 22.098868074429955, 987.6251852548477, 0.0014022585059869641
1908, 22.100266016618903, 22.098870851409686, 987.6253247713686, 0.0013951652092174527
1909, 22.100261722137276, 22.09887361434223, 987.6254635821481, 0.001388107795044391
1910, 22.100257449380607, 22.098876363298658, 987.6256016907563, 0.001381086081948979
1911, 22.100253198238974, 22.09887909834967, 987.6257391007452, 0.0013740998893041478
1912, 22.10024896860302, 22.098881819565594, 987.625875815649, 0.0013671490374242978
1913, 22.100244760363942, 22.09888452701643, 987.6260118389838, 0.0013602333475120076
1914, 22.10024057341348, 22.0988872207718, 987.626147174248, 0.0013533526416793507
1915, 22.10023640764394, 22.09888990090099, 987.6262818249223, 0.0013465067429514477
1916, 22.100232262948154, 22.098892567472927, 987.6264157944698, 0.001339695475227387
1917, 22.100228139219524, 22.098895220556187, 987.6265490863361, 0.0013329186633370682
1918, 22.10022403635194, 22.098897860219008, 987.6266817039494, 0.0013261761329310673
1919, 22.100219954239876, 22.098900486529278, 987.6268136507205, 0.001319467710597877
1920, 22.100215892778316, 22.098903099554533, 987.6269449300429, 0.0013127932237821938
1921, 22.100211851862795, 22.098905699362, 987.627075545293, 0.0013061525007955765
1922, 22.100207831389355, 22.098908286018517, 987.6272054998301, 0.0012995453708377624
1923, 22.10020383125459, 22.098910859590617, 987.6273347969965, 0.001292971663971798
1924, 22.10019985135557, 22.09891342014449, 987.6274634401176, 0.0012864312110778542
1925, 22.100195891589955, 22.098915967745988, 987.627591432502, 0.0012799238439669125
1926, 22.100191951855884, 22.098918502460634, 987.6277187774415, 0.0012734493952493153
1927, 22.100188032051975, 22.098921024353615, 987.6278454782113, 0.0012670076983596346
1928, 22.10018413207743, 22.098923533489785, 987.62797153807, 0.0012605985876454895
1929, 22.100180251831908, 22.098926029933686, 987.6280969602599, 0.0012542218982218856
1930, 22.100176391215605, 22.098928513749517, 987.6282217480065, 0.001247877466088454
1931, 22.100172550129216, 22.098930985001154, 987.6283459045193, 0.00124156512806195
1932, 22.10016872847394, 22.098933443752152, 987.6284694329914, 0.0012352847217869112
1933, 22.100164926151443, 22.09893589006576, 987.6285923366, 0.0012290360856823668
1934, 22.100161143063957, 22.09893832400488, 987.6287146185059, 0.0012228190590768406
1935, 22.10015737911413, 22.098940745632113, 987.6288362818541, 0.0012166334820165048
