graph_2.csv
round, demand, supply, price, demand-supply
2144, 22.099673575827097, 22.099252018628775, 987.6444747027471, 0.00042155719832237537
2145, 22.099672278283577, 22.099252853469615, 987.6445166452285, 0.0004194248139626211
2146, 22.09967098730359, 22.099253684087547, 987.6445583755501, 0.0004173032160430523
2147, 22.099669702853994, 22.099254510503933, 987.6445998947851, 0.00041519235006148847
2148, 22.0996684249017, 22.099255332740018, 987.6446412040012, 0.00041309216168272656
2149, 22.09966715341387, 22.099256150816963, 987.6446823042609, 0.00041100259690551866
2150, 22.09966588835779, 22.099256964755796, 987.644723196621, 0.0004089236019950704
2151, 22.099664629700932, 22.099257774577456, 987.6447638821334, 0.00040685512347593544
2152, 22.09966337741092, 22.09925858030276, 987.6448043618442, 0.00040479710816043735
2153, 22.099662131455545, 22.099259381952436, 987.6448446367945, 0.00040274950310958957
2154, 22.099660891802756, 22.099260179547095, 987.6448847080201, 0.00040071225566151725
2155, 22.0996596584207, 22.09926097310725, 987.6449245765514, 0.00039868531344922076
2156, 22.099658431277625, 22.09926176265332, 987.6449642434138, 0.00039666862430465244
2157, 22.09965721034198, 22.099262548205594, 987.6450037096274, 0.0003946621363866143
2158, 22.099655995582367, 22.09926332978428, 987.6450429762073, 0.0003926657980883874
2159, 22.099654786967534, 22.099264107409486, 987.645082044163, 0.00039067955804839016
2160, 22.099653584466424, 22.099264881101192, 987.6451209144996, 0.00038870336523189053
2161, 22.09965238804807, 22.099265650879314, 987.6451595882164, 0.0003867371687569232
2162, 22.09965119768175, 22.09926641676364, 987.6451980663082, 0.0003847809181110051
2163, 22.099650013336806, 22.099267178773864, 987.6452363497646, 0.0003828345629415253
2164, 22.0996488349828, 22.099267936929582, 987.6452744395699, 0.0003808980532191697
2165, 22.09964766258942, 22.0992686912503, 987.6453123367038, 0.0003789713391206817
2166, 22.099646496126518, 22.09926944175541, 987.6453500421409, 0.0003770543711070218
2167, 22.099645335564098, 22.099270188464217, 987.6453875568509, 0.0003751470998807349
2168, 22.099644180872303, 22.099270931395914, 987.6454248817985, 0.00037324947638950334
2169, 22.099643032021447, 22.09927167056962, 987.6454620179437, 0.00037136145182614655
2170, 22.099641888981957, 22.099272406004335, 987.6454989662415, 0.00036948297762151583
2171, 22.099640751724465, 22.09927313771898, 987.645535727642, 0.00036761400548357415
2172, 22.099639620219705, 22.099273865732364, 987.6455723030907, 0.0003657544873405527
2173, 22.099638494438594, 22.09927459006322, 987.6456086935283, 0.0003639043753729254
2174, 22.09963737435214, 22.099275310730167, 987.6456448998905, 0.00036206362197432895
2175, 22.099636259931586, 22.09927602775174, 987.6456809231084, 0.0003602321798474861
2176, 22.099635151148256, 22.09927674114638, 987.6457167641087, 0.0003584100018763081
2177, 22.099634047973623, 22.099277450932433, 987.6457524238128, 0.00035659704118984337
2178, 22.099632950379302, 22.099278157128154, 987.645787903138, 0.0003547932511480667
2179, 22.09963185833709, 22.0992788597517, 987.6458232029964, 0.0003529985853916173
2180, 22.099630771818894, 22.099279558821145, 987.6458583242962, 0.00035121299774942827
2181, 22.099629690796768, 22.09928025435446, 987.6458932679404, 0.00034943644230622795
2182, 22.0996286152429, 22.099280946369543, 987.6459280348278, 0.0003476688733563549
2183, 22.09962754512965, 22.09928163488418, 987.6459626258523, 0.00034591024547125926
2184, 22.099626480429492, 22.099282319916085, 987.6459970419037, 0.0003441605134071324
2185, 22.09962542111502, 22.099283001482878, 987.6460312838669, 0.0003424196321439865
2186, 22.099624367159016, 22.099283679602067, 987.6460653526226, 0.00034068755694960373
2187, 22.09962331853437, 22.09928435429111, 987.6460992490469, 0.00033896424325874364
2188, 22.099622275214102, 22.09928502556736, 987.6461329740115, 0.00033724964674064495
2189, 22.09962123717139, 22.099285693448067, 987.6461665283838, 0.0003355437233238945
2190, 22.099620204379534, 22.099286357950415, 987.6461999130267, 0.00033384642911826745
2191, 22.09961917681197, 22.09928701909149, 987.6462331287988, 0.0003321577204786763
2192, 22.099618154442275, 22.099287676888295, 987.6462661765543, 0.00033047755398030176
2193, 22.099617137244138, 22.09928833135775, 987.6462990571429, 0.00032880588638661834
2194, 22.099616125191424, 22.09928898251668, 987.6463317714104, 0.00032714267474531766
2195, 22.099615118258093, 22.099289630381836, 987.646364320198, 0.00032548787625685804
2196, 22.099614116418238, 22.099290274969878, 987.6463967043428, 0.0003238414483597296
2197, 22.099613119646115, 22.099290916297374, 987.6464289246777, 0.00032220334874111245
2198, 22.09961212791609, 22.099291554380834, 987.6464609820313, 0.0003205735352551642
2199, 22.09961114120263, 22.099292189236657, 987.6464928772278, 0.000318951965972758
2200, 22.099610159480385, 22.099292820881168, 987.6465246110878, 0.0003173385992170097
2201, 22.09960918272408, 22.099293449330613, 987.6465561844271, 0.0003157333934673545
2202, 22.09960821090862, 22.099294074601154, 987.6465875980579, 0.00031413630746612853
2203, 22.099607244009, 22.099294696708874, 987.6466188527879, 0.000312547300126198
2204, 22.099606282000366, 22.09929531566977, 987.646649949421, 0.0003109663305949084
2205, 22.099605324857947, 22.099295931499757, 987.6466808887568, 0.00030939335819013536
2206, 22.09960437255716, 22.099296544214678, 987.6467116715911, 0.0003078283424819972
2207, 22.099603425073497, 22.099297153830282, 987.6467422987155, 0.00030627124321469523
2208, 22.099602482382593, 22.09929776036225, 987.6467727709176, 0.0003047220203420409
2209, 22.099601544460207, 22.099298363826186, 987.646803088981, 0.0003031806340203502
2210, 22.0996006112822, 22.0992989642376, 987.6468332536854, 0.0003016470445977859
2211, 22.099599682824604, 22.099299561611943, 987.6468632658066, 0.00030012121266054237
2212, 22.099598759063532, 22.09930015596457, 987.6468931261165, 0.0002986030989617916
2213, 22.099597839975196, 22.09930074731076, 987.646922835383, 0.000297092664435894
2214, 22.09959692553599, 22.099301335665732, 987.64695239437, 0.00029558987025879446
2215, 22.09959601572239, 22.099301921044617, 987.6469818038378, 0.00029409467777341547
2216, 22.09959511051099, 22.09930250346246, 987.6470110645427, 0.00029260704852873687
2217, 22.099594209878518, 22.09930308293425, 987.647040177237, 0.00029112694426913777
2218, 22.099593313801805, 22.099303659474874, 987.6470691426697, 0.0002896543269308438
2219, 22.099592422257814, 22.099304233099176, 987.6470979615856, 0.00028818915863837447
2220, 22.099591535223603, 22.099304803821894, 987.6471266347257, 0.00028673140170809575
2221, 22.09959065267637, 22.099305371657714, 987.6471551628276, 0.0002852810186553256
2222, 22.09958977459341, 22.09930593662124, 987.6471835466249, 0.00028383797217301776
2223, 22.099588900952156, 22.09930649872699, 987.6472117868474, 0.00028240222516728863
2224, 22.09958803173013, 22.099307057989428, 987.6472398842214, 0.0002809737407005741
2225, 22.099587166904968, 22.099307614422937, 987.6472678394697, 0.00027955248203070937
2226, 22.099586306454427, 22.099308168041823, 987.647295653311, 0.0002781384126038233
2227, 22.0995854503564, 22.09930871886033, 987.6473233264605, 0.00027673149607210235
2228, 22.099584598588855, 22.09930926689261, 987.6473508596301, 0.0002753316962440522
2229, 22.099583751129884, 22.099309812152775, 987.6473782535279, 0.000273938977109367
2230, 22.099582907957704, 22.099310354654833, 987.6474055088582, 0.00027255330287090374
2231, 22.09958206905062, 22.09931089441274, 987.647432626322, 0.00027117463788073337
2232, 22.09958123438706, 22.099311431440377, 987.6474596066167, 0.0002698029466827734
2233, 22.099580403945552, 22.099311965751554, 987.6474864504362, 0.00026843819399857693
2234, 22.099579577704752, 22.09931249736001, 987.6475131584707, 0.00026708034474154374
2235, 22.099578755643392, 22.099313026279425, 987.647539731407, 0.00026572936396718205
2236, 22.099577937740357, 22.09931355252339, 987.6475661699287, 0.00026438521696547923
2237, 22.09957712397459, 22.099314076105443, 987.6475924747157, 0.0002630478691472149
2238, 22.09957631432517, 22.099314597039047, 987.6476186464442, 0.00026171728612212064
2239, 22.099575508771274, 22.099315115337603, 987.6476446857876, 0.0002603934336704583
2240, 22.09957470729219, 22.099315631014445, 987.6476705934153, 0.0002590762777465727
2241, 22.09957390986729, 22.099316144082817, 987.6476963699938, 0.0002577657844717862
2242, 22.099573116476094, 22.09931665455593, 987.6477220161859, 0.00025646192016282043
2243, 22.09957232709816, 22.099317162446905, 987.647747532651, 0.0002551646512536365
2244, 22.09957154171321, 22.099317667768805, 987.6477729200454, 0.0002538739444055693
2245, 22.099570760301063, 22.099318170534623, 987.6477981790221, 0.0002525897664398258
2246, 22.099569982841587, 22.099318670757288, 987.6478233102305, 0.0002513120842984051
2247, 22.099569209314808, 22.09931916844967, 987.647848314317, 0.0002500408651364694
2248, 22.099568439700818, 22.09931966362456, 987.6478731919246, 0.0002487760762583946
2249, 22.099567673979834, 22.0993201562947, 987.6478979436931, 0.0002475176851355343
2250, 22.099566912132175, 22.09932064647275, 987.6479225702591, 0.00024626565942398315
2251, 22.099566154138216, 22.09932113417133, 987.6479470722558, 0.00024501996688641725
2252, 22.099565399978502, 22.09932161940297, 987.6479714503133, 0.0002437805755306499
2253, 22.099564649633606, 22.099322102180153, 987.6479957050586, 0.0002425474534533123
2254, 22.099563903084253, 22.099322582515292, 987.6480198371155, 0.0002413205689606457
2255, 22.099563160311234, 22.099323060420744, 987.6480438471045, 0.00024009989049034175
2256, 22.099562421295445, 22.0993235359088, 987.6480677356432, 0.0002388853866470697
2257, 22.09956168601788, 22.099324008991683, 987.6480915033458, 0.0002376770261953709
2258, 22.099560954459626, 22.099324479681563, 987.6481151508236, 0.0002364747780632115
2259, 22.09956022660188, 22.09932494799054, 987.6481386786847, 0.00023527861134198247
2260, 22.099559502425905, 22.099325413930657, 987.6481620875343, 0.00023408849524741981
2261, 22.099558781913103, 22.099325877513905, 987.6481853779742, 0.00023290439919776418
2262, 22.09955806504493, 22.099326338752203, 987.6482085506035, 0.00023172629272849576
2263, 22.099557351802936, 22.099326797657408, 987.648231606018, 0.00023055414552786146
2264, 22.099556642168793, 22.099327254241324, 987.6482545448108, 0.00022938792746884928
2265, 22.09955593612426, 22.09932770851569, 987.6482773675717, 0.0002282276085701085
2266, 22.099555233651166, 22.099328160492195, 987.6483000748876, 0.0002270731589710806
2267, 22.09955453473144, 22.099328610182457, 987.6483226673425, 0.00022592454898173742
2268, 22.099553839347116, 22.099329057598045, 987.6483451455174, 0.00022478174907192283
2269, 22.099553147480314, 22.099329502750464, 987.6483675099904, 0.00022364472985003658
2270, 22.099552459113234, 22.099329945651153, 987.6483897613366, 0.0002225134620807978
2271, 22.099551774228175, 22.099330386311514, 987.6484119001283, 0.00022138791666037605
2272, 22.099551092807523, 22.099330824742875, 987.6484339269348, 0.00022026806464836568
2273, 22.09955041483375, 22.09933126095651, 987.6484558423225, 0.0002191538772393642
2274, 22.099549740289433, 22.099331694963634, 987.6484776468551, 0.00021804532579849933
2275, 22.099549069157206, 22.099332126775415, 987.6484993410933, 0.00021694238179037484
2276, 22.099548401419824, 22.099332556402956, 987.648520925595, 0.00021584501686788826
2277, 22.0995477370601, 22.099332983857305, 987.6485424009153, 0.00021475320279407129
2278, 22.099547076060958, 22.09933340914945, 987.6485637676064, 0.00021366691150603856
2279, 22.099546418405403, 22.099333832290334, 987.6485850262179, 0.00021258611506880243
2280, 22.09954576407651, 22.09933425329084, 987.6486061772965, 0.0002115107856681675
2281, 22.09954511305746, 22.099334672161792, 987.648627221386, 0.00021044089566757407
2282, 22.099544465331505, 22.099335088913953, 987.6486481590279, 0.0002093764175512547
2283, 22.09954382088199, 22.09933550355806, 987.6486689907603, 0.00020831732393133962
2284, 22.099543179692347, 22.099335916104764, 987.648689717119, 0.00020726358758338392
2285, 22.099542541746068, 22.099336326564668, 987.6487103386372, 0.00020621518140018225
2286, 22.09954190702676, 22.099336734948345, 987.6487308558451, 0.00020517207841663776
2287, 22.099541275518106, 22.099337141266286, 987.6487512692703, 0.00020413425182042033
2288, 22.099540647203852, 22.099337545528936, 987.6487715794378, 0.00020310167491643938
2289, 22.099540022067856, 22.099337947746704, 987.64879178687, 0.00020207432115171287
2290, 22.09953940009401, 22.099338347929926, 987.6488118920864, 0.00020105216408339288
2291, 22.099538781266347, 22.099338746088897, 987.6488318956042, 0.0002000351774498199
2292, 22.099538165568937, 22.09933914223385, 987.6488517979377, 0.00019902333508881043
2293, 22.099537552985964, 22.099339536374977, 987.6488715995988, 0.00019801661098739487
2294, 22.099536943501647, 22.09933992852241, 987.6488913010967, 0.00019701497923563238
2295, 22.099536337100332, 22.099340318686245, 987.648910902938, 0.00019601841408700693
2296, 22.09953573376643, 22.099340706876507, 987.6489304056271, 0.00019502688992290018
2297, 22.0995351334844, 22.099341093103174, 987.6489498096652, 0.0001940403812277225
2298, 22.099534536238814, 22.099341477376193, 987.6489691155514, 0.00019305886262088734
2299, 22.099533942014325, 22.09934185970543, 987.6489883237823, 0.00019208230889589117
2300, 22.09953335079564, 22.09934224010073, 987.6490074348518, 0.0001911106949101793
2301, 22.099532762567556, 22.099342618571868, 987.6490264492513, 0.00019014399568817453
2302, 22.099532177314934, 22.099342995128577, 987.64904536747, 0.00018918218635732842
2303, 22.09953159502274, 22.09934336978055, 987.6490641899942, 0.00018822524219075376
2304, 22.099531015675993, 22.09934374253741, 987.6490829173081, 0.00018727313858235561
2305, 22.099530439259794, 22.099344113408755, 987.6491015498932, 0.00018632585103972588
2306, 22.099529865759315, 22.099344482404106, 987.6491200882288, 0.00018538335520901228
2307, 22.09952929515981, 22.09934484953297, 987.6491385327914, 0.00018444562684294397
2308, 22.099528727446618, 22.09934521480478, 987.6491568840556, 0.00018351264183635863
2309, 22.09952816260511, 22.099345578228935, 987.6491751424933, 0.0001825843761764645
2310, 22.099527600620775, 22.099345939814768, 987.6491933085739, 0.00018166080600678924
2311, 22.09952704147917, 22.09934629957159, 987.6492113827646, 0.00018074190758099462
2312, 22.099526485165903, 22.099346657508647, 987.6492293655303, 0.0001798276572557711
2313, 22.09952593166667, 22.099347013635146, 987.6492472573335, 0.00017891803152281227
2314, 22.099525380967236, 22.09934736796024, 987.6492650586342, 0.00017801300699460398
2315, 22.09952483305343, 22.099347720493057, 987.6492827698903, 0.00017711256037244993
2316, 22.099524287911173, 22.099348071242645, 987.6493003915572, 0.00017621666852818407
2317, 22.099523745526454, 22.09934842021804, 987.649317924088, 0.00017532530841535277
2318, 22.099523205885305, 22.0993487674282, 987.6493353679338, 0.00017443845710474193
2319, 22.099522668973847, 22.099349112882066, 987.649352723543, 0.00017355609178082432
2320, 22.099522134778297, 22.09934945658852, 987.6493699913619, 0.00017267818977728666
2321, 22.099521603284884, 22.099349798556393, 987.6493871718347, 0.00017180472849176454
2322, 22.099521074479966, 22.09935013879449, 987.6494042654033, 0.0001709356854746602
2323, 22.09952054834993, 22.099350477311553, 987.6494212725071, 0.0001700710383758519
2324, 22.099520024881244, 22.099350814116292, 987.6494381935836, 0.00016921076495179932
2325, 22.09951950406046, 22.09935114921737, 987.6494550290679, 0.0001683548430904125
2326, 22.099518985874163, 22.099351482623398, 987.649471779393, 0.0001675032507648666
2327, 22.099518470309036, 22.099351814342953, 987.6494884449896, 0.00016665596608334
2328, 22.09951795735183, 22.099352144384568, 987.6495050262863, 0.00016581296726059236
2329, 22.099517446989346, 22.099352472756728, 987.6495215237096, 0.00016497423261796484
2330, 22.099516939208456, 22.099352799467887, 987.6495379376837, 0.00016413974056916913
2331, 22.0995164339961, 22.099353124526427, 987.6495542686307, 0.00016330946967357818
2332, 22.099515931339283, 22.09935344794073, 987.6495705169706, 0.00016248339855451377
2333, 22.099515431225093, 22.099353769719098, 987.6495866831211, 0.00016166150599516982
2334, 22.09951493364065, 22.09935408986981, 987.6496027674982, 0.00016084377083913637
2335, 22.099514438573166, 22.099354408401094, 987.6496187705154, 0.000160030172072112
2336, 22.099513946009914, 22.099354725321156, 987.6496346925843, 0.00015922068875795503
2337, 22.099513455938215, 22.099355040638137, 987.6496505341144, 0.00015841530007776328
2338, 22.09951296834548, 22.099355354360142, 987.6496662955129, 0.00015761398533697957
2339, 22.099512483219158, 22.099355666495246, 987.6496819771853, 0.000156816723912101
2340, 22.09951200054678, 22.099355977051477, 987.6496975795349, 0.00015602349530396964
2341, 22.099511520315914, 22.09935628603681, 987.6497131029628, 0.00015523427910579812
2342, 22.099511042514237, 22.0993565934592, 987.6497285478683, 0.00015444905503869677
2343, 22.099510567129457, 22.099356899326562, 987.6497439146486, 0.00015366780289483017
2344, 22.099510094149323, 22.09935720364674, 987.6497592036989, 0.00015289050258360248
2345, 22.0995096235617, 22.099357506427573, 987.6497744154123, 0.00015211713412810468
2346, 22.099509155354482, 22.099357807676853, 987.64978955018, 0.00015134767762958745
2347, 22.099508689515602, 22.099358107402313, 987.6498046083914, 0.00015058211328877746
2348, 22.099508226033116, 22.099358405611675, 987.6498195904335, 0.0001498204214414045
2349, 22.099507764895073, 22.099358702312596, 987.6498344966917, 0.00014906258247648907
2350, 22.099507306089635, 22.099358997512716, 987.6498493275494, 0.00014830857691805477
